Archive member included to satisfy reference by file (symbol)

c:/st/stm32cubeide_1.4.0/stm32cubeide/plugins/com.st.stm32cube.ide.mcu.externaltools.gnu-tools-for-stm32.9-2020-q2-update.win32_1.5.0.202011040924/tools/bin/../lib/gcc/arm-none-eabi/9.3.1/../../../../arm-none-eabi/lib/thumb/v7e-m+fp/hard\libc_nano.a(lib_a-errno.o)
                              Src/syscalls.o (__errno)
c:/st/stm32cubeide_1.4.0/stm32cubeide/plugins/com.st.stm32cube.ide.mcu.externaltools.gnu-tools-for-stm32.9-2020-q2-update.win32_1.5.0.202011040924/tools/bin/../lib/gcc/arm-none-eabi/9.3.1/../../../../arm-none-eabi/lib/thumb/v7e-m+fp/hard\libc_nano.a(lib_a-exit.o)
                              c:/st/stm32cubeide_1.4.0/stm32cubeide/plugins/com.st.stm32cube.ide.mcu.externaltools.gnu-tools-for-stm32.9-2020-q2-update.win32_1.5.0.202011040924/tools/bin/../lib/gcc/arm-none-eabi/9.3.1/../../../../arm-none-eabi/lib/thumb/v7e-m+fp/hard/crt0.o (exit)
c:/st/stm32cubeide_1.4.0/stm32cubeide/plugins/com.st.stm32cube.ide.mcu.externaltools.gnu-tools-for-stm32.9-2020-q2-update.win32_1.5.0.202011040924/tools/bin/../lib/gcc/arm-none-eabi/9.3.1/../../../../arm-none-eabi/lib/thumb/v7e-m+fp/hard\libc_nano.a(lib_a-impure.o)
                              c:/st/stm32cubeide_1.4.0/stm32cubeide/plugins/com.st.stm32cube.ide.mcu.externaltools.gnu-tools-for-stm32.9-2020-q2-update.win32_1.5.0.202011040924/tools/bin/../lib/gcc/arm-none-eabi/9.3.1/../../../../arm-none-eabi/lib/thumb/v7e-m+fp/hard\libc_nano.a(lib_a-exit.o) (_global_impure_ptr)
c:/st/stm32cubeide_1.4.0/stm32cubeide/plugins/com.st.stm32cube.ide.mcu.externaltools.gnu-tools-for-stm32.9-2020-q2-update.win32_1.5.0.202011040924/tools/bin/../lib/gcc/arm-none-eabi/9.3.1/../../../../arm-none-eabi/lib/thumb/v7e-m+fp/hard\libc_nano.a(lib_a-init.o)
                              c:/st/stm32cubeide_1.4.0/stm32cubeide/plugins/com.st.stm32cube.ide.mcu.externaltools.gnu-tools-for-stm32.9-2020-q2-update.win32_1.5.0.202011040924/tools/bin/../lib/gcc/arm-none-eabi/9.3.1/../../../../arm-none-eabi/lib/thumb/v7e-m+fp/hard/crt0.o (__libc_init_array)
c:/st/stm32cubeide_1.4.0/stm32cubeide/plugins/com.st.stm32cube.ide.mcu.externaltools.gnu-tools-for-stm32.9-2020-q2-update.win32_1.5.0.202011040924/tools/bin/../lib/gcc/arm-none-eabi/9.3.1/../../../../arm-none-eabi/lib/thumb/v7e-m+fp/hard\libc_nano.a(lib_a-memset.o)
                              c:/st/stm32cubeide_1.4.0/stm32cubeide/plugins/com.st.stm32cube.ide.mcu.externaltools.gnu-tools-for-stm32.9-2020-q2-update.win32_1.5.0.202011040924/tools/bin/../lib/gcc/arm-none-eabi/9.3.1/../../../../arm-none-eabi/lib/thumb/v7e-m+fp/hard/crt0.o (memset)
c:/st/stm32cubeide_1.4.0/stm32cubeide/plugins/com.st.stm32cube.ide.mcu.externaltools.gnu-tools-for-stm32.9-2020-q2-update.win32_1.5.0.202011040924/tools/bin/../lib/gcc/arm-none-eabi/9.3.1/../../../../arm-none-eabi/lib/thumb/v7e-m+fp/hard\libc_nano.a(lib_a-printf.o)
                              Src/loopback.o (printf)
c:/st/stm32cubeide_1.4.0/stm32cubeide/plugins/com.st.stm32cube.ide.mcu.externaltools.gnu-tools-for-stm32.9-2020-q2-update.win32_1.5.0.202011040924/tools/bin/../lib/gcc/arm-none-eabi/9.3.1/../../../../arm-none-eabi/lib/thumb/v7e-m+fp/hard\libc_nano.a(lib_a-puts.o)
                              Src/main.o (puts)
c:/st/stm32cubeide_1.4.0/stm32cubeide/plugins/com.st.stm32cube.ide.mcu.externaltools.gnu-tools-for-stm32.9-2020-q2-update.win32_1.5.0.202011040924/tools/bin/../lib/gcc/arm-none-eabi/9.3.1/../../../../arm-none-eabi/lib/thumb/v7e-m+fp/hard\libc_nano.a(lib_a-wbuf.o)
                              c:/st/stm32cubeide_1.4.0/stm32cubeide/plugins/com.st.stm32cube.ide.mcu.externaltools.gnu-tools-for-stm32.9-2020-q2-update.win32_1.5.0.202011040924/tools/bin/../lib/gcc/arm-none-eabi/9.3.1/../../../../arm-none-eabi/lib/thumb/v7e-m+fp/hard\libc_nano.a(lib_a-puts.o) (__swbuf_r)
c:/st/stm32cubeide_1.4.0/stm32cubeide/plugins/com.st.stm32cube.ide.mcu.externaltools.gnu-tools-for-stm32.9-2020-q2-update.win32_1.5.0.202011040924/tools/bin/../lib/gcc/arm-none-eabi/9.3.1/../../../../arm-none-eabi/lib/thumb/v7e-m+fp/hard\libc_nano.a(lib_a-wsetup.o)
                              c:/st/stm32cubeide_1.4.0/stm32cubeide/plugins/com.st.stm32cube.ide.mcu.externaltools.gnu-tools-for-stm32.9-2020-q2-update.win32_1.5.0.202011040924/tools/bin/../lib/gcc/arm-none-eabi/9.3.1/../../../../arm-none-eabi/lib/thumb/v7e-m+fp/hard\libc_nano.a(lib_a-puts.o) (__swsetup_r)
c:/st/stm32cubeide_1.4.0/stm32cubeide/plugins/com.st.stm32cube.ide.mcu.externaltools.gnu-tools-for-stm32.9-2020-q2-update.win32_1.5.0.202011040924/tools/bin/../lib/gcc/arm-none-eabi/9.3.1/../../../../arm-none-eabi/lib/thumb/v7e-m+fp/hard\libc_nano.a(lib_a-fflush.o)
                              c:/st/stm32cubeide_1.4.0/stm32cubeide/plugins/com.st.stm32cube.ide.mcu.externaltools.gnu-tools-for-stm32.9-2020-q2-update.win32_1.5.0.202011040924/tools/bin/../lib/gcc/arm-none-eabi/9.3.1/../../../../arm-none-eabi/lib/thumb/v7e-m+fp/hard\libc_nano.a(lib_a-wbuf.o) (_fflush_r)
[...]
Memory Configuration

Name             Origin             Length             Attributes
CCMRAM           0x0000000010000000 0x0000000000010000 xrw
RAM              0x0000000020000000 0x0000000000020000 xrw
FLASH            0x0000000008000000 0x0000000000100000 xr
*default*        0x0000000000000000 0xffffffffffffffff

Linker script and memory map

LOAD c:/st/stm32cubeide_1.4.0/stm32cubeide/plugins/com.st.stm32cube.ide.mcu.externaltools.gnu-tools-for-stm32.9-2020-q2-update.win32_1.5.0.202011040924/tools/bin/../lib/gcc/arm-none-eabi/9.3.1/thumb/v7e-m+fp/hard/crti.o
LOAD c:/st/stm32cubeide_1.4.0/stm32cubeide/plugins/com.st.stm32cube.ide.mcu.externaltools.gnu-tools-for-stm32.9-2020-q2-update.win32_1.5.0.202011040924/tools/bin/../lib/gcc/arm-none-eabi/9.3.1/thumb/v7e-m+fp/hard/crtbegin.o
LOAD c:/st/stm32cubeide_1.4.0/stm32cubeide/plugins/com.st.stm32cube.ide.mcu.externaltools.gnu-tools-for-stm32.9-2020-q2-update.win32_1.5.0.202011040924/tools/bin/../lib/gcc/arm-none-eabi/9.3.1/../../../../arm-none-eabi/lib/thumb/v7e-m+fp/hard/crt0.o
LOAD Drivers/STM32F4xx_HAL_Driver/Src/stm32f4xx_hal.o
LOAD Drivers/STM32F4xx_HAL_Driver/Src/stm32f4xx_hal_cortex.o
LOAD Drivers/STM32F4xx_HAL_Driver/Src/stm32f4xx_hal_dma.o
LOAD Drivers/STM32F4xx_HAL_Driver/Src/stm32f4xx_hal_dma_ex.o
LOAD Drivers/STM32F4xx_HAL_Driver/Src/stm32f4xx_hal_exti.o
LOAD Drivers/STM32F4xx_HAL_Driver/Src/stm32f4xx_hal_flash.o
LOAD Drivers/STM32F4xx_HAL_Driver/Src/stm32f4xx_hal_flash_ex.o
LOAD Drivers/STM32F4xx_HAL_Driver/Src/stm32f4xx_hal_flash_ramfunc.o
LOAD Drivers/STM32F4xx_HAL_Driver/Src/stm32f4xx_hal_gpio.o
LOAD Drivers/STM32F4xx_HAL_Driver/Src/stm32f4xx_hal_pwr.o
LOAD Drivers/STM32F4xx_HAL_Driver/Src/stm32f4xx_hal_pwr_ex.o
LOAD Drivers/STM32F4xx_HAL_Driver/Src/stm32f4xx_hal_rcc.o
LOAD Drivers/STM32F4xx_HAL_Driver/Src/stm32f4xx_hal_rcc_ex.o
LOAD Drivers/STM32F4xx_HAL_Driver/Src/stm32f4xx_hal_sram.o
LOAD Drivers/STM32F4xx_HAL_Driver/Src/stm32f4xx_hal_tim.o
LOAD Drivers/STM32F4xx_HAL_Driver/Src/stm32f4xx_hal_tim_ex.o
LOAD Drivers/STM32F4xx_HAL_Driver/Src/stm32f4xx_hal_uart.o
LOAD Drivers/STM32F4xx_HAL_Driver/Src/stm32f4xx_ll_fsmc.o
LOAD Src/ioLibrary_Driver-master/Ethernet/W5300/w5300.o
LOAD Src/ioLibrary_Driver-master/Ethernet/socket.o
LOAD Src/ioLibrary_Driver-master/Ethernet/wizchip_conf.o
LOAD Src/loopback.o
LOAD Src/main.o
LOAD Src/stm32f4xx_hal_msp.o
LOAD Src/stm32f4xx_it.o
LOAD Src/syscalls.o
LOAD Src/sysmem.o
LOAD Src/system_stm32f4xx.o
LOAD Startup/startup_stm32f417zgtx.o
START GROUP
LOAD c:/st/stm32cubeide_1.4.0/stm32cubeide/plugins/com.st.stm32cube.ide.mcu.externaltools.gnu-tools-for-stm32.9-2020-q2-update.win32_1.5.0.202011040924/tools/bin/../lib/gcc/arm-none-eabi/9.3.1/../../../../arm-none-eabi/lib/thumb/v7e-m+fp/hard\libc_nano.a
LOAD c:/st/stm32cubeide_1.4.0/stm32cubeide/plugins/com.st.stm32cube.ide.mcu.externaltools.gnu-tools-for-stm32.9-2020-q2-update.win32_1.5.0.202011040924/tools/bin/../lib/gcc/arm-none-eabi/9.3.1/../../../../arm-none-eabi/lib/thumb/v7e-m+fp/hard\libm.a
END GROUP
START GROUP
LOAD c:/st/stm32cubeide_1.4.0/stm32cubeide/plugins/com.st.stm32cube.ide.mcu.externaltools.gnu-tools-for-stm32.9-2020-q2-update.win32_1.5.0.202011040924/tools/bin/../lib/gcc/arm-none-eabi/9.3.1/thumb/v7e-m+fp/hard\libgcc.a
LOAD c:/st/stm32cubeide_1.4.0/stm32cubeide/plugins/com.st.stm32cube.ide.mcu.externaltools.gnu-tools-for-stm32.9-2020-q2-update.win32_1.5.0.202011040924/tools/bin/../lib/gcc/arm-none-eabi/9.3.1/../../../../arm-none-eabi/lib/thumb/v7e-m+fp/hard\libc_nano.a
END GROUP
START GROUP
LOAD c:/st/stm32cubeide_1.4.0/stm32cubeide/plugins/com.st.stm32cube.ide.mcu.externaltools.gnu-tools-for-stm32.9-2020-q2-update.win32_1.5.0.202011040924/tools/bin/../lib/gcc/arm-none-eabi/9.3.1/thumb/v7e-m+fp/hard\libgcc.a
LOAD c:/st/stm32cubeide_1.4.0/stm32cubeide/plugins/com.st.stm32cube.ide.mcu.externaltools.gnu-tools-for-stm32.9-2020-q2-update.win32_1.5.0.202011040924/tools/bin/../lib/gcc/arm-none-eabi/9.3.1/../../../../arm-none-eabi/lib/thumb/v7e-m+fp/hard\libc_nano.a
LOAD c:/st/stm32cubeide_1.4.0/stm32cubeide/plugins/com.st.stm32cube.ide.mcu.externaltools.gnu-tools-for-stm32.9-2020-q2-update.win32_1.5.0.202011040924/tools/bin/../lib/gcc/arm-none-eabi/9.3.1/../../../../arm-none-eabi/lib/thumb/v7e-m+fp/hard\libnosys.a
END GROUP
START GROUP
LOAD c:/st/stm32cubeide_1.4.0/stm32cubeide/plugins/com.st.stm32cube.ide.mcu.externaltools.gnu-tools-for-stm32.9-2020-q2-update.win32_1.5.0.202011040924/tools/bin/../lib/gcc/arm-none-eabi/9.3.1/thumb/v7e-m+fp/hard\libgcc.a
LOAD c:/st/stm32cubeide_1.4.0/stm32cubeide/plugins/com.st.stm32cube.ide.mcu.externaltools.gnu-tools-for-stm32.9-2020-q2-update.win32_1.5.0.202011040924/tools/bin/../lib/gcc/arm-none-eabi/9.3.1/../../../../arm-none-eabi/lib/thumb/v7e-m+fp/hard\libc_nano.a
LOAD c:/st/stm32cubeide_1.4.0/stm32cubeide/plugins/com.st.stm32cube.ide.mcu.externaltools.gnu-tools-for-stm32.9-2020-q2-update.win32_1.5.0.202011040924/tools/bin/../lib/gcc/arm-none-eabi/9.3.1/../../../../arm-none-eabi/lib/thumb/v7e-m+fp/hard\libnosys.a
END GROUP
LOAD c:/st/stm32cubeide_1.4.0/stm32cubeide/plugins/com.st.stm32cube.ide.mcu.externaltools.gnu-tools-for-stm32.9-2020-q2-update.win32_1.5.0.202011040924/tools/bin/../lib/gcc/arm-none-eabi/9.3.1/thumb/v7e-m+fp/hard/crtend.o
LOAD c:/st/stm32cubeide_1.4.0/stm32cubeide/plugins/com.st.stm32cube.ide.mcu.externaltools.gnu-tools-for-stm32.9-2020-q2-update.win32_1.5.0.202011040924/tools/bin/../lib/gcc/arm-none-eabi/9.3.1/thumb/v7e-m+fp/hard/crtn.o
                0x0000000020020000                _estack = (ORIGIN (RAM) + LENGTH (RAM))
                0x0000000000000200                _Min_Heap_Size = 0x200
                0x0000000000000400                _Min_Stack_Size = 0x400

.isr_vector     0x0000000008000000      0x188
                0x0000000008000000                . = ALIGN (0x4)
 *(.isr_vector)
 .isr_vector    0x0000000008000000      0x188 Startup/startup_stm32f417zgtx.o
                0x0000000008000000                g_pfnVectors
                0x0000000008000188                . = ALIGN (0x4)

.text           0x0000000008000190     0x3750
                0x0000000008000190                . = ALIGN (0x4)
 *(.text)
 .text          0x0000000008000190       0x40 c:/st/stm32cubeide_1.4.0/stm32cubeide/plugins/com.st.stm32cube.ide.mcu.externaltools.gnu-tools-for-stm32.9-2020-q2-update.win32_1.5.0.202011040924/tools/bin/../lib/gcc/arm-none-eabi/9.3.1/thumb/v7e-m+fp/hard/crtbegin.o
 .text          0x00000000080001d0       0xa0 c:/st/stm32cubeide_1.4.0/stm32cubeide/plugins/com.st.stm32cube.ide.mcu.externaltools.gnu-tools-for-stm32.9-2020-q2-update.win32_1.5.0.202011040924/tools/bin/../lib/gcc/arm-none-eabi/9.3.1/../../../../arm-none-eabi/lib/thumb/v7e-m+fp/hard\libc_nano.a(lib_a-memchr.o)
                0x00000000080001d0                memchr
 .text          0x0000000008000270       0x30 c:/st/stm32cubeide_1.4.0/stm32cubeide/plugins/com.st.stm32cube.ide.mcu.externaltools.gnu-tools-for-stm32.9-2020-q2-update.win32_1.5.0.202011040924/tools/bin/../lib/gcc/arm-none-eabi/9.3.1/thumb/v7e-m+fp/hard\libgcc.a(_aeabi_uldivmod.o)
                0x0000000008000270                __aeabi_uldivmod
 .text          0x00000000080002a0      0x2c4 c:/st/stm32cubeide_1.4.0/stm32cubeide/plugins/com.st.stm32cube.ide.mcu.externaltools.gnu-tools-for-stm32.9-2020-q2-update.win32_1.5.0.202011040924/tools/bin/../lib/gcc/arm-none-eabi/9.3.1/thumb/v7e-m+fp/hard\libgcc.a(_udivmoddi4.o)
                0x00000000080002a0                __udivmoddi4
 .text          0x0000000008000564        0x4 c:/st/stm32cubeide_1.4.0/stm32cubeide/plugins/com.st.stm32cube.ide.mcu.externaltools.gnu-tools-for-stm32.9-2020-q2-update.win32_1.5.0.202011040924/tools/bin/../lib/gcc/arm-none-eabi/9.3.1/thumb/v7e-m+fp/hard\libgcc.a(_dvmd_tls.o)
                0x0000000008000564                __aeabi_idiv0
                0x0000000008000564                __aeabi_ldiv0
 *(.text*)
 .text.HAL_InitTick
                0x0000000008000568       0x48 Drivers/STM32F4xx_HAL_Driver/Src/stm32f4xx_hal.o
                0x0000000008000568                HAL_InitTick
 .text.HAL_Init
                0x00000000080005b0       0x34 Drivers/STM32F4xx_HAL_Driver/Src/stm32f4xx_hal.o
                0x00000000080005b0                HAL_Init
 .text.HAL_IncTick
                0x00000000080005e4       0x18 Drivers/STM32F4xx_HAL_Driver/Src/stm32f4xx_hal.o
                0x00000000080005e4                HAL_IncTick
 .text.HAL_GetTick
                0x00000000080005fc        0xc Drivers/STM32F4xx_HAL_Driver/Src/stm32f4xx_hal.o
                0x00000000080005fc                HAL_GetTick
 .text.HAL_Delay
                0x0000000008000608       0x24 Drivers/STM32F4xx_HAL_Driver/Src/stm32f4xx_hal.o
                0x0000000008000608                HAL_Delay
 .text.HAL_NVIC_SetPriorityGrouping
                0x000000000800062c       0x28 Drivers/STM32F4xx_HAL_Driver/Src/stm32f4xx_hal_cortex.o
                0x000000000800062c                HAL_NVIC_SetPriorityGrouping
 .text.HAL_NVIC_SetPriority
                0x0000000008000654       0x70 Drivers/STM32F4xx_HAL_Driver/Src/stm32f4xx_hal_cortex.o
                0x0000000008000654                HAL_NVIC_SetPriority
 .text.HAL_SYSTICK_Config
                0x00000000080006c4       0x34 Drivers/STM32F4xx_HAL_Driver/Src/stm32f4xx_hal_cortex.o
                0x00000000080006c4                HAL_SYSTICK_Config
 .text.HAL_GPIO_Init
                0x00000000080006f8      0x220 Drivers/STM32F4xx_HAL_Driver/Src/stm32f4xx_hal_gpio.o
                0x00000000080006f8                HAL_GPIO_Init
 .text.HAL_GPIO_WritePin
                0x0000000008000918        0x8 Drivers/STM32F4xx_HAL_Driver/Src/stm32f4xx_hal_gpio.o
                0x0000000008000918                HAL_GPIO_WritePin
 .text.HAL_RCC_OscConfig
                0x0000000008000920      0x3cc Drivers/STM32F4xx_HAL_Driver/Src/stm32f4xx_hal_rcc.o
                0x0000000008000920                HAL_RCC_OscConfig
 .text.HAL_RCC_GetSysClockFreq
                0x0000000008000cec       0x6c Drivers/STM32F4xx_HAL_Driver/Src/stm32f4xx_hal_rcc.o
                0x0000000008000cec                HAL_RCC_GetSysClockFreq
 .text.HAL_RCC_ClockConfig
                0x0000000008000d58      0x13c Drivers/STM32F4xx_HAL_Driver/Src/stm32f4xx_hal_rcc.o
                0x0000000008000d58                HAL_RCC_ClockConfig
 .text.HAL_RCC_GetPCLK1Freq
                0x0000000008000e94       0x20 Drivers/STM32F4xx_HAL_Driver/Src/stm32f4xx_hal_rcc.o
                0x0000000008000e94                HAL_RCC_GetPCLK1Freq
 .text.HAL_RCC_GetPCLK2Freq
                0x0000000008000eb4       0x20 Drivers/STM32F4xx_HAL_Driver/Src/stm32f4xx_hal_rcc.o
                0x0000000008000eb4                HAL_RCC_GetPCLK2Freq
 .text.HAL_SRAM_Init
                0x0000000008000ed4       0x58 Drivers/STM32F4xx_HAL_Driver/Src/stm32f4xx_hal_sram.o
                0x0000000008000ed4                HAL_SRAM_Init
 .text.HAL_UART_Init
                0x0000000008000f2c      0x138 Drivers/STM32F4xx_HAL_Driver/Src/stm32f4xx_hal_uart.o
                0x0000000008000f2c                HAL_UART_Init
 .text.HAL_UART_Transmit
                0x0000000008001064      0x110 Drivers/STM32F4xx_HAL_Driver/Src/stm32f4xx_hal_uart.o
                0x0000000008001064                HAL_UART_Transmit
 .text.FSMC_NORSRAM_Init
                0x0000000008001174       0x58 Drivers/STM32F4xx_HAL_Driver/Src/stm32f4xx_ll_fsmc.o
                0x0000000008001174                FSMC_NORSRAM_Init
 .text.FSMC_NORSRAM_Timing_Init
                0x00000000080011cc       0x40 Drivers/STM32F4xx_HAL_Driver/Src/stm32f4xx_ll_fsmc.o
                0x00000000080011cc                FSMC_NORSRAM_Timing_Init
 .text.FSMC_NORSRAM_Extended_Timing_Init
                0x000000000800120c       0x44 Drivers/STM32F4xx_HAL_Driver/Src/stm32f4xx_ll_fsmc.o
                0x000000000800120c                FSMC_NORSRAM_Extended_Timing_Init
 .text.WIZCHIP_WRITE
                0x0000000008001250        0xc Src/ioLibrary_Driver-master/Ethernet/W5300/w5300.o
                0x0000000008001250                WIZCHIP_WRITE
 .text.WIZCHIP_READ
                0x000000000800125c        0xc Src/ioLibrary_Driver-master/Ethernet/W5300/w5300.o
                0x000000000800125c                WIZCHIP_READ
 .text.getTMSR  0x0000000008001268       0x20 Src/ioLibrary_Driver-master/Ethernet/W5300/w5300.o
                0x0000000008001268                getTMSR
 .text.getRMSR  0x0000000008001288       0x20 Src/ioLibrary_Driver-master/Ethernet/W5300/w5300.o
                0x0000000008001288                getRMSR
 .text.getSn_TX_FSR
                0x00000000080012a8       0x28 Src/ioLibrary_Driver-master/Ethernet/W5300/w5300.o
                0x00000000080012a8                getSn_TX_FSR
 .text.getSn_RX_RSR
                0x00000000080012d0       0x38 Src/ioLibrary_Driver-master/Ethernet/W5300/w5300.o
                0x00000000080012d0                getSn_RX_RSR
 .text.wiz_send_data
                0x0000000008001308       0x28 Src/ioLibrary_Driver-master/Ethernet/W5300/w5300.o
                0x0000000008001308                wiz_send_data
 .text.wiz_recv_data
                0x0000000008001330       0x40 Src/ioLibrary_Driver-master/Ethernet/W5300/w5300.o
                0x0000000008001330                wiz_recv_data
 .text.sendto   0x0000000008001370      0x280 Src/ioLibrary_Driver-master/Ethernet/socket.o
                0x0000000008001370                sendto
 .text.close.part.0
                0x00000000080015f0       0xf8 Src/ioLibrary_Driver-master/Ethernet/socket.o
 .text.close    0x00000000080016e8       0x10 Src/ioLibrary_Driver-master/Ethernet/socket.o
                0x00000000080016e8                close
 .text.socket   0x00000000080016f8      0x150 Src/ioLibrary_Driver-master/Ethernet/socket.o
                0x00000000080016f8                socket
 .text.listen   0x0000000008001848       0x70 Src/ioLibrary_Driver-master/Ethernet/socket.o
                0x0000000008001848                listen
 .text.disconnect
                0x00000000080018b8       0x90 Src/ioLibrary_Driver-master/Ethernet/socket.o
                0x00000000080018b8                disconnect
 .text.send     0x0000000008001948      0x150 Src/ioLibrary_Driver-master/Ethernet/socket.o
                0x0000000008001948                send
 .text.recv     0x0000000008001a98      0x214 Src/ioLibrary_Driver-master/Ethernet/socket.o
                0x0000000008001a98                recv
 .text.wizchip_cris_enter
                0x0000000008001cac        0x4 Src/ioLibrary_Driver-master/Ethernet/wizchip_conf.o
                0x0000000008001cac                wizchip_cris_enter
 .text.wizchip_bus_readdata
                0x0000000008001cb0        0x8 Src/ioLibrary_Driver-master/Ethernet/wizchip_conf.o
                0x0000000008001cb0                wizchip_bus_readdata
 .text.wizchip_bus_writedata
                0x0000000008001cb8        0x4 Src/ioLibrary_Driver-master/Ethernet/wizchip_conf.o
                0x0000000008001cb8                wizchip_bus_writedata
 .text.wizchip_cris_exit
                0x0000000008001cbc        0x4 Src/ioLibrary_Driver-master/Ethernet/wizchip_conf.o
                0x0000000008001cbc                wizchip_cris_exit
 .text.wizchip_cs_select
                0x0000000008001cc0        0x4 Src/ioLibrary_Driver-master/Ethernet/wizchip_conf.o
                0x0000000008001cc0                wizchip_cs_select
 .text.wizchip_cs_deselect
                0x0000000008001cc4        0x4 Src/ioLibrary_Driver-master/Ethernet/wizchip_conf.o
                0x0000000008001cc4                wizchip_cs_deselect
 .text.reg_wizchip_bus_cbfunc
                0x0000000008001cc8       0x2c Src/ioLibrary_Driver-master/Ethernet/wizchip_conf.o
                0x0000000008001cc8                reg_wizchip_bus_cbfunc
 .text.wizchip_sw_reset
                0x0000000008001cf4      0x164 Src/ioLibrary_Driver-master/Ethernet/wizchip_conf.o
                0x0000000008001cf4                wizchip_sw_reset
 .text.ctlwizchip
                0x0000000008001e58      0x154 Src/ioLibrary_Driver-master/Ethernet/wizchip_conf.o
                0x0000000008001e58                ctlwizchip
 .text.wizchip_setnetinfo
                0x0000000008001fac       0xac Src/ioLibrary_Driver-master/Ethernet/wizchip_conf.o
                0x0000000008001fac                wizchip_setnetinfo
 .text.wizchip_getnetinfo
                0x0000000008002058       0xc8 Src/ioLibrary_Driver-master/Ethernet/wizchip_conf.o
                0x0000000008002058                wizchip_getnetinfo
 .text.ctlnetwork
                0x0000000008002120       0x7c Src/ioLibrary_Driver-master/Ethernet/wizchip_conf.o
                0x0000000008002120                ctlnetwork
 .text.loopback_tcps
                0x000000000800219c      0x154 Src/loopback.o
                0x000000000800219c                loopback_tcps
 .text.W5300_write
                0x00000000080022f0        0xc Src/main.o
                0x00000000080022f0                W5300_write
 .text.W5300_read
                0x00000000080022fc        0xc Src/main.o
                0x00000000080022fc                W5300_read
 .text._write   0x0000000008002308       0x2c Src/main.o
                0x0000000008002308                _write
 .text.print_network_information
                0x0000000008002334       0x80 Src/main.o
                0x0000000008002334                print_network_information
 .text._InitW5300
                0x00000000080023b4       0x78 Src/main.o
                0x00000000080023b4                _InitW5300
 .text.SystemClock_Config
                0x000000000800242c       0xa8 Src/main.o
                0x000000000800242c                SystemClock_Config
 .text.startup.main
                0x00000000080024d4      0x19c Src/main.o
                0x00000000080024d4                main
 .text.HAL_MspInit
                0x0000000008002670       0x38 Src/stm32f4xx_hal_msp.o
                0x0000000008002670                HAL_MspInit
 .text.HAL_UART_MspInit
                0x00000000080026a8       0x74 Src/stm32f4xx_hal_msp.o
                0x00000000080026a8                HAL_UART_MspInit
 .text.HAL_SRAM_MspInit
                0x000000000800271c       0xa8 Src/stm32f4xx_hal_msp.o
                0x000000000800271c                HAL_SRAM_MspInit
 .text.NMI_Handler
                0x00000000080027c4        0x4 Src/stm32f4xx_it.o
                0x00000000080027c4                NMI_Handler
 .text.HardFault_Handler
                0x00000000080027c8        0x4 Src/stm32f4xx_it.o
                0x00000000080027c8                HardFault_Handler
 .text.MemManage_Handler
                0x00000000080027cc        0x4 Src/stm32f4xx_it.o
                0x00000000080027cc                MemManage_Handler
 .text.BusFault_Handler
                0x00000000080027d0        0x4 Src/stm32f4xx_it.o
                0x00000000080027d0                BusFault_Handler
 .text.UsageFault_Handler
                0x00000000080027d4        0x4 Src/stm32f4xx_it.o
                0x00000000080027d4                UsageFault_Handler
 .text.SVC_Handler
                0x00000000080027d8        0x4 Src/stm32f4xx_it.o
                0x00000000080027d8                SVC_Handler
 .text.DebugMon_Handler
                0x00000000080027dc        0x4 Src/stm32f4xx_it.o
                0x00000000080027dc                DebugMon_Handler
 .text.PendSV_Handler
                0x00000000080027e0        0x4 Src/stm32f4xx_it.o
                0x00000000080027e0                PendSV_Handler
 .text.SysTick_Handler
                0x00000000080027e4        0x4 Src/stm32f4xx_it.o
                0x00000000080027e4                SysTick_Handler
 .text._read    0x00000000080027e8       0x1c Src/syscalls.o
                0x00000000080027e8                _read
 .text._close   0x0000000008002804        0x8 Src/syscalls.o
                0x0000000008002804                _close
 .text._fstat   0x000000000800280c        0xc Src/syscalls.o
                0x000000000800280c                _fstat
 .text._isatty  0x0000000008002818        0x4 Src/syscalls.o
                0x0000000008002818                _isatty
 .text._lseek   0x000000000800281c        0x4 Src/syscalls.o
                0x000000000800281c                _lseek
 .text._sbrk    0x0000000008002820       0x44 Src/sysmem.o
                0x0000000008002820                _sbrk
 .text.SystemInit
                0x0000000008002864       0x14 Src/system_stm32f4xx.o
                0x0000000008002864                SystemInit
 .text.Reset_Handler
                0x0000000008002878       0x50 Startup/startup_stm32f417zgtx.o
                0x0000000008002878                Reset_Handler
 .text.Default_Handler
                0x00000000080028c8        0x2 Startup/startup_stm32f417zgtx.o
                0x00000000080028c8                RTC_Alarm_IRQHandler
                0x00000000080028c8                HASH_RNG_IRQHandler
                0x00000000080028c8                EXTI2_IRQHandler
                0x00000000080028c8                TIM8_CC_IRQHandler
                0x00000000080028c8                TIM1_CC_IRQHandler
                0x00000000080028c8                DMA2_Stream5_IRQHandler
                0x00000000080028c8                DMA1_Stream5_IRQHandler
                0x00000000080028c8                PVD_IRQHandler
                0x00000000080028c8                SDIO_IRQHandler
                0x00000000080028c8                TAMP_STAMP_IRQHandler
                0x00000000080028c8                CAN2_RX1_IRQHandler
                0x00000000080028c8                EXTI3_IRQHandler
                0x00000000080028c8                TIM8_TRG_COM_TIM14_IRQHandler
                0x00000000080028c8                TIM1_UP_TIM10_IRQHandler
                0x00000000080028c8                TIM8_UP_TIM13_IRQHandler
                0x00000000080028c8                I2C3_ER_IRQHandler
                0x00000000080028c8                EXTI0_IRQHandler
                0x00000000080028c8                I2C2_EV_IRQHandler
                0x00000000080028c8                DMA1_Stream2_IRQHandler
                0x00000000080028c8                CAN1_RX0_IRQHandler
                0x00000000080028c8                FPU_IRQHandler
                0x00000000080028c8                OTG_HS_WKUP_IRQHandler
                0x00000000080028c8                CAN2_SCE_IRQHandler
                0x00000000080028c8                DMA2_Stream2_IRQHandler
                0x00000000080028c8                SPI1_IRQHandler
                0x00000000080028c8                TIM6_DAC_IRQHandler
                0x00000000080028c8                TIM1_BRK_TIM9_IRQHandler
                0x00000000080028c8                DCMI_IRQHandler
                0x00000000080028c8                CAN2_RX0_IRQHandler
                0x00000000080028c8                DMA2_Stream3_IRQHandler
                0x00000000080028c8                USART6_IRQHandler
                0x00000000080028c8                USART3_IRQHandler
                0x00000000080028c8                CRYP_IRQHandler
                0x00000000080028c8                CAN1_RX1_IRQHandler
                0x00000000080028c8                UART5_IRQHandler
                0x00000000080028c8                DMA2_Stream0_IRQHandler
                0x00000000080028c8                TIM4_IRQHandler
                0x00000000080028c8                I2C1_EV_IRQHandler
                0x00000000080028c8                DMA1_Stream6_IRQHandler
                0x00000000080028c8                DMA1_Stream1_IRQHandler
                0x00000000080028c8                UART4_IRQHandler
                0x00000000080028c8                TIM3_IRQHandler
                0x00000000080028c8                RCC_IRQHandler
                0x00000000080028c8                TIM8_BRK_TIM12_IRQHandler
                0x00000000080028c8                Default_Handler
                0x00000000080028c8                EXTI15_10_IRQHandler
                0x00000000080028c8                ADC_IRQHandler
                0x00000000080028c8                DMA1_Stream7_IRQHandler
                0x00000000080028c8                TIM7_IRQHandler
                0x00000000080028c8                CAN2_TX_IRQHandler
                0x00000000080028c8                TIM5_IRQHandler
                0x00000000080028c8                DMA2_Stream7_IRQHandler
                0x00000000080028c8                I2C3_EV_IRQHandler
                0x00000000080028c8                EXTI9_5_IRQHandler
                0x00000000080028c8                RTC_WKUP_IRQHandler
                0x00000000080028c8                ETH_WKUP_IRQHandler
                0x00000000080028c8                SPI2_IRQHandler
                0x00000000080028c8                OTG_HS_EP1_IN_IRQHandler
                0x00000000080028c8                DMA1_Stream0_IRQHandler
                0x00000000080028c8                CAN1_TX_IRQHandler
                0x00000000080028c8                EXTI4_IRQHandler
                0x00000000080028c8                FSMC_IRQHandler
                0x00000000080028c8                ETH_IRQHandler
                0x00000000080028c8                OTG_HS_EP1_OUT_IRQHandler
                0x00000000080028c8                WWDG_IRQHandler
                0x00000000080028c8                TIM2_IRQHandler
                0x00000000080028c8                OTG_FS_WKUP_IRQHandler
                0x00000000080028c8                TIM1_TRG_COM_TIM11_IRQHandler
                0x00000000080028c8                OTG_HS_IRQHandler
                0x00000000080028c8                EXTI1_IRQHandler
                0x00000000080028c8                USART2_IRQHandler
                0x00000000080028c8                I2C2_ER_IRQHandler
                0x00000000080028c8                DMA2_Stream1_IRQHandler
                0x00000000080028c8                CAN1_SCE_IRQHandler
                0x00000000080028c8                FLASH_IRQHandler
                0x00000000080028c8                DMA2_Stream4_IRQHandler
                0x00000000080028c8                USART1_IRQHandler
                0x00000000080028c8                OTG_FS_IRQHandler
                0x00000000080028c8                SPI3_IRQHandler
                0x00000000080028c8                DMA1_Stream4_IRQHandler
                0x00000000080028c8                I2C1_ER_IRQHandler
                0x00000000080028c8                DMA2_Stream6_IRQHandler
                0x00000000080028c8                DMA1_Stream3_IRQHandler
 *fill*         0x00000000080028ca        0x2 
 .text.__errno  0x00000000080028cc        0xc c:/st/stm32cubeide_1.4.0/stm32cubeide/plugins/com.st.stm32cube.ide.mcu.externaltools.gnu-tools-for-stm32.9-2020-q2-update.win32_1.5.0.202011040924/tools/bin/../lib/gcc/arm-none-eabi/9.3.1/../../../../arm-none-eabi/lib/thumb/v7e-m+fp/hard\libc_nano.a(lib_a-errno.o)
                0x00000000080028cc                __errno
 .text.__libc_init_array
                0x00000000080028d8       0x48 c:/st/stm32cubeide_1.4.0/stm32cubeide/plugins/com.st.stm32cube.ide.mcu.externaltools.gnu-tools-for-stm32.9-2020-q2-update.win32_1.5.0.202011040924/tools/bin/../lib/gcc/arm-none-eabi/9.3.1/../../../../arm-none-eabi/lib/thumb/v7e-m+fp/hard\libc_nano.a(lib_a-init.o)
                0x00000000080028d8                __libc_init_array
 .text.memset   0x0000000008002920       0x10 c:/st/stm32cubeide_1.4.0/stm32cubeide/plugins/com.st.stm32cube.ide.mcu.externaltools.gnu-tools-for-stm32.9-2020-q2-update.win32_1.5.0.202011040924/tools/bin/../lib/gcc/arm-none-eabi/9.3.1/../../../../arm-none-eabi/lib/thumb/v7e-m+fp/hard\libc_nano.a(lib_a-memset.o)
                0x0000000008002920                memset
 .text.printf   0x0000000008002930       0x30 c:/st/stm32cubeide_1.4.0/stm32cubeide/plugins/com.st.stm32cube.ide.mcu.externaltools.gnu-tools-for-stm32.9-2020-q2-update.win32_1.5.0.202011040924/tools/bin/../lib/gcc/arm-none-eabi/9.3.1/../../../../arm-none-eabi/lib/thumb/v7e-m+fp/hard\libc_nano.a(lib_a-printf.o)
                0x0000000008002930                iprintf
                0x0000000008002930                printf
 .text._puts_r  0x0000000008002960       0xdc c:/st/stm32cubeide_1.4.0/stm32cubeide/plugins/com.st.stm32cube.ide.mcu.externaltools.gnu-tools-for-stm32.9-2020-q2-update.win32_1.5.0.202011040924/tools/bin/../lib/gcc/arm-none-eabi/9.3.1/../../../../arm-none-eabi/lib/thumb/v7e-m+fp/hard\libc_nano.a(lib_a-puts.o)
                0x0000000008002960                _puts_r
 .text.puts     0x0000000008002a3c       0x10 c:/st/stm32cubeide_1.4.0/stm32cubeide/plugins/com.st.stm32cube.ide.mcu.externaltools.gnu-tools-for-stm32.9-2020-q2-update.win32_1.5.0.202011040924/tools/bin/../lib/gcc/arm-none-eabi/9.3.1/../../../../arm-none-eabi/lib/thumb/v7e-m+fp/hard\libc_nano.a(lib_a-puts.o)
                0x0000000008002a3c                puts
 .text.__swbuf_r
                0x0000000008002a4c       0xa4 c:/st/stm32cubeide_1.4.0/stm32cubeide/plugins/com.st.stm32cube.ide.mcu.externaltools.gnu-tools-for-stm32.9-2020-q2-update.win32_1.5.0.202011040924/tools/bin/../lib/gcc/arm-none-eabi/9.3.1/../../../../arm-none-eabi/lib/thumb/v7e-m+fp/hard\libc_nano.a(lib_a-wbuf.o)
                0x0000000008002a4c                __swbuf_r
 .text.__swsetup_r
                0x0000000008002af0       0xdc c:/st/stm32cubeide_1.4.0/stm32cubeide/plugins/com.st.stm32cube.ide.mcu.externaltools.gnu-tools-for-stm32.9-2020-q2-update.win32_1.5.0.202011040924/tools/bin/../lib/gcc/arm-none-eabi/9.3.1/../../../../arm-none-eabi/lib/thumb/v7e-m+fp/hard\libc_nano.a(lib_a-wsetup.o)
                0x0000000008002af0                __swsetup_r
 .text.__sflush_r
                0x0000000008002bcc      0x10c c:/st/stm32cubeide_1.4.0/stm32cubeide/plugins/com.st.stm32cube.ide.mcu.externaltools.gnu-tools-for-stm32.9-2020-q2-update.win32_1.5.0.202011040924/tools/bin/../lib/gcc/arm-none-eabi/9.3.1/../../../../arm-none-eabi/lib/thumb/v7e-m+fp/hard\libc_nano.a(lib_a-fflush.o)
                0x0000000008002bcc                __sflush_r
 .text._fflush_r
                0x0000000008002cd8       0x78 c:/st/stm32cubeide_1.4.0/stm32cubeide/plugins/com.st.stm32cube.ide.mcu.externaltools.gnu-tools-for-stm32.9-2020-q2-update.win32_1.5.0.202011040924/tools/bin/../lib/gcc/arm-none-eabi/9.3.1/../../../../arm-none-eabi/lib/thumb/v7e-m+fp/hard\libc_nano.a(lib_a-fflush.o)
                0x0000000008002cd8                _fflush_r
 .text.std      0x0000000008002d50       0x48 c:/st/stm32cubeide_1.4.0/stm32cubeide/plugins/com.st.stm32cube.ide.mcu.externaltools.gnu-tools-for-stm32.9-2020-q2-update.win32_1.5.0.202011040924/tools/bin/../lib/gcc/arm-none-eabi/9.3.1/../../../../arm-none-eabi/lib/thumb/v7e-m+fp/hard\libc_nano.a(lib_a-findfp.o)
 .text._cleanup_r
                0x0000000008002d98        0xc c:/st/stm32cubeide_1.4.0/stm32cubeide/plugins/com.st.stm32cube.ide.mcu.externaltools.gnu-tools-for-stm32.9-2020-q2-update.win32_1.5.0.202011040924/tools/bin/../lib/gcc/arm-none-eabi/9.3.1/../../../../arm-none-eabi/lib/thumb/v7e-m+fp/hard\libc_nano.a(lib_a-findfp.o)
                0x0000000008002d98                _cleanup_r
 .text.__sfmoreglue
                0x0000000008002da4       0x2c c:/st/stm32cubeide_1.4.0/stm32cubeide/plugins/com.st.stm32cube.ide.mcu.externaltools.gnu-tools-for-stm32.9-2020-q2-update.win32_1.5.0.202011040924/tools/bin/../lib/gcc/arm-none-eabi/9.3.1/../../../../arm-none-eabi/lib/thumb/v7e-m+fp/hard\libc_nano.a(lib_a-findfp.o)
                0x0000000008002da4                __sfmoreglue
 .text.__sfp_lock_acquire
                0x0000000008002dd0        0xc c:/st/stm32cubeide_1.4.0/stm32cubeide/plugins/com.st.stm32cube.ide.mcu.externaltools.gnu-tools-for-stm32.9-2020-q2-update.win32_1.5.0.202011040924/tools/bin/../lib/gcc/arm-none-eabi/9.3.1/../../../../arm-none-eabi/lib/thumb/v7e-m+fp/hard\libc_nano.a(lib_a-findfp.o)
                0x0000000008002dd0                __sfp_lock_acquire
 .text.__sfp_lock_release
                0x0000000008002ddc        0xc c:/st/stm32cubeide_1.4.0/stm32cubeide/plugins/com.st.stm32cube.ide.mcu.externaltools.gnu-tools-for-stm32.9-2020-q2-update.win32_1.5.0.202011040924/tools/bin/../lib/gcc/arm-none-eabi/9.3.1/../../../../arm-none-eabi/lib/thumb/v7e-m+fp/hard\libc_nano.a(lib_a-findfp.o)
                0x0000000008002ddc                __sfp_lock_release
 .text.__sinit_lock_acquire
                0x0000000008002de8        0xc c:/st/stm32cubeide_1.4.0/stm32cubeide/plugins/com.st.stm32cube.ide.mcu.externaltools.gnu-tools-for-stm32.9-2020-q2-update.win32_1.5.0.202011040924/tools/bin/../lib/gcc/arm-none-eabi/9.3.1/../../../../arm-none-eabi/lib/thumb/v7e-m+fp/hard\libc_nano.a(lib_a-findfp.o)
                0x0000000008002de8                __sinit_lock_acquire
 .text.__sinit_lock_release
                0x0000000008002df4        0xc c:/st/stm32cubeide_1.4.0/stm32cubeide/plugins/com.st.stm32cube.ide.mcu.externaltools.gnu-tools-for-stm32.9-2020-q2-update.win32_1.5.0.202011040924/tools/bin/../lib/gcc/arm-none-eabi/9.3.1/../../../../arm-none-eabi/lib/thumb/v7e-m+fp/hard\libc_nano.a(lib_a-findfp.o)
                0x0000000008002df4                __sinit_lock_release
 .text.__sinit  0x0000000008002e00       0x70 c:/st/stm32cubeide_1.4.0/stm32cubeide/plugins/com.st.stm32cube.ide.mcu.externaltools.gnu-tools-for-stm32.9-2020-q2-update.win32_1.5.0.202011040924/tools/bin/../lib/gcc/arm-none-eabi/9.3.1/../../../../arm-none-eabi/lib/thumb/v7e-m+fp/hard\libc_nano.a(lib_a-findfp.o)
                0x0000000008002e00                __sinit
 .text.__sfp    0x0000000008002e70       0x8c c:/st/stm32cubeide_1.4.0/stm32cubeide/plugins/com.st.stm32cube.ide.mcu.externaltools.gnu-tools-for-stm32.9-2020-q2-update.win32_1.5.0.202011040924/tools/bin/../lib/gcc/arm-none-eabi/9.3.1/../../../../arm-none-eabi/lib/thumb/v7e-m+fp/hard\libc_nano.a(lib_a-findfp.o)
                0x0000000008002e70                __sfp
 .text._fwalk_reent
                0x0000000008002efc       0x3e c:/st/stm32cubeide_1.4.0/stm32cubeide/plugins/com.st.stm32cube.ide.mcu.externaltools.gnu-tools-for-stm32.9-2020-q2-update.win32_1.5.0.202011040924/tools/bin/../lib/gcc/arm-none-eabi/9.3.1/../../../../arm-none-eabi/lib/thumb/v7e-m+fp/hard\libc_nano.a(lib_a-fwalk.o)
                0x0000000008002efc                _fwalk_reent
 .text.__retarget_lock_init_recursive
                0x0000000008002f3a        0x2 c:/st/stm32cubeide_1.4.0/stm32cubeide/plugins/com.st.stm32cube.ide.mcu.externaltools.gnu-tools-for-stm32.9-2020-q2-update.win32_1.5.0.202011040924/tools/bin/../lib/gcc/arm-none-eabi/9.3.1/../../../../arm-none-eabi/lib/thumb/v7e-m+fp/hard\libc_nano.a(lib_a-lock.o)
                0x0000000008002f3a                __retarget_lock_init_recursive
 .text.__retarget_lock_acquire_recursive
                0x0000000008002f3c        0x2 c:/st/stm32cubeide_1.4.0/stm32cubeide/plugins/com.st.stm32cube.ide.mcu.externaltools.gnu-tools-for-stm32.9-2020-q2-update.win32_1.5.0.202011040924/tools/bin/../lib/gcc/arm-none-eabi/9.3.1/../../../../arm-none-eabi/lib/thumb/v7e-m+fp/hard\libc_nano.a(lib_a-lock.o)
                0x0000000008002f3c                __retarget_lock_acquire_recursive
 .text.__retarget_lock_release_recursive
                0x0000000008002f3e        0x2 c:/st/stm32cubeide_1.4.0/stm32cubeide/plugins/com.st.stm32cube.ide.mcu.externaltools.gnu-tools-for-stm32.9-2020-q2-update.win32_1.5.0.202011040924/tools/bin/../lib/gcc/arm-none-eabi/9.3.1/../../../../arm-none-eabi/lib/thumb/v7e-m+fp/hard\libc_nano.a(lib_a-lock.o)
                0x0000000008002f3e                __retarget_lock_release_recursive
 .text.__swhatbuf_r
                0x0000000008002f40       0x48 c:/st/stm32cubeide_1.4.0/stm32cubeide/plugins/com.st.stm32cube.ide.mcu.externaltools.gnu-tools-for-stm32.9-2020-q2-update.win32_1.5.0.202011040924/tools/bin/../lib/gcc/arm-none-eabi/9.3.1/../../../../arm-none-eabi/lib/thumb/v7e-m+fp/hard\libc_nano.a(lib_a-makebuf.o)
                0x0000000008002f40                __swhatbuf_r
 .text.__smakebuf_r
                0x0000000008002f88       0x80 c:/st/stm32cubeide_1.4.0/stm32cubeide/plugins/com.st.stm32cube.ide.mcu.externaltools.gnu-tools-for-stm32.9-2020-q2-update.win32_1.5.0.202011040924/tools/bin/../lib/gcc/arm-none-eabi/9.3.1/../../../../arm-none-eabi/lib/thumb/v7e-m+fp/hard\libc_nano.a(lib_a-makebuf.o)
                0x0000000008002f88                __smakebuf_r
 .text._free_r  0x0000000008003008       0xa0 c:/st/stm32cubeide_1.4.0/stm32cubeide/plugins/com.st.stm32cube.ide.mcu.externaltools.gnu-tools-for-stm32.9-2020-q2-update.win32_1.5.0.202011040924/tools/bin/../lib/gcc/arm-none-eabi/9.3.1/../../../../arm-none-eabi/lib/thumb/v7e-m+fp/hard\libc_nano.a(lib_a-nano-freer.o)
                0x0000000008003008                _free_r
 .text._malloc_r
                0x00000000080030a8       0xb4 c:/st/stm32cubeide_1.4.0/stm32cubeide/plugins/com.st.stm32cube.ide.mcu.externaltools.gnu-tools-for-stm32.9-2020-q2-update.win32_1.5.0.202011040924/tools/bin/../lib/gcc/arm-none-eabi/9.3.1/../../../../arm-none-eabi/lib/thumb/v7e-m+fp/hard\libc_nano.a(lib_a-nano-mallocr.o)
                0x00000000080030a8                _malloc_r
 .text.__sfputc_r
                0x000000000800315c       0x2e c:/st/stm32cubeide_1.4.0/stm32cubeide/plugins/com.st.stm32cube.ide.mcu.externaltools.gnu-tools-for-stm32.9-2020-q2-update.win32_1.5.0.202011040924/tools/bin/../lib/gcc/arm-none-eabi/9.3.1/../../../../arm-none-eabi/lib/thumb/v7e-m+fp/hard\libc_nano.a(lib_a-nano-vfprintf.o)
 .text.__sfputs_r
                0x000000000800318a       0x24 c:/st/stm32cubeide_1.4.0/stm32cubeide/plugins/com.st.stm32cube.ide.mcu.externaltools.gnu-tools-for-stm32.9-2020-q2-update.win32_1.5.0.202011040924/tools/bin/../lib/gcc/arm-none-eabi/9.3.1/../../../../arm-none-eabi/lib/thumb/v7e-m+fp/hard\libc_nano.a(lib_a-nano-vfprintf.o)
                0x000000000800318a                __sfputs_r
 *fill*         0x00000000080031ae        0x2 
 .text._vfprintf_r
                0x00000000080031b0      0x260 c:/st/stm32cubeide_1.4.0/stm32cubeide/plugins/com.st.stm32cube.ide.mcu.externaltools.gnu-tools-for-stm32.9-2020-q2-update.win32_1.5.0.202011040924/tools/bin/../lib/gcc/arm-none-eabi/9.3.1/../../../../arm-none-eabi/lib/thumb/v7e-m+fp/hard\libc_nano.a(lib_a-nano-vfprintf.o)
                0x00000000080031b0                _vfprintf_r
                0x00000000080031b0                _vfiprintf_r
 .text._printf_common
                0x0000000008003410       0xda c:/st/stm32cubeide_1.4.0/stm32cubeide/plugins/com.st.stm32cube.ide.mcu.externaltools.gnu-tools-for-stm32.9-2020-q2-update.win32_1.5.0.202011040924/tools/bin/../lib/gcc/arm-none-eabi/9.3.1/../../../../arm-none-eabi/lib/thumb/v7e-m+fp/hard\libc_nano.a(lib_a-nano-vfprintf_i.o)
                0x0000000008003410                _printf_common
 *fill*         0x00000000080034ea        0x2 
 .text._printf_i
                0x00000000080034ec      0x24c c:/st/stm32cubeide_1.4.0/stm32cubeide/plugins/com.st.stm32cube.ide.mcu.externaltools.gnu-tools-for-stm32.9-2020-q2-update.win32_1.5.0.202011040924/tools/bin/../lib/gcc/arm-none-eabi/9.3.1/../../../../arm-none-eabi/lib/thumb/v7e-m+fp/hard\libc_nano.a(lib_a-nano-vfprintf_i.o)
                0x00000000080034ec                _printf_i
 .text._sbrk_r  0x0000000008003738       0x20 c:/st/stm32cubeide_1.4.0/stm32cubeide/plugins/com.st.stm32cube.ide.mcu.externaltools.gnu-tools-for-stm32.9-2020-q2-update.win32_1.5.0.202011040924/tools/bin/../lib/gcc/arm-none-eabi/9.3.1/../../../../arm-none-eabi/lib/thumb/v7e-m+fp/hard\libc_nano.a(lib_a-sbrkr.o)
                0x0000000008003738                _sbrk_r
 .text.__sread  0x0000000008003758       0x22 c:/st/stm32cubeide_1.4.0/stm32cubeide/plugins/com.st.stm32cube.ide.mcu.externaltools.gnu-tools-for-stm32.9-2020-q2-update.win32_1.5.0.202011040924/tools/bin/../lib/gcc/arm-none-eabi/9.3.1/../../../../arm-none-eabi/lib/thumb/v7e-m+fp/hard\libc_nano.a(lib_a-stdio.o)
                0x0000000008003758                __sread
 .text.__swrite
                0x000000000800377a       0x38 c:/st/stm32cubeide_1.4.0/stm32cubeide/plugins/com.st.stm32cube.ide.mcu.externaltools.gnu-tools-for-stm32.9-2020-q2-update.win32_1.5.0.202011040924/tools/bin/../lib/gcc/arm-none-eabi/9.3.1/../../../../arm-none-eabi/lib/thumb/v7e-m+fp/hard\libc_nano.a(lib_a-stdio.o)
                0x000000000800377a                __swrite
 .text.__sseek  0x00000000080037b2       0x24 c:/st/stm32cubeide_1.4.0/stm32cubeide/plugins/com.st.stm32cube.ide.mcu.externaltools.gnu-tools-for-stm32.9-2020-q2-update.win32_1.5.0.202011040924/tools/bin/../lib/gcc/arm-none-eabi/9.3.1/../../../../arm-none-eabi/lib/thumb/v7e-m+fp/hard\libc_nano.a(lib_a-stdio.o)
                0x00000000080037b2                __sseek
 .text.__sclose
                0x00000000080037d6        0x8 c:/st/stm32cubeide_1.4.0/stm32cubeide/plugins/com.st.stm32cube.ide.mcu.externaltools.gnu-tools-for-stm32.9-2020-q2-update.win32_1.5.0.202011040924/tools/bin/../lib/gcc/arm-none-eabi/9.3.1/../../../../arm-none-eabi/lib/thumb/v7e-m+fp/hard\libc_nano.a(lib_a-stdio.o)
                0x00000000080037d6                __sclose
 *fill*         0x00000000080037de        0x2 
 .text._write_r
                0x00000000080037e0       0x24 c:/st/stm32cubeide_1.4.0/stm32cubeide/plugins/com.st.stm32cube.ide.mcu.externaltools.gnu-tools-for-stm32.9-2020-q2-update.win32_1.5.0.202011040924/tools/bin/../lib/gcc/arm-none-eabi/9.3.1/../../../../arm-none-eabi/lib/thumb/v7e-m+fp/hard\libc_nano.a(lib_a-writer.o)
                0x00000000080037e0                _write_r
 .text._close_r
                0x0000000008003804       0x20 c:/st/stm32cubeide_1.4.0/stm32cubeide/plugins/com.st.stm32cube.ide.mcu.externaltools.gnu-tools-for-stm32.9-2020-q2-update.win32_1.5.0.202011040924/tools/bin/../lib/gcc/arm-none-eabi/9.3.1/../../../../arm-none-eabi/lib/thumb/v7e-m+fp/hard\libc_nano.a(lib_a-closer.o)
                0x0000000008003804                _close_r
 .text._fstat_r
                0x0000000008003824       0x24 c:/st/stm32cubeide_1.4.0/stm32cubeide/plugins/com.st.stm32cube.ide.mcu.externaltools.gnu-tools-for-stm32.9-2020-q2-update.win32_1.5.0.202011040924/tools/bin/../lib/gcc/arm-none-eabi/9.3.1/../../../../arm-none-eabi/lib/thumb/v7e-m+fp/hard\libc_nano.a(lib_a-fstatr.o)
                0x0000000008003824                _fstat_r
 .text._isatty_r
                0x0000000008003848       0x20 c:/st/stm32cubeide_1.4.0/stm32cubeide/plugins/com.st.stm32cube.ide.mcu.externaltools.gnu-tools-for-stm32.9-2020-q2-update.win32_1.5.0.202011040924/tools/bin/../lib/gcc/arm-none-eabi/9.3.1/../../../../arm-none-eabi/lib/thumb/v7e-m+fp/hard\libc_nano.a(lib_a-isattyr.o)
                0x0000000008003848                _isatty_r
 .text._lseek_r
                0x0000000008003868       0x24 c:/st/stm32cubeide_1.4.0/stm32cubeide/plugins/com.st.stm32cube.ide.mcu.externaltools.gnu-tools-for-stm32.9-2020-q2-update.win32_1.5.0.202011040924/tools/bin/../lib/gcc/arm-none-eabi/9.3.1/../../../../arm-none-eabi/lib/thumb/v7e-m+fp/hard\libc_nano.a(lib_a-lseekr.o)
                0x0000000008003868                _lseek_r
 .text.__malloc_lock
                0x000000000800388c        0xc c:/st/stm32cubeide_1.4.0/stm32cubeide/plugins/com.st.stm32cube.ide.mcu.externaltools.gnu-tools-for-stm32.9-2020-q2-update.win32_1.5.0.202011040924/tools/bin/../lib/gcc/arm-none-eabi/9.3.1/../../../../arm-none-eabi/lib/thumb/v7e-m+fp/hard\libc_nano.a(lib_a-mlock.o)
                0x000000000800388c                __malloc_lock
 .text.__malloc_unlock
                0x0000000008003898        0xc c:/st/stm32cubeide_1.4.0/stm32cubeide/plugins/com.st.stm32cube.ide.mcu.externaltools.gnu-tools-for-stm32.9-2020-q2-update.win32_1.5.0.202011040924/tools/bin/../lib/gcc/arm-none-eabi/9.3.1/../../../../arm-none-eabi/lib/thumb/v7e-m+fp/hard\libc_nano.a(lib_a-mlock.o)
                0x0000000008003898                __malloc_unlock
 .text._read_r  0x00000000080038a4       0x24 c:/st/stm32cubeide_1.4.0/stm32cubeide/plugins/com.st.stm32cube.ide.mcu.externaltools.gnu-tools-for-stm32.9-2020-q2-update.win32_1.5.0.202011040924/tools/bin/../lib/gcc/arm-none-eabi/9.3.1/../../../../arm-none-eabi/lib/thumb/v7e-m+fp/hard\libc_nano.a(lib_a-readr.o)
                0x00000000080038a4                _read_r
 *(.glue_7)
 .glue_7        0x00000000080038c8        0x0 linker stubs
 *(.glue_7t)
 .glue_7t       0x00000000080038c8        0x0 linker stubs
 *(.eh_frame)
 .eh_frame      0x00000000080038c8        0x0 c:/st/stm32cubeide_1.4.0/stm32cubeide/plugins/com.st.stm32cube.ide.mcu.externaltools.gnu-tools-for-stm32.9-2020-q2-update.win32_1.5.0.202011040924/tools/bin/../lib/gcc/arm-none-eabi/9.3.1/thumb/v7e-m+fp/hard/crtbegin.o
 *(.init)
 .init          0x00000000080038c8        0x4 c:/st/stm32cubeide_1.4.0/stm32cubeide/plugins/com.st.stm32cube.ide.mcu.externaltools.gnu-tools-for-stm32.9-2020-q2-update.win32_1.5.0.202011040924/tools/bin/../lib/gcc/arm-none-eabi/9.3.1/thumb/v7e-m+fp/hard/crti.o
                0x00000000080038c8                _init
 .init          0x00000000080038cc        0x8 c:/st/stm32cubeide_1.4.0/stm32cubeide/plugins/com.st.stm32cube.ide.mcu.externaltools.gnu-tools-for-stm32.9-2020-q2-update.win32_1.5.0.202011040924/tools/bin/../lib/gcc/arm-none-eabi/9.3.1/thumb/v7e-m+fp/hard/crtn.o
 *(.fini)
 .fini          0x00000000080038d4        0x4 c:/st/stm32cubeide_1.4.0/stm32cubeide/plugins/com.st.stm32cube.ide.mcu.externaltools.gnu-tools-for-stm32.9-2020-q2-update.win32_1.5.0.202011040924/tools/bin/../lib/gcc/arm-none-eabi/9.3.1/thumb/v7e-m+fp/hard/crti.o
                0x00000000080038d4                _fini
 .fini          0x00000000080038d8        0x8 c:/st/stm32cubeide_1.4.0/stm32cubeide/plugins/com.st.stm32cube.ide.mcu.externaltools.gnu-tools-for-stm32.9-2020-q2-update.win32_1.5.0.202011040924/tools/bin/../lib/gcc/arm-none-eabi/9.3.1/thumb/v7e-m+fp/hard/crtn.o
                0x00000000080038e0                . = ALIGN (0x4)
                0x00000000080038e0                _etext = .

.vfp11_veneer   0x00000000080038e0        0x0
 .vfp11_veneer  0x00000000080038e0        0x0 linker stubs

.v4_bx          0x00000000080038e0        0x0
 .v4_bx         0x00000000080038e0        0x0 linker stubs

.iplt           0x00000000080038e0        0x0
 .iplt          0x00000000080038e0        0x0 c:/st/stm32cubeide_1.4.0/stm32cubeide/plugins/com.st.stm32cube.ide.mcu.externaltools.gnu-tools-for-stm32.9-2020-q2-update.win32_1.5.0.202011040924/tools/bin/../lib/gcc/arm-none-eabi/9.3.1/thumb/v7e-m+fp/hard/crtbegin.o

.rodata         0x00000000080038e0      0x208
                0x00000000080038e0                . = ALIGN (0x4)
 *(.rodata)
 *(.rodata*)
 .rodata.loopback_tcps.str1.4
                0x00000000080038e0       0x64 Src/loopback.o
 .rodata.print_network_information.str1.4
                0x0000000008003944       0x9f Src/main.o
 *fill*         0x00000000080039e3        0x1 
 .rodata._InitW5300.str1.4
                0x00000000080039e4       0x38 Src/main.o
 .rodata.main.str1.4
                0x0000000008003a1c       0x19 Src/main.o
 *fill*         0x0000000008003a35        0x3 
 .rodata.AHBPrescTable
                0x0000000008003a38       0x10 Src/system_stm32f4xx.o
                0x0000000008003a38                AHBPrescTable
 .rodata.APBPrescTable
                0x0000000008003a48        0x8 Src/system_stm32f4xx.o
                0x0000000008003a48                APBPrescTable
 .rodata._global_impure_ptr
                0x0000000008003a50        0x4 c:/st/stm32cubeide_1.4.0/stm32cubeide/plugins/com.st.stm32cube.ide.mcu.externaltools.gnu-tools-for-stm32.9-2020-q2-update.win32_1.5.0.202011040924/tools/bin/../lib/gcc/arm-none-eabi/9.3.1/../../../../arm-none-eabi/lib/thumb/v7e-m+fp/hard\libc_nano.a(lib_a-impure.o)
                0x0000000008003a50                _global_impure_ptr
 .rodata.__sf_fake_stderr
                0x0000000008003a54       0x20 c:/st/stm32cubeide_1.4.0/stm32cubeide/plugins/com.st.stm32cube.ide.mcu.externaltools.gnu-tools-for-stm32.9-2020-q2-update.win32_1.5.0.202011040924/tools/bin/../lib/gcc/arm-none-eabi/9.3.1/../../../../arm-none-eabi/lib/thumb/v7e-m+fp/hard\libc_nano.a(lib_a-findfp.o)
                0x0000000008003a54                __sf_fake_stderr
 .rodata.__sf_fake_stdin
                0x0000000008003a74       0x20 c:/st/stm32cubeide_1.4.0/stm32cubeide/plugins/com.st.stm32cube.ide.mcu.externaltools.gnu-tools-for-stm32.9-2020-q2-update.win32_1.5.0.202011040924/tools/bin/../lib/gcc/arm-none-eabi/9.3.1/../../../../arm-none-eabi/lib/thumb/v7e-m+fp/hard\libc_nano.a(lib_a-findfp.o)
                0x0000000008003a74                __sf_fake_stdin
 .rodata.__sf_fake_stdout
                0x0000000008003a94       0x20 c:/st/stm32cubeide_1.4.0/stm32cubeide/plugins/com.st.stm32cube.ide.mcu.externaltools.gnu-tools-for-stm32.9-2020-q2-update.win32_1.5.0.202011040924/tools/bin/../lib/gcc/arm-none-eabi/9.3.1/../../../../arm-none-eabi/lib/thumb/v7e-m+fp/hard\libc_nano.a(lib_a-findfp.o)
                0x0000000008003a94                __sf_fake_stdout
 .rodata._vfprintf_r.str1.1
                0x0000000008003ab4       0x11 c:/st/stm32cubeide_1.4.0/stm32cubeide/plugins/com.st.stm32cube.ide.mcu.externaltools.gnu-tools-for-stm32.9-2020-q2-update.win32_1.5.0.202011040924/tools/bin/../lib/gcc/arm-none-eabi/9.3.1/../../../../arm-none-eabi/lib/thumb/v7e-m+fp/hard\libc_nano.a(lib_a-nano-vfprintf.o)
 .rodata._printf_i.str1.1
                0x0000000008003ac5       0x22 c:/st/stm32cubeide_1.4.0/stm32cubeide/plugins/com.st.stm32cube.ide.mcu.externaltools.gnu-tools-for-stm32.9-2020-q2-update.win32_1.5.0.202011040924/tools/bin/../lib/gcc/arm-none-eabi/9.3.1/../../../../arm-none-eabi/lib/thumb/v7e-m+fp/hard\libc_nano.a(lib_a-nano-vfprintf_i.o)
                0x0000000008003ae8                . = ALIGN (0x4)
 *fill*         0x0000000008003ae7        0x1 

.ARM.extab      0x0000000008003ae8        0x0
                0x0000000008003ae8                . = ALIGN (0x4)
 *(.ARM.extab* .gnu.linkonce.armextab.*)
                0x0000000008003ae8                . = ALIGN (0x4)

.ARM            0x0000000008003ae8        0x8
                0x0000000008003ae8                . = ALIGN (0x4)
                0x0000000008003ae8                __exidx_start = .
 *(.ARM.exidx*)
 .ARM.exidx     0x0000000008003ae8        0x8 c:/st/stm32cubeide_1.4.0/stm32cubeide/plugins/com.st.stm32cube.ide.mcu.externaltools.gnu-tools-for-stm32.9-2020-q2-update.win32_1.5.0.202011040924/tools/bin/../lib/gcc/arm-none-eabi/9.3.1/thumb/v7e-m+fp/hard\libgcc.a(_udivmoddi4.o)
                0x0000000008003af0                __exidx_end = .
                0x0000000008003af0                . = ALIGN (0x4)

.rel.dyn        0x0000000008003af0        0x0
 .rel.iplt      0x0000000008003af0        0x0 c:/st/stm32cubeide_1.4.0/stm32cubeide/plugins/com.st.stm32cube.ide.mcu.externaltools.gnu-tools-for-stm32.9-2020-q2-update.win32_1.5.0.202011040924/tools/bin/../lib/gcc/arm-none-eabi/9.3.1/thumb/v7e-m+fp/hard/crtbegin.o

.preinit_array  0x0000000008003af0        0x0
                0x0000000008003af0                . = ALIGN (0x4)
                0x0000000008003af0                PROVIDE (__preinit_array_start = .)
 *(.preinit_array*)
                0x0000000008003af0                PROVIDE (__preinit_array_end = .)
                0x0000000008003af0                . = ALIGN (0x4)

.init_array     0x0000000008003af0        0x4
                0x0000000008003af0                . = ALIGN (0x4)
                0x0000000008003af0                PROVIDE (__init_array_start = .)
 *(SORT_BY_NAME(.init_array.*))
 *(.init_array*)
 .init_array    0x0000000008003af0        0x4 c:/st/stm32cubeide_1.4.0/stm32cubeide/plugins/com.st.stm32cube.ide.mcu.externaltools.gnu-tools-for-stm32.9-2020-q2-update.win32_1.5.0.202011040924/tools/bin/../lib/gcc/arm-none-eabi/9.3.1/thumb/v7e-m+fp/hard/crtbegin.o
                0x0000000008003af4                PROVIDE (__init_array_end = .)
                0x0000000008003af4                . = ALIGN (0x4)

.fini_array     0x0000000008003af4        0x4
                0x0000000008003af4                . = ALIGN (0x4)
                [!provide]                        PROVIDE (__fini_array_start = .)
 *(SORT_BY_NAME(.fini_array.*))
 *(.fini_array*)
 .fini_array    0x0000000008003af4        0x4 c:/st/stm32cubeide_1.4.0/stm32cubeide/plugins/com.st.stm32cube.ide.mcu.externaltools.gnu-tools-for-stm32.9-2020-q2-update.win32_1.5.0.202011040924/tools/bin/../lib/gcc/arm-none-eabi/9.3.1/thumb/v7e-m+fp/hard/crtbegin.o
                [!provide]                        PROVIDE (__fini_array_end = .)
                0x0000000008003af8                . = ALIGN (0x4)
                0x0000000008003af8                _sidata = LOADADDR (.data)

.data           0x0000000020000000       0xc8 load address 0x0000000008003af8
                0x0000000020000000                . = ALIGN (0x4)
                0x0000000020000000                _sdata = .
 *(.data)
 *(.data*)
 .data.uwTickFreq
                0x0000000020000000        0x1 Drivers/STM32F4xx_HAL_Driver/Src/stm32f4xx_hal.o
                0x0000000020000000                uwTickFreq
 *fill*         0x0000000020000001        0x3 
 .data.uwTickPrio
                0x0000000020000004        0x4 Drivers/STM32F4xx_HAL_Driver/Src/stm32f4xx_hal.o
                0x0000000020000004                uwTickPrio
 .data.sock_any_port
                0x0000000020000008        0x2 Src/ioLibrary_Driver-master/Ethernet/socket.o
 *fill*         0x000000002000000a        0x2 
 .data.WIZCHIP  0x000000002000000c       0x2c Src/ioLibrary_Driver-master/Ethernet/wizchip_conf.o
                0x000000002000000c                WIZCHIP
 .data.gWIZNETINFO
                0x0000000020000038       0x17 Src/main.o
                0x0000000020000038                gWIZNETINFO
 *fill*         0x000000002000004f        0x1 
 .data.wiznet_memsize
                0x0000000020000050       0x10 Src/main.o
                0x0000000020000050                wiznet_memsize
 .data.SystemCoreClock
                0x0000000020000060        0x4 Src/system_stm32f4xx.o
                0x0000000020000060                SystemCoreClock
 .data._impure_ptr
                0x0000000020000064        0x4 c:/st/stm32cubeide_1.4.0/stm32cubeide/plugins/com.st.stm32cube.ide.mcu.externaltools.gnu-tools-for-stm32.9-2020-q2-update.win32_1.5.0.202011040924/tools/bin/../lib/gcc/arm-none-eabi/9.3.1/../../../../arm-none-eabi/lib/thumb/v7e-m+fp/hard\libc_nano.a(lib_a-impure.o)
                0x0000000020000064                _impure_ptr
 .data.impure_data
                0x0000000020000068       0x60 c:/st/stm32cubeide_1.4.0/stm32cubeide/plugins/com.st.stm32cube.ide.mcu.externaltools.gnu-tools-for-stm32.9-2020-q2-update.win32_1.5.0.202011040924/tools/bin/../lib/gcc/arm-none-eabi/9.3.1/../../../../arm-none-eabi/lib/thumb/v7e-m+fp/hard\libc_nano.a(lib_a-impure.o)
 *(.RamFunc)
 *(.RamFunc*)
                0x00000000200000c8                . = ALIGN (0x4)
                0x00000000200000c8                _edata = .

.igot.plt       0x00000000200000c8        0x0 load address 0x0000000008003bc0
 .igot.plt      0x00000000200000c8        0x0 c:/st/stm32cubeide_1.4.0/stm32cubeide/plugins/com.st.stm32cube.ide.mcu.externaltools.gnu-tools-for-stm32.9-2020-q2-update.win32_1.5.0.202011040924/tools/bin/../lib/gcc/arm-none-eabi/9.3.1/thumb/v7e-m+fp/hard/crtbegin.o
                0x00000000200000c8                . = ALIGN (0x4)

.bss            0x00000000200000c8      0x900 load address 0x0000000008003bc0
                0x00000000200000c8                _sbss = .
                0x00000000200000c8                __bss_start__ = _sbss
 *(.bss)
 .bss           0x00000000200000c8       0x1c c:/st/stm32cubeide_1.4.0/stm32cubeide/plugins/com.st.stm32cube.ide.mcu.externaltools.gnu-tools-for-stm32.9-2020-q2-update.win32_1.5.0.202011040924/tools/bin/../lib/gcc/arm-none-eabi/9.3.1/thumb/v7e-m+fp/hard/crtbegin.o
 *(.bss*)
 .bss.sock_io_mode
                0x00000000200000e4        0x2 Src/ioLibrary_Driver-master/Ethernet/socket.o
 .bss.sock_is_sending
                0x00000000200000e6        0x2 Src/ioLibrary_Driver-master/Ethernet/socket.o
 .bss.sock_pack_info
                0x00000000200000e8        0x8 Src/ioLibrary_Driver-master/Ethernet/socket.o
                0x00000000200000e8                sock_pack_info
 .bss.sock_remained_byte
                0x00000000200000f0        0x8 Src/ioLibrary_Driver-master/Ethernet/socket.o
                0x00000000200000f0                sock_remained_byte
 .bss.sock_remained_size
                0x00000000200000f8       0x10 Src/ioLibrary_Driver-master/Ethernet/socket.o
 .bss._DHCP_    0x0000000020000108        0x1 Src/ioLibrary_Driver-master/Ethernet/wizchip_conf.o
 *fill*         0x0000000020000109        0x3 
 .bss._DNS_     0x000000002000010c        0x4 Src/ioLibrary_Driver-master/Ethernet/wizchip_conf.o
 .bss.FSMC_Initialized
                0x0000000020000110        0x4 Src/stm32f4xx_hal_msp.o
 .bss.__sbrk_heap_end
                0x0000000020000114        0x4 Src/sysmem.o
 .bss.__malloc_free_list
                0x0000000020000118        0x4 c:/st/stm32cubeide_1.4.0/stm32cubeide/plugins/com.st.stm32cube.ide.mcu.externaltools.gnu-tools-for-stm32.9-2020-q2-update.win32_1.5.0.202011040924/tools/bin/../lib/gcc/arm-none-eabi/9.3.1/../../../../arm-none-eabi/lib/thumb/v7e-m+fp/hard\libc_nano.a(lib_a-nano-mallocr.o)
                0x0000000020000118                __malloc_free_list
 .bss.__malloc_sbrk_start
                0x000000002000011c        0x4 c:/st/stm32cubeide_1.4.0/stm32cubeide/plugins/com.st.stm32cube.ide.mcu.externaltools.gnu-tools-for-stm32.9-2020-q2-update.win32_1.5.0.202011040924/tools/bin/../lib/gcc/arm-none-eabi/9.3.1/../../../../arm-none-eabi/lib/thumb/v7e-m+fp/hard\libc_nano.a(lib_a-nano-mallocr.o)
                0x000000002000011c                __malloc_sbrk_start
 *(COMMON)
 COMMON         0x0000000020000120        0x4 Drivers/STM32F4xx_HAL_Driver/Src/stm32f4xx_hal.o
                0x0000000020000120                uwTick
 COMMON         0x0000000020000124      0x894 Src/main.o
                0x0000000020000124                hsram1
                0x0000000020000174                huart1
                0x00000000200001b8                ethBuf0
 COMMON         0x00000000200009b8        0x9 c:/st/stm32cubeide_1.4.0/stm32cubeide/plugins/com.st.stm32cube.ide.mcu.externaltools.gnu-tools-for-stm32.9-2020-q2-update.win32_1.5.0.202011040924/tools/bin/../lib/gcc/arm-none-eabi/9.3.1/../../../../arm-none-eabi/lib/thumb/v7e-m+fp/hard\libc_nano.a(lib_a-lock.o)
                0x00000000200009b8                __lock___atexit_recursive_mutex
                0x00000000200009b9                __lock___arc4random_mutex
                0x00000000200009ba                __lock___env_recursive_mutex
                0x00000000200009bb                __lock___sinit_recursive_mutex
                0x00000000200009bc                __lock___malloc_recursive_mutex
                0x00000000200009bd                __lock___at_quick_exit_mutex
                0x00000000200009be                __lock___dd_hash_mutex
                0x00000000200009bf                __lock___tz_mutex
                0x00000000200009c0                __lock___sfp_recursive_mutex
 *fill*         0x00000000200009c1        0x3 
 COMMON         0x00000000200009c4        0x4 c:/st/stm32cubeide_1.4.0/stm32cubeide/plugins/com.st.stm32cube.ide.mcu.externaltools.gnu-tools-for-stm32.9-2020-q2-update.win32_1.5.0.202011040924/tools/bin/../lib/gcc/arm-none-eabi/9.3.1/../../../../arm-none-eabi/lib/thumb/v7e-m+fp/hard\libc_nano.a(lib_a-reent.o)
                0x00000000200009c4                errno
                0x00000000200009c8                . = ALIGN (0x4)
                0x00000000200009c8                _ebss = .
                0x00000000200009c8                __bss_end__ = _ebss

._user_heap_stack
                0x00000000200009c8      0x600 load address 0x0000000008003bc0
                0x00000000200009c8                . = ALIGN (0x8)
                [!provide]                        PROVIDE (end = .)
                0x00000000200009c8                PROVIDE (_end = .)
                0x0000000020000bc8                . = (. + _Min_Heap_Size)
 *fill*         0x00000000200009c8      0x200 
                0x0000000020000fc8                . = (. + _Min_Stack_Size)
 *fill*         0x0000000020000bc8      0x400 
                0x0000000020000fc8                . = ALIGN (0x8)

/DISCARD/
 libc.a(*)
 libm.a(*)
 libgcc.a(*)

.ARM.attributes
                0x0000000000000000       0x30
 *(.ARM.attributes)
 .ARM.attributes
                0x0000000000000000       0x1e c:/st/stm32cubeide_1.4.0/stm32cubeide/plugins/com.st.stm32cube.ide.mcu.externaltools.gnu-tools-for-stm32.9-2020-q2-update.win32_1.5.0.202011040924/tools/bin/../lib/gcc/arm-none-eabi/9.3.1/thumb/v7e-m+fp/hard/crti.o
 .ARM.attributes
                0x000000000000001e       0x34 c:/st/stm32cubeide_1.4.0/stm32cubeide/plugins/com.st.stm32cube.ide.mcu.externaltools.gnu-tools-for-stm32.9-2020-q2-update.win32_1.5.0.202011040924/tools/bin/../lib/gcc/arm-none-eabi/9.3.1/thumb/v7e-m+fp/hard/crtbegin.o
 .ARM.attributes
                0x0000000000000052       0x30 Drivers/STM32F4xx_HAL_Driver/Src/stm32f4xx_hal.o
 .ARM.attributes
                0x0000000000000082       0x30 Drivers/STM32F4xx_HAL_Driver/Src/stm32f4xx_hal_cortex.o
 .ARM.attributes
                0x00000000000000b2       0x30 Drivers/STM32F4xx_HAL_Driver/Src/stm32f4xx_hal_gpio.o
 .ARM.attributes
                0x00000000000000e2       0x30 Drivers/STM32F4xx_HAL_Driver/Src/stm32f4xx_hal_rcc.o
 .ARM.attributes
                0x0000000000000112       0x30 Drivers/STM32F4xx_HAL_Driver/Src/stm32f4xx_hal_sram.o
 .ARM.attributes
                0x0000000000000142       0x30 Drivers/STM32F4xx_HAL_Driver/Src/stm32f4xx_hal_uart.o
 .ARM.attributes
                0x0000000000000172       0x30 Drivers/STM32F4xx_HAL_Driver/Src/stm32f4xx_ll_fsmc.o
 .ARM.attributes
                0x00000000000001a2       0x30 Src/ioLibrary_Driver-master/Ethernet/W5300/w5300.o
 .ARM.attributes
                0x00000000000001d2       0x30 Src/ioLibrary_Driver-master/Ethernet/socket.o
 .ARM.attributes
                0x0000000000000202       0x30 Src/ioLibrary_Driver-master/Ethernet/wizchip_conf.o
 .ARM.attributes
                0x0000000000000232       0x30 Src/loopback.o
 .ARM.attributes
                0x0000000000000262       0x30 Src/main.o
 .ARM.attributes
                0x0000000000000292       0x30 Src/stm32f4xx_hal_msp.o
 .ARM.attributes
                0x00000000000002c2       0x30 Src/stm32f4xx_it.o
 .ARM.attributes
                0x00000000000002f2       0x30 Src/syscalls.o
 .ARM.attributes
                0x0000000000000322       0x30 Src/sysmem.o
 .ARM.attributes
                0x0000000000000352       0x30 Src/system_stm32f4xx.o
 .ARM.attributes
                0x0000000000000382       0x21 Startup/startup_stm32f417zgtx.o
 .ARM.attributes
                0x00000000000003a3       0x34 c:/st/stm32cubeide_1.4.0/stm32cubeide/plugins/com.st.stm32cube.ide.mcu.externaltools.gnu-tools-for-stm32.9-2020-q2-update.win32_1.5.0.202011040924/tools/bin/../lib/gcc/arm-none-eabi/9.3.1/../../../../arm-none-eabi/lib/thumb/v7e-m+fp/hard\libc_nano.a(lib_a-errno.o)
 .ARM.attributes
                0x00000000000003d7       0x32 c:/st/stm32cubeide_1.4.0/stm32cubeide/plugins/com.st.stm32cube.ide.mcu.externaltools.gnu-tools-for-stm32.9-2020-q2-update.win32_1.5.0.202011040924/tools/bin/../lib/gcc/arm-none-eabi/9.3.1/../../../../arm-none-eabi/lib/thumb/v7e-m+fp/hard\libc_nano.a(lib_a-impure.o)
 .ARM.attributes
                0x0000000000000409       0x34 c:/st/stm32cubeide_1.4.0/stm32cubeide/plugins/com.st.stm32cube.ide.mcu.externaltools.gnu-tools-for-stm32.9-2020-q2-update.win32_1.5.0.202011040924/tools/bin/../lib/gcc/arm-none-eabi/9.3.1/../../../../arm-none-eabi/lib/thumb/v7e-m+fp/hard\libc_nano.a(lib_a-init.o)
 .ARM.attributes
                0x000000000000043d       0x34 c:/st/stm32cubeide_1.4.0/stm32cubeide/plugins/com.st.stm32cube.ide.mcu.externaltools.gnu-tools-for-stm32.9-2020-q2-update.win32_1.5.0.202011040924/tools/bin/../lib/gcc/arm-none-eabi/9.3.1/../../../../arm-none-eabi/lib/thumb/v7e-m+fp/hard\libc_nano.a(lib_a-memset.o)
 .ARM.attributes
                0x0000000000000471       0x34 c:/st/stm32cubeide_1.4.0/stm32cubeide/plugins/com.st.stm32cube.ide.mcu.externaltools.gnu-tools-for-stm32.9-2020-q2-update.win32_1.5.0.202011040924/tools/bin/../lib/gcc/arm-none-eabi/9.3.1/../../../../arm-none-eabi/lib/thumb/v7e-m+fp/hard\libc_nano.a(lib_a-printf.o)
 .ARM.attributes
                0x00000000000004a5       0x34 c:/st/stm32cubeide_1.4.0/stm32cubeide/plugins/com.st.stm32cube.ide.mcu.externaltools.gnu-tools-for-stm32.9-2020-q2-update.win32_1.5.0.202011040924/tools/bin/../lib/gcc/arm-none-eabi/9.3.1/../../../../arm-none-eabi/lib/thumb/v7e-m+fp/hard\libc_nano.a(lib_a-puts.o)
 .ARM.attributes
                0x00000000000004d9       0x34 c:/st/stm32cubeide_1.4.0/stm32cubeide/plugins/com.st.stm32cube.ide.mcu.externaltools.gnu-tools-for-stm32.9-2020-q2-update.win32_1.5.0.202011040924/tools/bin/../lib/gcc/arm-none-eabi/9.3.1/../../../../arm-none-eabi/lib/thumb/v7e-m+fp/hard\libc_nano.a(lib_a-wbuf.o)
 .ARM.attributes
                0x000000000000050d       0x34 c:/st/stm32cubeide_1.4.0/stm32cubeide/plugins/com.st.stm32cube.ide.mcu.externaltools.gnu-tools-for-stm32.9-2020-q2-update.win32_1.5.0.202011040924/tools/bin/../lib/gcc/arm-none-eabi/9.3.1/../../../../arm-none-eabi/lib/thumb/v7e-m+fp/hard\libc_nano.a(lib_a-wsetup.o)
 .ARM.attributes
                0x0000000000000541       0x34 c:/st/stm32cubeide_1.4.0/stm32cubeide/plugins/com.st.stm32cube.ide.mcu.externaltools.gnu-tools-for-stm32.9-2020-q2-update.win32_1.5.0.202011040924/tools/bin/../lib/gcc/arm-none-eabi/9.3.1/../../../../arm-none-eabi/lib/thumb/v7e-m+fp/hard\libc_nano.a(lib_a-fflush.o)
 .ARM.attributes
                0x0000000000000575       0x34 c:/st/stm32cubeide_1.4.0/stm32cubeide/plugins/com.st.stm32cube.ide.mcu.externaltools.gnu-tools-for-stm32.9-2020-q2-update.win32_1.5.0.202011040924/tools/bin/../lib/gcc/arm-none-eabi/9.3.1/../../../../arm-none-eabi/lib/thumb/v7e-m+fp/hard\libc_nano.a(lib_a-findfp.o)
 .ARM.attributes
                0x00000000000005a9       0x34 c:/st/stm32cubeide_1.4.0/stm32cubeide/plugins/com.st.stm32cube.ide.mcu.externaltools.gnu-tools-for-stm32.9-2020-q2-update.win32_1.5.0.202011040924/tools/bin/../lib/gcc/arm-none-eabi/9.3.1/../../../../arm-none-eabi/lib/thumb/v7e-m+fp/hard\libc_nano.a(lib_a-fwalk.o)
 .ARM.attributes
                0x00000000000005dd       0x34 c:/st/stm32cubeide_1.4.0/stm32cubeide/plugins/com.st.stm32cube.ide.mcu.externaltools.gnu-tools-for-stm32.9-2020-q2-update.win32_1.5.0.202011040924/tools/bin/../lib/gcc/arm-none-eabi/9.3.1/../../../../arm-none-eabi/lib/thumb/v7e-m+fp/hard\libc_nano.a(lib_a-lock.o)
 .ARM.attributes
                0x0000000000000611       0x34 c:/st/stm32cubeide_1.4.0/stm32cubeide/plugins/com.st.stm32cube.ide.mcu.externaltools.gnu-tools-for-stm32.9-2020-q2-update.win32_1.5.0.202011040924/tools/bin/../lib/gcc/arm-none-eabi/9.3.1/../../../../arm-none-eabi/lib/thumb/v7e-m+fp/hard\libc_nano.a(lib_a-makebuf.o)
 .ARM.attributes
                0x0000000000000645       0x34 c:/st/stm32cubeide_1.4.0/stm32cubeide/plugins/com.st.stm32cube.ide.mcu.externaltools.gnu-tools-for-stm32.9-2020-q2-update.win32_1.5.0.202011040924/tools/bin/../lib/gcc/arm-none-eabi/9.3.1/../../../../arm-none-eabi/lib/thumb/v7e-m+fp/hard\libc_nano.a(lib_a-nano-freer.o)
 .ARM.attributes
                0x0000000000000679       0x34 c:/st/stm32cubeide_1.4.0/stm32cubeide/plugins/com.st.stm32cube.ide.mcu.externaltools.gnu-tools-for-stm32.9-2020-q2-update.win32_1.5.0.202011040924/tools/bin/../lib/gcc/arm-none-eabi/9.3.1/../../../../arm-none-eabi/lib/thumb/v7e-m+fp/hard\libc_nano.a(lib_a-nano-mallocr.o)
 .ARM.attributes
                0x00000000000006ad       0x34 c:/st/stm32cubeide_1.4.0/stm32cubeide/plugins/com.st.stm32cube.ide.mcu.externaltools.gnu-tools-for-stm32.9-2020-q2-update.win32_1.5.0.202011040924/tools/bin/../lib/gcc/arm-none-eabi/9.3.1/../../../../arm-none-eabi/lib/thumb/v7e-m+fp/hard\libc_nano.a(lib_a-nano-vfprintf.o)
 .ARM.attributes
                0x00000000000006e1       0x34 c:/st/stm32cubeide_1.4.0/stm32cubeide/plugins/com.st.stm32cube.ide.mcu.externaltools.gnu-tools-for-stm32.9-2020-q2-update.win32_1.5.0.202011040924/tools/bin/../lib/gcc/arm-none-eabi/9.3.1/../../../../arm-none-eabi/lib/thumb/v7e-m+fp/hard\libc_nano.a(lib_a-nano-vfprintf_i.o)
 .ARM.attributes
                0x0000000000000715       0x34 c:/st/stm32cubeide_1.4.0/stm32cubeide/plugins/com.st.stm32cube.ide.mcu.externaltools.gnu-tools-for-stm32.9-2020-q2-update.win32_1.5.0.202011040924/tools/bin/../lib/gcc/arm-none-eabi/9.3.1/../../../../arm-none-eabi/lib/thumb/v7e-m+fp/hard\libc_nano.a(lib_a-sbrkr.o)
 .ARM.attributes
                0x0000000000000749       0x34 c:/st/stm32cubeide_1.4.0/stm32cubeide/plugins/com.st.stm32cube.ide.mcu.externaltools.gnu-tools-for-stm32.9-2020-q2-update.win32_1.5.0.202011040924/tools/bin/../lib/gcc/arm-none-eabi/9.3.1/../../../../arm-none-eabi/lib/thumb/v7e-m+fp/hard\libc_nano.a(lib_a-stdio.o)
 .ARM.attributes
                0x000000000000077d       0x34 c:/st/stm32cubeide_1.4.0/stm32cubeide/plugins/com.st.stm32cube.ide.mcu.externaltools.gnu-tools-for-stm32.9-2020-q2-update.win32_1.5.0.202011040924/tools/bin/../lib/gcc/arm-none-eabi/9.3.1/../../../../arm-none-eabi/lib/thumb/v7e-m+fp/hard\libc_nano.a(lib_a-writer.o)
 .ARM.attributes
                0x00000000000007b1       0x34 c:/st/stm32cubeide_1.4.0/stm32cubeide/plugins/com.st.stm32cube.ide.mcu.externaltools.gnu-tools-for-stm32.9-2020-q2-update.win32_1.5.0.202011040924/tools/bin/../lib/gcc/arm-none-eabi/9.3.1/../../../../arm-none-eabi/lib/thumb/v7e-m+fp/hard\libc_nano.a(lib_a-closer.o)
 .ARM.attributes
                0x00000000000007e5       0x34 c:/st/stm32cubeide_1.4.0/stm32cubeide/plugins/com.st.stm32cube.ide.mcu.externaltools.gnu-tools-for-stm32.9-2020-q2-update.win32_1.5.0.202011040924/tools/bin/../lib/gcc/arm-none-eabi/9.3.1/../../../../arm-none-eabi/lib/thumb/v7e-m+fp/hard\libc_nano.a(lib_a-fstatr.o)
 .ARM.attributes
                0x0000000000000819       0x34 c:/st/stm32cubeide_1.4.0/stm32cubeide/plugins/com.st.stm32cube.ide.mcu.externaltools.gnu-tools-for-stm32.9-2020-q2-update.win32_1.5.0.202011040924/tools/bin/../lib/gcc/arm-none-eabi/9.3.1/../../../../arm-none-eabi/lib/thumb/v7e-m+fp/hard\libc_nano.a(lib_a-isattyr.o)
 .ARM.attributes
                0x000000000000084d       0x34 c:/st/stm32cubeide_1.4.0/stm32cubeide/plugins/com.st.stm32cube.ide.mcu.externaltools.gnu-tools-for-stm32.9-2020-q2-update.win32_1.5.0.202011040924/tools/bin/../lib/gcc/arm-none-eabi/9.3.1/../../../../arm-none-eabi/lib/thumb/v7e-m+fp/hard\libc_nano.a(lib_a-lseekr.o)
 .ARM.attributes
                0x0000000000000881       0x1c c:/st/stm32cubeide_1.4.0/stm32cubeide/plugins/com.st.stm32cube.ide.mcu.externaltools.gnu-tools-for-stm32.9-2020-q2-update.win32_1.5.0.202011040924/tools/bin/../lib/gcc/arm-none-eabi/9.3.1/../../../../arm-none-eabi/lib/thumb/v7e-m+fp/hard\libc_nano.a(lib_a-memchr.o)
 .ARM.attributes
                0x000000000000089d       0x34 c:/st/stm32cubeide_1.4.0/stm32cubeide/plugins/com.st.stm32cube.ide.mcu.externaltools.gnu-tools-for-stm32.9-2020-q2-update.win32_1.5.0.202011040924/tools/bin/../lib/gcc/arm-none-eabi/9.3.1/../../../../arm-none-eabi/lib/thumb/v7e-m+fp/hard\libc_nano.a(lib_a-mlock.o)
 .ARM.attributes
                0x00000000000008d1       0x34 c:/st/stm32cubeide_1.4.0/stm32cubeide/plugins/com.st.stm32cube.ide.mcu.externaltools.gnu-tools-for-stm32.9-2020-q2-update.win32_1.5.0.202011040924/tools/bin/../lib/gcc/arm-none-eabi/9.3.1/../../../../arm-none-eabi/lib/thumb/v7e-m+fp/hard\libc_nano.a(lib_a-readr.o)
 .ARM.attributes
                0x0000000000000905       0x34 c:/st/stm32cubeide_1.4.0/stm32cubeide/plugins/com.st.stm32cube.ide.mcu.externaltools.gnu-tools-for-stm32.9-2020-q2-update.win32_1.5.0.202011040924/tools/bin/../lib/gcc/arm-none-eabi/9.3.1/../../../../arm-none-eabi/lib/thumb/v7e-m+fp/hard\libc_nano.a(lib_a-reent.o)
 .ARM.attributes
                0x0000000000000939       0x1e c:/st/stm32cubeide_1.4.0/stm32cubeide/plugins/com.st.stm32cube.ide.mcu.externaltools.gnu-tools-for-stm32.9-2020-q2-update.win32_1.5.0.202011040924/tools/bin/../lib/gcc/arm-none-eabi/9.3.1/thumb/v7e-m+fp/hard\libgcc.a(_aeabi_uldivmod.o)
 .ARM.attributes
                0x0000000000000957       0x34 c:/st/stm32cubeide_1.4.0/stm32cubeide/plugins/com.st.stm32cube.ide.mcu.externaltools.gnu-tools-for-stm32.9-2020-q2-update.win32_1.5.0.202011040924/tools/bin/../lib/gcc/arm-none-eabi/9.3.1/thumb/v7e-m+fp/hard\libgcc.a(_udivmoddi4.o)
 .ARM.attributes
                0x000000000000098b       0x1e c:/st/stm32cubeide_1.4.0/stm32cubeide/plugins/com.st.stm32cube.ide.mcu.externaltools.gnu-tools-for-stm32.9-2020-q2-update.win32_1.5.0.202011040924/tools/bin/../lib/gcc/arm-none-eabi/9.3.1/thumb/v7e-m+fp/hard\libgcc.a(_dvmd_tls.o)
 .ARM.attributes
                0x00000000000009a9       0x1e c:/st/stm32cubeide_1.4.0/stm32cubeide/plugins/com.st.stm32cube.ide.mcu.externaltools.gnu-tools-for-stm32.9-2020-q2-update.win32_1.5.0.202011040924/tools/bin/../lib/gcc/arm-none-eabi/9.3.1/thumb/v7e-m+fp/hard/crtn.o
OUTPUT(ex10_w5300_loopback.elf elf32-littlearm)
LOAD linker stubs
LOAD c:/st/stm32cubeide_1.4.0/stm32cubeide/plugins/com.st.stm32cube.ide.mcu.externaltools.gnu-tools-for-stm32.9-2020-q2-update.win32_1.5.0.202011040924/tools/bin/../lib/gcc/arm-none-eabi/9.3.1/../../../../arm-none-eabi/lib/thumb/v7e-m+fp/hard\libc.a
LOAD c:/st/stm32cubeide_1.4.0/stm32cubeide/plugins/com.st.stm32cube.ide.mcu.externaltools.gnu-tools-for-stm32.9-2020-q2-update.win32_1.5.0.202011040924/tools/bin/../lib/gcc/arm-none-eabi/9.3.1/../../../../arm-none-eabi/lib/thumb/v7e-m+fp/hard\libm.a
LOAD c:/st/stm32cubeide_1.4.0/stm32cubeide/plugins/com.st.stm32cube.ide.mcu.externaltools.gnu-tools-for-stm32.9-2020-q2-update.win32_1.5.0.202011040924/tools/bin/../lib/gcc/arm-none-eabi/9.3.1/thumb/v7e-m+fp/hard\libgcc.a

.debug_info     0x0000000000000000    0x100d8
 .debug_info    0x0000000000000000      0xab7 Drivers/STM32F4xx_HAL_Driver/Src/stm32f4xx_hal.o
 .debug_info    0x0000000000000ab7     0x1156 Drivers/STM32F4xx_HAL_Driver/Src/stm32f4xx_hal_cortex.o
 .debug_info    0x0000000000001c0d      0x88a Drivers/STM32F4xx_HAL_Driver/Src/stm32f4xx_hal_gpio.o
 .debug_info    0x0000000000002497      0xbcb Drivers/STM32F4xx_HAL_Driver/Src/stm32f4xx_hal_rcc.o
 .debug_info    0x0000000000003062      0xd7d Drivers/STM32F4xx_HAL_Driver/Src/stm32f4xx_hal_sram.o
 .debug_info    0x0000000000003ddf     0x208d Drivers/STM32F4xx_HAL_Driver/Src/stm32f4xx_hal_uart.o
 .debug_info    0x0000000000005e6c      0xc43 Drivers/STM32F4xx_HAL_Driver/Src/stm32f4xx_ll_fsmc.o
 .debug_info    0x0000000000006aaf      0x9c4 Src/ioLibrary_Driver-master/Ethernet/W5300/w5300.o
 .debug_info    0x0000000000007473     0x18e9 Src/ioLibrary_Driver-master/Ethernet/socket.o
 .debug_info    0x0000000000008d5c     0x15c8 Src/ioLibrary_Driver-master/Ethernet/wizchip_conf.o
 .debug_info    0x000000000000a324     0x126b Src/loopback.o
 .debug_info    0x000000000000b58f     0x19eb Src/main.o
 .debug_info    0x000000000000cf7a      0xe35 Src/stm32f4xx_hal_msp.o
 .debug_info    0x000000000000ddaf      0x22e Src/stm32f4xx_it.o
 .debug_info    0x000000000000dfdd     0x10ce Src/syscalls.o
 .debug_info    0x000000000000f0ab      0xa4e Src/sysmem.o
 .debug_info    0x000000000000faf9      0x5bd Src/system_stm32f4xx.o
 .debug_info    0x00000000000100b6       0x22 Startup/startup_stm32f417zgtx.o

.debug_abbrev   0x0000000000000000     0x2ec7
 .debug_abbrev  0x0000000000000000      0x27e Drivers/STM32F4xx_HAL_Driver/Src/stm32f4xx_hal.o
 .debug_abbrev  0x000000000000027e      0x389 Drivers/STM32F4xx_HAL_Driver/Src/stm32f4xx_hal_cortex.o
 .debug_abbrev  0x0000000000000607      0x231 Drivers/STM32F4xx_HAL_Driver/Src/stm32f4xx_hal_gpio.o
 .debug_abbrev  0x0000000000000838      0x318 Drivers/STM32F4xx_HAL_Driver/Src/stm32f4xx_hal_rcc.o
 .debug_abbrev  0x0000000000000b50      0x24a Drivers/STM32F4xx_HAL_Driver/Src/stm32f4xx_hal_sram.o
 .debug_abbrev  0x0000000000000d9a      0x3f6 Drivers/STM32F4xx_HAL_Driver/Src/stm32f4xx_hal_uart.o
 .debug_abbrev  0x0000000000001190      0x1dc Drivers/STM32F4xx_HAL_Driver/Src/stm32f4xx_ll_fsmc.o
 .debug_abbrev  0x000000000000136c      0x32b Src/ioLibrary_Driver-master/Ethernet/W5300/w5300.o
 .debug_abbrev  0x0000000000001697      0x347 Src/ioLibrary_Driver-master/Ethernet/socket.o
 .debug_abbrev  0x00000000000019de      0x48c Src/ioLibrary_Driver-master/Ethernet/wizchip_conf.o
 .debug_abbrev  0x0000000000001e6a      0x279 Src/loopback.o
 .debug_abbrev  0x00000000000020e3      0x3fd Src/main.o
 .debug_abbrev  0x00000000000024e0      0x283 Src/stm32f4xx_hal_msp.o
 .debug_abbrev  0x0000000000002763      0x129 Src/stm32f4xx_it.o
 .debug_abbrev  0x000000000000288c      0x2ea Src/syscalls.o
 .debug_abbrev  0x0000000000002b76      0x1f4 Src/sysmem.o
 .debug_abbrev  0x0000000000002d6a      0x14b Src/system_stm32f4xx.o
 .debug_abbrev  0x0000000000002eb5       0x12 Startup/startup_stm32f417zgtx.o

.debug_loc      0x0000000000000000     0x8f94
 .debug_loc     0x0000000000000000      0x168 Drivers/STM32F4xx_HAL_Driver/Src/stm32f4xx_hal.o
 .debug_loc     0x0000000000000168      0x7a7 Drivers/STM32F4xx_HAL_Driver/Src/stm32f4xx_hal_cortex.o
 .debug_loc     0x000000000000090f      0x563 Drivers/STM32F4xx_HAL_Driver/Src/stm32f4xx_hal_gpio.o
 .debug_loc     0x0000000000000e72      0x516 Drivers/STM32F4xx_HAL_Driver/Src/stm32f4xx_hal_rcc.o
 .debug_loc     0x0000000000001388      0xa0e Drivers/STM32F4xx_HAL_Driver/Src/stm32f4xx_hal_sram.o
 .debug_loc     0x0000000000001d96     0x216f Drivers/STM32F4xx_HAL_Driver/Src/stm32f4xx_hal_uart.o
 .debug_loc     0x0000000000003f05      0x88d Drivers/STM32F4xx_HAL_Driver/Src/stm32f4xx_ll_fsmc.o
 .debug_loc     0x0000000000004792      0x6d2 Src/ioLibrary_Driver-master/Ethernet/W5300/w5300.o
 .debug_loc     0x0000000000004e64     0x1b14 Src/ioLibrary_Driver-master/Ethernet/socket.o
 .debug_loc     0x0000000000006978     0x193b Src/ioLibrary_Driver-master/Ethernet/wizchip_conf.o
 .debug_loc     0x00000000000082b3      0x603 Src/loopback.o
 .debug_loc     0x00000000000088b6       0xf0 Src/main.o
 .debug_loc     0x00000000000089a6       0x94 Src/stm32f4xx_hal_msp.o
 .debug_loc     0x0000000000008a3a      0x3bb Src/syscalls.o
 .debug_loc     0x0000000000008df5       0x70 Src/sysmem.o
 .debug_loc     0x0000000000008e65      0x12f Src/system_stm32f4xx.o

.debug_aranges  0x0000000000000000      0x940
 .debug_aranges
                0x0000000000000000       0xe8 Drivers/STM32F4xx_HAL_Driver/Src/stm32f4xx_hal.o
 .debug_aranges
                0x00000000000000e8       0xa8 Drivers/STM32F4xx_HAL_Driver/Src/stm32f4xx_hal_cortex.o
 .debug_aranges
                0x0000000000000190       0x58 Drivers/STM32F4xx_HAL_Driver/Src/stm32f4xx_hal_gpio.o
 .debug_aranges
                0x00000000000001e8       0x88 Drivers/STM32F4xx_HAL_Driver/Src/stm32f4xx_hal_rcc.o
 .debug_aranges
                0x0000000000000270       0x88 Drivers/STM32F4xx_HAL_Driver/Src/stm32f4xx_hal_sram.o
 .debug_aranges
                0x00000000000002f8      0x188 Drivers/STM32F4xx_HAL_Driver/Src/stm32f4xx_hal_uart.o
 .debug_aranges
                0x0000000000000480       0xa8 Drivers/STM32F4xx_HAL_Driver/Src/stm32f4xx_ll_fsmc.o
 .debug_aranges
                0x0000000000000528       0x70 Src/ioLibrary_Driver-master/Ethernet/W5300/w5300.o
 .debug_aranges
                0x0000000000000598       0x80 Src/ioLibrary_Driver-master/Ethernet/socket.o
 .debug_aranges
                0x0000000000000618       0xe8 Src/ioLibrary_Driver-master/Ethernet/wizchip_conf.o
 .debug_aranges
                0x0000000000000700       0x30 Src/loopback.o
 .debug_aranges
                0x0000000000000730       0x68 Src/main.o
 .debug_aranges
                0x0000000000000798       0x40 Src/stm32f4xx_hal_msp.o
 .debug_aranges
                0x00000000000007d8       0x50 Src/stm32f4xx_it.o
 .debug_aranges
                0x0000000000000828       0xa8 Src/syscalls.o
 .debug_aranges
                0x00000000000008d0       0x20 Src/sysmem.o
 .debug_aranges
                0x00000000000008f0       0x28 Src/system_stm32f4xx.o
 .debug_aranges
                0x0000000000000918       0x28 Startup/startup_stm32f417zgtx.o

.debug_ranges   0x0000000000000000     0x1098
 .debug_ranges  0x0000000000000000       0xd8 Drivers/STM32F4xx_HAL_Driver/Src/stm32f4xx_hal.o
 .debug_ranges  0x00000000000000d8      0x1c0 Drivers/STM32F4xx_HAL_Driver/Src/stm32f4xx_hal_cortex.o
 .debug_ranges  0x0000000000000298       0x68 Drivers/STM32F4xx_HAL_Driver/Src/stm32f4xx_hal_gpio.o
 .debug_ranges  0x0000000000000300      0x138 Drivers/STM32F4xx_HAL_Driver/Src/stm32f4xx_hal_rcc.o
 .debug_ranges  0x0000000000000438       0x78 Drivers/STM32F4xx_HAL_Driver/Src/stm32f4xx_hal_sram.o
 .debug_ranges  0x00000000000004b0      0x3a8 Drivers/STM32F4xx_HAL_Driver/Src/stm32f4xx_hal_uart.o
 .debug_ranges  0x0000000000000858       0x98 Drivers/STM32F4xx_HAL_Driver/Src/stm32f4xx_ll_fsmc.o
 .debug_ranges  0x00000000000008f0      0x1f0 Src/ioLibrary_Driver-master/Ethernet/W5300/w5300.o
 .debug_ranges  0x0000000000000ae0       0x88 Src/ioLibrary_Driver-master/Ethernet/socket.o
 .debug_ranges  0x0000000000000b68      0x120 Src/ioLibrary_Driver-master/Ethernet/wizchip_conf.o
 .debug_ranges  0x0000000000000c88       0x20 Src/loopback.o
 .debug_ranges  0x0000000000000ca8      0x1d0 Src/main.o
 .debug_ranges  0x0000000000000e78       0xe8 Src/stm32f4xx_hal_msp.o
 .debug_ranges  0x0000000000000f60       0x40 Src/stm32f4xx_it.o
 .debug_ranges  0x0000000000000fa0       0xb0 Src/syscalls.o
 .debug_ranges  0x0000000000001050       0x10 Src/sysmem.o
 .debug_ranges  0x0000000000001060       0x18 Src/system_stm32f4xx.o
 .debug_ranges  0x0000000000001078       0x20 Startup/startup_stm32f417zgtx.o

.debug_macro    0x0000000000000000    0x2299f
 .debug_macro   0x0000000000000000      0x235 Drivers/STM32F4xx_HAL_Driver/Src/stm32f4xx_hal.o
 .debug_macro   0x0000000000000235      0xab4 Drivers/STM32F4xx_HAL_Driver/Src/stm32f4xx_hal.o
 .debug_macro   0x0000000000000ce9      0x29b Drivers/STM32F4xx_HAL_Driver/Src/stm32f4xx_hal.o
 .debug_macro   0x0000000000000f84       0x2e Drivers/STM32F4xx_HAL_Driver/Src/stm32f4xx_hal.o
 .debug_macro   0x0000000000000fb2       0x28 Drivers/STM32F4xx_HAL_Driver/Src/stm32f4xx_hal.o
 .debug_macro   0x0000000000000fda       0x22 Drivers/STM32F4xx_HAL_Driver/Src/stm32f4xx_hal.o
 .debug_macro   0x0000000000000ffc       0x8e Drivers/STM32F4xx_HAL_Driver/Src/stm32f4xx_hal.o
 .debug_macro   0x000000000000108a       0x51 Drivers/STM32F4xx_HAL_Driver/Src/stm32f4xx_hal.o
 .debug_macro   0x00000000000010db      0x103 Drivers/STM32F4xx_HAL_Driver/Src/stm32f4xx_hal.o
 .debug_macro   0x00000000000011de       0x6a Drivers/STM32F4xx_HAL_Driver/Src/stm32f4xx_hal.o
 .debug_macro   0x0000000000001248      0x1df Drivers/STM32F4xx_HAL_Driver/Src/stm32f4xx_hal.o
 .debug_macro   0x0000000000001427       0x1c Drivers/STM32F4xx_HAL_Driver/Src/stm32f4xx_hal.o
 .debug_macro   0x0000000000001443       0x22 Drivers/STM32F4xx_HAL_Driver/Src/stm32f4xx_hal.o
 .debug_macro   0x0000000000001465       0xdf Drivers/STM32F4xx_HAL_Driver/Src/stm32f4xx_hal.o
 .debug_macro   0x0000000000001544     0x102d Drivers/STM32F4xx_HAL_Driver/Src/stm32f4xx_hal.o
 .debug_macro   0x0000000000002571      0x11f Drivers/STM32F4xx_HAL_Driver/Src/stm32f4xx_hal.o
 .debug_macro   0x0000000000002690    0x1632f Drivers/STM32F4xx_HAL_Driver/Src/stm32f4xx_hal.o
 .debug_macro   0x00000000000189bf       0x43 Drivers/STM32F4xx_HAL_Driver/Src/stm32f4xx_hal.o
 .debug_macro   0x0000000000018a02     0x3659 Drivers/STM32F4xx_HAL_Driver/Src/stm32f4xx_hal.o
 .debug_macro   0x000000000001c05b      0x174 Drivers/STM32F4xx_HAL_Driver/Src/stm32f4xx_hal.o
 .debug_macro   0x000000000001c1cf       0x5c Drivers/STM32F4xx_HAL_Driver/Src/stm32f4xx_hal.o
 .debug_macro   0x000000000001c22b      0x9db Drivers/STM32F4xx_HAL_Driver/Src/stm32f4xx_hal.o
 .debug_macro   0x000000000001cc06      0x9fe Drivers/STM32F4xx_HAL_Driver/Src/stm32f4xx_hal.o
 .debug_macro   0x000000000001d604      0x117 Drivers/STM32F4xx_HAL_Driver/Src/stm32f4xx_hal.o
 .debug_macro   0x000000000001d71b      0x13e Drivers/STM32F4xx_HAL_Driver/Src/stm32f4xx_hal.o
 .debug_macro   0x000000000001d859       0x82 Drivers/STM32F4xx_HAL_Driver/Src/stm32f4xx_hal.o
 .debug_macro   0x000000000001d8db      0x174 Drivers/STM32F4xx_HAL_Driver/Src/stm32f4xx_hal.o
 .debug_macro   0x000000000001da4f      0x287 Drivers/STM32F4xx_HAL_Driver/Src/stm32f4xx_hal.o
 .debug_macro   0x000000000001dcd6       0x5f Drivers/STM32F4xx_HAL_Driver/Src/stm32f4xx_hal.o
 .debug_macro   0x000000000001dd35      0x236 Drivers/STM32F4xx_HAL_Driver/Src/stm32f4xx_hal.o
 .debug_macro   0x000000000001df6b      0x12c Drivers/STM32F4xx_HAL_Driver/Src/stm32f4xx_hal.o
 .debug_macro   0x000000000001e097      0x21e Drivers/STM32F4xx_HAL_Driver/Src/stm32f4xx_hal.o
 .debug_macro   0x000000000001e2b5       0x2e Drivers/STM32F4xx_HAL_Driver/Src/stm32f4xx_hal.o
 .debug_macro   0x000000000001e2e3      0x543 Drivers/STM32F4xx_HAL_Driver/Src/stm32f4xx_hal.o
 .debug_macro   0x000000000001e826      0x11a Drivers/STM32F4xx_HAL_Driver/Src/stm32f4xx_hal.o
 .debug_macro   0x000000000001e940       0x7e Drivers/STM32F4xx_HAL_Driver/Src/stm32f4xx_hal.o
 .debug_macro   0x000000000001e9be       0x89 Drivers/STM32F4xx_HAL_Driver/Src/stm32f4xx_hal.o
 .debug_macro   0x000000000001ea47      0x295 Drivers/STM32F4xx_HAL_Driver/Src/stm32f4xx_hal.o
 .debug_macro   0x000000000001ecdc      0x12d Drivers/STM32F4xx_HAL_Driver/Src/stm32f4xx_hal.o
 .debug_macro   0x000000000001ee09      0x1d5 Drivers/STM32F4xx_HAL_Driver/Src/stm32f4xx_hal_cortex.o
 .debug_macro   0x000000000001efde      0x1db Drivers/STM32F4xx_HAL_Driver/Src/stm32f4xx_hal_gpio.o
 .debug_macro   0x000000000001f1b9      0x1f9 Drivers/STM32F4xx_HAL_Driver/Src/stm32f4xx_hal_rcc.o
 .debug_macro   0x000000000001f3b2      0x1d5 Drivers/STM32F4xx_HAL_Driver/Src/stm32f4xx_hal_sram.o
 .debug_macro   0x000000000001f587      0x1d6 Drivers/STM32F4xx_HAL_Driver/Src/stm32f4xx_hal_uart.o
 .debug_macro   0x000000000001f75d      0x1d5 Drivers/STM32F4xx_HAL_Driver/Src/stm32f4xx_ll_fsmc.o
 .debug_macro   0x000000000001f932      0x20a Src/ioLibrary_Driver-master/Ethernet/W5300/w5300.o
 .debug_macro   0x000000000001fb3c       0x52 Src/ioLibrary_Driver-master/Ethernet/W5300/w5300.o
 .debug_macro   0x000000000001fb8e       0x73 Src/ioLibrary_Driver-master/Ethernet/W5300/w5300.o
 .debug_macro   0x000000000001fc01      0x749 Src/ioLibrary_Driver-master/Ethernet/W5300/w5300.o
 .debug_macro   0x000000000002034a       0x66 Src/ioLibrary_Driver-master/Ethernet/W5300/w5300.o
 .debug_macro   0x00000000000203b0       0xb8 Src/ioLibrary_Driver-master/Ethernet/socket.o
 .debug_macro   0x0000000000020468       0x6d Src/ioLibrary_Driver-master/Ethernet/socket.o
 .debug_macro   0x00000000000204d5       0xc6 Src/ioLibrary_Driver-master/Ethernet/socket.o
 .debug_macro   0x000000000002059b       0x94 Src/ioLibrary_Driver-master/Ethernet/wizchip_conf.o
 .debug_macro   0x000000000002062f      0x201 Src/loopback.o
 .debug_macro   0x0000000000020830       0x4c Src/loopback.o
 .debug_macro   0x000000000002087c       0x18 Src/loopback.o
 .debug_macro   0x0000000000020894       0x94 Src/loopback.o
 .debug_macro   0x0000000000020928       0x3c Src/loopback.o
 .debug_macro   0x0000000000020964       0x34 Src/loopback.o
 .debug_macro   0x0000000000020998       0x16 Src/loopback.o
 .debug_macro   0x00000000000209ae       0x57 Src/loopback.o
 .debug_macro   0x0000000000020a05       0x97 Src/loopback.o
 .debug_macro   0x0000000000020a9c      0x339 Src/loopback.o
 .debug_macro   0x0000000000020dd5       0xfd Src/loopback.o
 .debug_macro   0x0000000000020ed2       0x10 Src/loopback.o
 .debug_macro   0x0000000000020ee2       0x16 Src/loopback.o
 .debug_macro   0x0000000000020ef8       0x43 Src/loopback.o
 .debug_macro   0x0000000000020f3b       0x34 Src/loopback.o
 .debug_macro   0x0000000000020f6f       0x10 Src/loopback.o
 .debug_macro   0x0000000000020f7f       0x58 Src/loopback.o
 .debug_macro   0x0000000000020fd7       0x71 Src/loopback.o
 .debug_macro   0x0000000000021048       0x1c Src/loopback.o
 .debug_macro   0x0000000000021064      0x12a Src/loopback.o
 .debug_macro   0x000000000002118e       0x10 Src/loopback.o
 .debug_macro   0x000000000002119e       0x1c Src/loopback.o
 .debug_macro   0x00000000000211ba       0x52 Src/loopback.o
 .debug_macro   0x000000000002120c       0x22 Src/loopback.o
 .debug_macro   0x000000000002122e       0x10 Src/loopback.o
 .debug_macro   0x000000000002123e       0x40 Src/loopback.o
 .debug_macro   0x000000000002127e       0xd5 Src/loopback.o
 .debug_macro   0x0000000000021353       0x1c Src/loopback.o
 .debug_macro   0x000000000002136f       0x3d Src/loopback.o
 .debug_macro   0x00000000000213ac       0x16 Src/loopback.o
 .debug_macro   0x00000000000213c2      0x145 Src/loopback.o
 .debug_macro   0x0000000000021507       0x1c Src/loopback.o
 .debug_macro   0x0000000000021523      0x226 Src/main.o
 .debug_macro   0x0000000000021749       0x2e Src/main.o
 .debug_macro   0x0000000000021777      0x1df Src/stm32f4xx_hal_msp.o
 .debug_macro   0x0000000000021956      0x1e9 Src/stm32f4xx_it.o
 .debug_macro   0x0000000000021b3f      0x24c Src/syscalls.o
 .debug_macro   0x0000000000021d8b       0x10 Src/syscalls.o
 .debug_macro   0x0000000000021d9b       0x35 Src/syscalls.o
 .debug_macro   0x0000000000021dd0       0x10 Src/syscalls.o
 .debug_macro   0x0000000000021de0       0x10 Src/syscalls.o
 .debug_macro   0x0000000000021df0       0x35 Src/syscalls.o
 .debug_macro   0x0000000000021e25      0x12c Src/syscalls.o
 .debug_macro   0x0000000000021f51       0x16 Src/syscalls.o
 .debug_macro   0x0000000000021f67       0x16 Src/syscalls.o
 .debug_macro   0x0000000000021f7d       0x29 Src/syscalls.o
 .debug_macro   0x0000000000021fa6       0x10 Src/syscalls.o
 .debug_macro   0x0000000000021fb6      0x241 Src/syscalls.o
 .debug_macro   0x00000000000221f7       0x1c Src/syscalls.o
 .debug_macro   0x0000000000022213       0x10 Src/syscalls.o
 .debug_macro   0x0000000000022223      0x189 Src/syscalls.o
 .debug_macro   0x00000000000223ac       0x16 Src/syscalls.o
 .debug_macro   0x00000000000223c2       0xce Src/syscalls.o
 .debug_macro   0x0000000000022490       0xff Src/sysmem.o
 .debug_macro   0x000000000002258f      0x23b Src/sysmem.o
 .debug_macro   0x00000000000227ca      0x1d5 Src/system_stm32f4xx.o

.debug_line     0x0000000000000000     0xf00c
 .debug_line    0x0000000000000000      0xa52 Drivers/STM32F4xx_HAL_Driver/Src/stm32f4xx_hal.o
 .debug_line    0x0000000000000a52      0xcf7 Drivers/STM32F4xx_HAL_Driver/Src/stm32f4xx_hal_cortex.o
 .debug_line    0x0000000000001749      0xc6d Drivers/STM32F4xx_HAL_Driver/Src/stm32f4xx_hal_gpio.o
 .debug_line    0x00000000000023b6     0x109a Drivers/STM32F4xx_HAL_Driver/Src/stm32f4xx_hal_rcc.o
 .debug_line    0x0000000000003450      0xea9 Drivers/STM32F4xx_HAL_Driver/Src/stm32f4xx_hal_sram.o
 .debug_line    0x00000000000042f9     0x2f70 Drivers/STM32F4xx_HAL_Driver/Src/stm32f4xx_hal_uart.o
 .debug_line    0x0000000000007269      0xe5b Drivers/STM32F4xx_HAL_Driver/Src/stm32f4xx_ll_fsmc.o
 .debug_line    0x00000000000080c4      0xb95 Src/ioLibrary_Driver-master/Ethernet/W5300/w5300.o
 .debug_line    0x0000000000008c59     0x1929 Src/ioLibrary_Driver-master/Ethernet/socket.o
 .debug_line    0x000000000000a582      0xfde Src/ioLibrary_Driver-master/Ethernet/wizchip_conf.o
 .debug_line    0x000000000000b560      0x8e2 Src/loopback.o
 .debug_line    0x000000000000be42      0xc00 Src/main.o
 .debug_line    0x000000000000ca42      0x898 Src/stm32f4xx_hal_msp.o
 .debug_line    0x000000000000d2da      0x790 Src/stm32f4xx_it.o
 .debug_line    0x000000000000da6a      0x8a7 Src/syscalls.o
 .debug_line    0x000000000000e311      0x52b Src/sysmem.o
 .debug_line    0x000000000000e83c      0x74d Src/system_stm32f4xx.o
 .debug_line    0x000000000000ef89       0x83 Startup/startup_stm32f417zgtx.o

.debug_str      0x0000000000000000    0xcd2a3
 .debug_str     0x0000000000000000    0xc196c Drivers/STM32F4xx_HAL_Driver/Src/stm32f4xx_hal.o
                                      0xc1cef (size before relaxing)
 .debug_str     0x00000000000c196c      0x3a8 Drivers/STM32F4xx_HAL_Driver/Src/stm32f4xx_hal_cortex.o
                                      0xc1a99 (size before relaxing)
 .debug_str     0x00000000000c1d14      0x1e5 Drivers/STM32F4xx_HAL_Driver/Src/stm32f4xx_hal_gpio.o
                                      0xc1360 (size before relaxing)
 .debug_str     0x00000000000c1ef9      0x38f Drivers/STM32F4xx_HAL_Driver/Src/stm32f4xx_hal_rcc.o
                                      0xc15e2 (size before relaxing)
 .debug_str     0x00000000000c2288      0x5c1 Drivers/STM32F4xx_HAL_Driver/Src/stm32f4xx_hal_sram.o
                                      0xc178c (size before relaxing)
 .debug_str     0x00000000000c2849      0x815 Drivers/STM32F4xx_HAL_Driver/Src/stm32f4xx_hal_uart.o
                                      0xc1b94 (size before relaxing)
 .debug_str     0x00000000000c305e      0x105 Drivers/STM32F4xx_HAL_Driver/Src/stm32f4xx_ll_fsmc.o
                                      0xc15a6 (size before relaxing)
 .debug_str     0x00000000000c3163     0x3884 Src/ioLibrary_Driver-master/Ethernet/W5300/w5300.o
                                      0xc48db (size before relaxing)
 .debug_str     0x00000000000c69e7      0x70d Src/ioLibrary_Driver-master/Ethernet/socket.o
                                       0x7a60 (size before relaxing)
 .debug_str     0x00000000000c70f4      0x5ef Src/ioLibrary_Driver-master/Ethernet/wizchip_conf.o
                                       0x7bd4 (size before relaxing)
 .debug_str     0x00000000000c76e3     0x40e9 Src/loopback.o
                                       0xbb1d (size before relaxing)
 .debug_str     0x00000000000cb7cc      0x172 Src/main.o
                                      0xc5810 (size before relaxing)
 .debug_str     0x00000000000cb93e       0x63 Src/stm32f4xx_hal_msp.o
                                      0xc185a (size before relaxing)
 .debug_str     0x00000000000cb9a1       0xb8 Src/stm32f4xx_it.o
                                      0xc10dc (size before relaxing)
 .debug_str     0x00000000000cba59     0x176e Src/syscalls.o
                                       0x8f11 (size before relaxing)
 .debug_str     0x00000000000cd1c7       0x66 Src/sysmem.o
                                       0x62ca (size before relaxing)