_user_code_w5300.h:42:6:W5300_write	0	static
_user_code_w5300.h:47:10:W5300_read	0	static
main.c:209:6:CamImagTransferFrame.constprop	2056	static
main.c:188:6:CamImagTransferLine.constprop	2056	static
_user_code_intit.h:3:5:_write	24	static
_user_code_w5300.h:34:6:Reset_W5300	8	static
_user_code_w5300.h:54:6:print_network_information	24	static
_user_code_w5300.h:66:6:_InitW5300	8	static
_user_code_intit.h:13:6:init_project	0	static
_user_code_cam.h:22:6:HAL_DCMI_FrameEventCallback	0	static
_user_code_cam.h:28:6:HAL_DCMI_VsyncEventCallback	0	static
_user_code_cam.h:33:6:HAL_DCMI_LineEventCallback	0	static
_user_code_cam.h:77:6:CAMERA_IO_Write	48	static
_user_code_cam.h:88:9:CAMERA_IO_Read	40	static
_user_code_cam.h:97:6:CAMERA_Delay	0	static
_user_code_cam.h:102:6:CAMERA_IO_Init	8	static
_user_code_cam.h:112:6:_init_cam	16	static
_user_code_cam.h:120:6:CameraStat	0	static
main.c:92:9:ProcessCamTcps	24	static
main.c:188:6:CamImagTransferLine	2064	static
main.c:209:6:CamImagTransferFrame	2056	static
main.c:313:6:SystemClock_Config	104	static
main.c:235:5:main	88	static
main.c:631:6:Error_Handler	0	static
