Archive member included to satisfy reference by file (symbol)

c:/st/stm32cubeide_1.4.0/stm32cubeide/plugins/com.st.stm32cube.ide.mcu.externaltools.gnu-tools-for-stm32.9-2020-q2-update.win32_1.5.0.202011040924/tools/bin/../lib/gcc/arm-none-eabi/9.3.1/../../../../arm-none-eabi/lib/thumb/v7e-m+fp/hard\libc_nano.a(lib_a-errno.o)
                              Src/syscalls.o (__errno)
c:/st/stm32cubeide_1.4.0/stm32cubeide/plugins/com.st.stm32cube.ide.mcu.externaltools.gnu-tools-for-stm32.9-2020-q2-update.win32_1.5.0.202011040924/tools/bin/../lib/gcc/arm-none-eabi/9.3.1/../../../../arm-none-eabi/lib/thumb/v7e-m+fp/hard\libc_nano.a(lib_a-exit.o)
                              c:/st/stm32cubeide_1.4.0/stm32cubeide/plugins/com.st.stm32cube.ide.mcu.externaltools.gnu-tools-for-stm32.9-2020-q2-update.win32_1.5.0.202011040924/tools/bin/../lib/gcc/arm-none-eabi/9.3.1/../../../../arm-none-eabi/lib/thumb/v7e-m+fp/hard/crt0.o (exit)
c:/st/stm32cubeide_1.4.0/stm32cubeide/plugins/com.st.stm32cube.ide.mcu.externaltools.gnu-tools-for-stm32.9-2020-q2-update.win32_1.5.0.202011040924/tools/bin/../lib/gcc/arm-none-eabi/9.3.1/../../../../arm-none-eabi/lib/thumb/v7e-m+fp/hard\libc_nano.a(lib_a-impure.o)
                              c:/st/stm32cubeide_1.4.0/stm32cubeide/plugins/com.st.stm32cube.ide.mcu.externaltools.gnu-tools-for-stm32.9-2020-q2-update.win32_1.5.0.202011040924/tools/bin/../lib/gcc/arm-none-eabi/9.3.1/../../../../arm-none-eabi/lib/thumb/v7e-m+fp/hard\libc_nano.a(lib_a-exit.o) (_global_impure_ptr)
c:/st/stm32cubeide_1.4.0/stm32cubeide/plugins/com.st.stm32cube.ide.mcu.externaltools.gnu-tools-for-stm32.9-2020-q2-update.win32_1.5.0.202011040924/tools/bin/../lib/gcc/arm-none-eabi/9.3.1/../../../../arm-none-eabi/lib/thumb/v7e-m+fp/hard\libc_nano.a(lib_a-init.o)
                              c:/st/stm32cubeide_1.4.0/stm32cubeide/plugins/com.st.stm32cube.ide.mcu.externaltools.gnu-tools-for-stm32.9-2020-q2-update.win32_1.5.0.202011040924/tools/bin/../lib/gcc/arm-none-eabi/9.3.1/../../../../arm-none-eabi/lib/thumb/v7e-m+fp/hard/crt0.o (__libc_init_array)
c:/st/stm32cubeide_1.4.0/stm32cubeide/plugins/com.st.stm32cube.ide.mcu.externaltools.gnu-tools-for-stm32.9-2020-q2-update.win32_1.5.0.202011040924/tools/bin/../lib/gcc/arm-none-eabi/9.3.1/../../../../arm-none-eabi/lib/thumb/v7e-m+fp/hard\libc_nano.a(lib_a-memcpy-stub.o)
                              Src/main.o (memcpy)
c:/st/stm32cubeide_1.4.0/stm32cubeide/plugins/com.st.stm32cube.ide.mcu.externaltools.gnu-tools-for-stm32.9-2020-q2-update.win32_1.5.0.202011040924/tools/bin/../lib/gcc/arm-none-eabi/9.3.1/../../../../arm-none-eabi/lib/thumb/v7e-m+fp/hard\libc_nano.a(lib_a-memset.o)
                              c:/st/stm32cubeide_1.4.0/stm32cubeide/plugins/com.st.stm32cube.ide.mcu.externaltools.gnu-tools-for-stm32.9-2020-q2-update.win32_1.5.0.202011040924/tools/bin/../lib/gcc/arm-none-eabi/9.3.1/../../../../arm-none-eabi/lib/thumb/v7e-m+fp/hard/crt0.o (memset)
c:/st/stm32cubeide_1.4.0/stm32cubeide/plugins/com.st.stm32cube.ide.mcu.externaltools.gnu-tools-for-stm32.9-2020-q2-update.win32_1.5.0.202011040924/tools/bin/../lib/gcc/arm-none-eabi/9.3.1/../../../../arm-none-eabi/lib/thumb/v7e-m+fp/hard\libc_nano.a(lib_a-printf.o)
                              Src/main.o (printf)
c:/st/stm32cubeide_1.4.0/stm32cubeide/plugins/com.st.stm32cube.ide.mcu.externaltools.gnu-tools-for-stm32.9-2020-q2-update.win32_1.5.0.202011040924/tools/bin/../lib/gcc/arm-none-eabi/9.3.1/../../../../arm-none-eabi/lib/thumb/v7e-m+fp/hard\libc_nano.a(lib_a-puts.o)
                              Src/main.o (puts)
c:/st/stm32cubeide_1.4.0/stm32cubeide/plugins/com.st.stm32cube.ide.mcu.externaltools.gnu-tools-for-stm32.9-2020-q2-update.win32_1.5.0.202011040924/tools/bin/../lib/gcc/arm-none-eabi/9.3.1/../../../../arm-none-eabi/lib/thumb/v7e-m+fp/hard\libc_nano.a(lib_a-wbuf.o)
                              c:/st/stm32cubeide_1.4.0/stm32cubeide/plugins/com.st.stm32cube.ide.mcu.externaltools.gnu-tools-for-stm32.9-2020-q2-update.win32_1.5.0.202011040924/tools/bin/../lib/gcc/arm-none-eabi/9.3.1/../../../../arm-none-eabi/lib/thumb/v7e-m+fp/hard\libc_nano.a(lib_a-puts.o) (__swbuf_r)
c:/st/stm32cubeide_1.4.0/stm32cubeide/plugins/com.st.stm32cube.ide.mcu.externaltools.gnu-tools-for-stm32.9-2020-q2-update.win32_1.5.0.202011040924/tools/bin/../lib/gcc/arm-none-eabi/9.3.1/../../../../arm-none-eabi/lib/thumb/v7e-m+fp/hard\libc_nano.a(lib_a-wsetup.o)
                              c:/st/stm32cubeide_1.4.0/stm32cubeide/plugins/com.st.stm32cube.ide.mcu.externaltools.gnu-tools-for-stm32.9-2020-q2-update.win32_1.5.0.202011040924/tools/bin/../lib/gcc/arm-none-eabi/9.3.1/../../../../arm-none-eabi/lib/thumb/v7e-m+fp/hard\libc_nano.a(lib_a-puts.o) (__swsetup_r)
c:/st/stm32cubeide_1.4.0/stm32cubeide/plugins/com.st.stm32cube.ide.mcu.externaltools.gnu-tools-for-stm32.9-2020-q2-update.win32_1.5.0.202011040924/tools/bin/../lib/gcc/arm-none-eabi/9.3.1/../../../../arm-none-eabi/lib/thumb/v7e-m+fp/hard\libc_nano.a(lib_a-fflush.o)
[...]
Memory Configuration

Name             Origin             Length             Attributes
CCMRAM           0x0000000010000000 0x0000000000010000 xrw
RAM              0x0000000020000000 0x0000000000020000 xrw
FLASH            0x0000000008000000 0x0000000000100000 xr
*default*        0x0000000000000000 0xffffffffffffffff

Linker script and memory map

LOAD c:/st/stm32cubeide_1.4.0/stm32cubeide/plugins/com.st.stm32cube.ide.mcu.externaltools.gnu-tools-for-stm32.9-2020-q2-update.win32_1.5.0.202011040924/tools/bin/../lib/gcc/arm-none-eabi/9.3.1/thumb/v7e-m+fp/hard/crti.o
LOAD c:/st/stm32cubeide_1.4.0/stm32cubeide/plugins/com.st.stm32cube.ide.mcu.externaltools.gnu-tools-for-stm32.9-2020-q2-update.win32_1.5.0.202011040924/tools/bin/../lib/gcc/arm-none-eabi/9.3.1/thumb/v7e-m+fp/hard/crtbegin.o
LOAD c:/st/stm32cubeide_1.4.0/stm32cubeide/plugins/com.st.stm32cube.ide.mcu.externaltools.gnu-tools-for-stm32.9-2020-q2-update.win32_1.5.0.202011040924/tools/bin/../lib/gcc/arm-none-eabi/9.3.1/../../../../arm-none-eabi/lib/thumb/v7e-m+fp/hard/crt0.o
LOAD Drivers/STM32F4xx_HAL_Driver/Src/stm32f4xx_hal.o
LOAD Drivers/STM32F4xx_HAL_Driver/Src/stm32f4xx_hal_cortex.o
LOAD Drivers/STM32F4xx_HAL_Driver/Src/stm32f4xx_hal_dcmi.o
LOAD Drivers/STM32F4xx_HAL_Driver/Src/stm32f4xx_hal_dcmi_ex.o
LOAD Drivers/STM32F4xx_HAL_Driver/Src/stm32f4xx_hal_dma.o
LOAD Drivers/STM32F4xx_HAL_Driver/Src/stm32f4xx_hal_dma_ex.o
LOAD Drivers/STM32F4xx_HAL_Driver/Src/stm32f4xx_hal_exti.o
LOAD Drivers/STM32F4xx_HAL_Driver/Src/stm32f4xx_hal_flash.o
LOAD Drivers/STM32F4xx_HAL_Driver/Src/stm32f4xx_hal_flash_ex.o
LOAD Drivers/STM32F4xx_HAL_Driver/Src/stm32f4xx_hal_flash_ramfunc.o
LOAD Drivers/STM32F4xx_HAL_Driver/Src/stm32f4xx_hal_gpio.o
LOAD Drivers/STM32F4xx_HAL_Driver/Src/stm32f4xx_hal_i2c.o
LOAD Drivers/STM32F4xx_HAL_Driver/Src/stm32f4xx_hal_i2c_ex.o
LOAD Drivers/STM32F4xx_HAL_Driver/Src/stm32f4xx_hal_pwr.o
LOAD Drivers/STM32F4xx_HAL_Driver/Src/stm32f4xx_hal_pwr_ex.o
LOAD Drivers/STM32F4xx_HAL_Driver/Src/stm32f4xx_hal_rcc.o
LOAD Drivers/STM32F4xx_HAL_Driver/Src/stm32f4xx_hal_rcc_ex.o
LOAD Drivers/STM32F4xx_HAL_Driver/Src/stm32f4xx_hal_sram.o
LOAD Drivers/STM32F4xx_HAL_Driver/Src/stm32f4xx_hal_tim.o
LOAD Drivers/STM32F4xx_HAL_Driver/Src/stm32f4xx_hal_tim_ex.o
LOAD Drivers/STM32F4xx_HAL_Driver/Src/stm32f4xx_hal_uart.o
LOAD Drivers/STM32F4xx_HAL_Driver/Src/stm32f4xx_ll_fsmc.o
LOAD Src/ioLibrary_Driver-master/Ethernet/W5300/w5300.o
LOAD Src/ioLibrary_Driver-master/Ethernet/socket.o
LOAD Src/ioLibrary_Driver-master/Ethernet/wizchip_conf.o
LOAD Src/main.o
LOAD Src/ov2640.o
LOAD Src/stm32f4xx_hal_msp.o
LOAD Src/stm32f4xx_it.o
LOAD Src/syscalls.o
LOAD Src/sysmem.o
LOAD Src/system_stm32f4xx.o
LOAD Startup/startup_stm32f417zgtx.o
START GROUP
LOAD c:/st/stm32cubeide_1.4.0/stm32cubeide/plugins/com.st.stm32cube.ide.mcu.externaltools.gnu-tools-for-stm32.9-2020-q2-update.win32_1.5.0.202011040924/tools/bin/../lib/gcc/arm-none-eabi/9.3.1/../../../../arm-none-eabi/lib/thumb/v7e-m+fp/hard\libc_nano.a
LOAD c:/st/stm32cubeide_1.4.0/stm32cubeide/plugins/com.st.stm32cube.ide.mcu.externaltools.gnu-tools-for-stm32.9-2020-q2-update.win32_1.5.0.202011040924/tools/bin/../lib/gcc/arm-none-eabi/9.3.1/../../../../arm-none-eabi/lib/thumb/v7e-m+fp/hard\libm.a
END GROUP
START GROUP
LOAD c:/st/stm32cubeide_1.4.0/stm32cubeide/plugins/com.st.stm32cube.ide.mcu.externaltools.gnu-tools-for-stm32.9-2020-q2-update.win32_1.5.0.202011040924/tools/bin/../lib/gcc/arm-none-eabi/9.3.1/thumb/v7e-m+fp/hard\libgcc.a
LOAD c:/st/stm32cubeide_1.4.0/stm32cubeide/plugins/com.st.stm32cube.ide.mcu.externaltools.gnu-tools-for-stm32.9-2020-q2-update.win32_1.5.0.202011040924/tools/bin/../lib/gcc/arm-none-eabi/9.3.1/../../../../arm-none-eabi/lib/thumb/v7e-m+fp/hard\libc_nano.a
END GROUP
START GROUP
LOAD c:/st/stm32cubeide_1.4.0/stm32cubeide/plugins/com.st.stm32cube.ide.mcu.externaltools.gnu-tools-for-stm32.9-2020-q2-update.win32_1.5.0.202011040924/tools/bin/../lib/gcc/arm-none-eabi/9.3.1/thumb/v7e-m+fp/hard\libgcc.a
LOAD c:/st/stm32cubeide_1.4.0/stm32cubeide/plugins/com.st.stm32cube.ide.mcu.externaltools.gnu-tools-for-stm32.9-2020-q2-update.win32_1.5.0.202011040924/tools/bin/../lib/gcc/arm-none-eabi/9.3.1/../../../../arm-none-eabi/lib/thumb/v7e-m+fp/hard\libc_nano.a
LOAD c:/st/stm32cubeide_1.4.0/stm32cubeide/plugins/com.st.stm32cube.ide.mcu.externaltools.gnu-tools-for-stm32.9-2020-q2-update.win32_1.5.0.202011040924/tools/bin/../lib/gcc/arm-none-eabi/9.3.1/../../../../arm-none-eabi/lib/thumb/v7e-m+fp/hard\libnosys.a
END GROUP
START GROUP
LOAD c:/st/stm32cubeide_1.4.0/stm32cubeide/plugins/com.st.stm32cube.ide.mcu.externaltools.gnu-tools-for-stm32.9-2020-q2-update.win32_1.5.0.202011040924/tools/bin/../lib/gcc/arm-none-eabi/9.3.1/thumb/v7e-m+fp/hard\libgcc.a
LOAD c:/st/stm32cubeide_1.4.0/stm32cubeide/plugins/com.st.stm32cube.ide.mcu.externaltools.gnu-tools-for-stm32.9-2020-q2-update.win32_1.5.0.202011040924/tools/bin/../lib/gcc/arm-none-eabi/9.3.1/../../../../arm-none-eabi/lib/thumb/v7e-m+fp/hard\libc_nano.a
LOAD c:/st/stm32cubeide_1.4.0/stm32cubeide/plugins/com.st.stm32cube.ide.mcu.externaltools.gnu-tools-for-stm32.9-2020-q2-update.win32_1.5.0.202011040924/tools/bin/../lib/gcc/arm-none-eabi/9.3.1/../../../../arm-none-eabi/lib/thumb/v7e-m+fp/hard\libnosys.a
END GROUP
LOAD c:/st/stm32cubeide_1.4.0/stm32cubeide/plugins/com.st.stm32cube.ide.mcu.externaltools.gnu-tools-for-stm32.9-2020-q2-update.win32_1.5.0.202011040924/tools/bin/../lib/gcc/arm-none-eabi/9.3.1/thumb/v7e-m+fp/hard/crtend.o
LOAD c:/st/stm32cubeide_1.4.0/stm32cubeide/plugins/com.st.stm32cube.ide.mcu.externaltools.gnu-tools-for-stm32.9-2020-q2-update.win32_1.5.0.202011040924/tools/bin/../lib/gcc/arm-none-eabi/9.3.1/thumb/v7e-m+fp/hard/crtn.o
                0x0000000020020000                _estack = (ORIGIN (RAM) + LENGTH (RAM))
                0x0000000000000200                _Min_Heap_Size = 0x200
                0x0000000000000400                _Min_Stack_Size = 0x400

.isr_vector     0x0000000008000000      0x188
                0x0000000008000000                . = ALIGN (0x4)
 *(.isr_vector)
 .isr_vector    0x0000000008000000      0x188 Startup/startup_stm32f417zgtx.o
                0x0000000008000000                g_pfnVectors
                0x0000000008000188                . = ALIGN (0x4)

.text           0x0000000008000190     0x5348
                0x0000000008000190                . = ALIGN (0x4)
 *(.text)
 .text          0x0000000008000190       0x40 c:/st/stm32cubeide_1.4.0/stm32cubeide/plugins/com.st.stm32cube.ide.mcu.externaltools.gnu-tools-for-stm32.9-2020-q2-update.win32_1.5.0.202011040924/tools/bin/../lib/gcc/arm-none-eabi/9.3.1/thumb/v7e-m+fp/hard/crtbegin.o
 .text          0x00000000080001d0       0xa0 c:/st/stm32cubeide_1.4.0/stm32cubeide/plugins/com.st.stm32cube.ide.mcu.externaltools.gnu-tools-for-stm32.9-2020-q2-update.win32_1.5.0.202011040924/tools/bin/../lib/gcc/arm-none-eabi/9.3.1/../../../../arm-none-eabi/lib/thumb/v7e-m+fp/hard\libc_nano.a(lib_a-memchr.o)
                0x00000000080001d0                memchr
 .text          0x0000000008000270       0x30 c:/st/stm32cubeide_1.4.0/stm32cubeide/plugins/com.st.stm32cube.ide.mcu.externaltools.gnu-tools-for-stm32.9-2020-q2-update.win32_1.5.0.202011040924/tools/bin/../lib/gcc/arm-none-eabi/9.3.1/thumb/v7e-m+fp/hard\libgcc.a(_aeabi_uldivmod.o)
                0x0000000008000270                __aeabi_uldivmod
 .text          0x00000000080002a0      0x2c4 c:/st/stm32cubeide_1.4.0/stm32cubeide/plugins/com.st.stm32cube.ide.mcu.externaltools.gnu-tools-for-stm32.9-2020-q2-update.win32_1.5.0.202011040924/tools/bin/../lib/gcc/arm-none-eabi/9.3.1/thumb/v7e-m+fp/hard\libgcc.a(_udivmoddi4.o)
                0x00000000080002a0                __udivmoddi4
 .text          0x0000000008000564        0x4 c:/st/stm32cubeide_1.4.0/stm32cubeide/plugins/com.st.stm32cube.ide.mcu.externaltools.gnu-tools-for-stm32.9-2020-q2-update.win32_1.5.0.202011040924/tools/bin/../lib/gcc/arm-none-eabi/9.3.1/thumb/v7e-m+fp/hard\libgcc.a(_dvmd_tls.o)
                0x0000000008000564                __aeabi_idiv0
                0x0000000008000564                __aeabi_ldiv0
 *(.text*)
 .text.HAL_InitTick
                0x0000000008000568       0x48 Drivers/STM32F4xx_HAL_Driver/Src/stm32f4xx_hal.o
                0x0000000008000568                HAL_InitTick
 .text.HAL_Init
                0x00000000080005b0       0x34 Drivers/STM32F4xx_HAL_Driver/Src/stm32f4xx_hal.o
                0x00000000080005b0                HAL_Init
 .text.HAL_IncTick
                0x00000000080005e4       0x18 Drivers/STM32F4xx_HAL_Driver/Src/stm32f4xx_hal.o
                0x00000000080005e4                HAL_IncTick
 .text.HAL_GetTick
                0x00000000080005fc        0xc Drivers/STM32F4xx_HAL_Driver/Src/stm32f4xx_hal.o
                0x00000000080005fc                HAL_GetTick
 .text.HAL_Delay
                0x0000000008000608       0x24 Drivers/STM32F4xx_HAL_Driver/Src/stm32f4xx_hal.o
                0x0000000008000608                HAL_Delay
 .text.HAL_NVIC_SetPriorityGrouping
                0x000000000800062c       0x28 Drivers/STM32F4xx_HAL_Driver/Src/stm32f4xx_hal_cortex.o
                0x000000000800062c                HAL_NVIC_SetPriorityGrouping
 .text.HAL_NVIC_SetPriority
                0x0000000008000654       0x70 Drivers/STM32F4xx_HAL_Driver/Src/stm32f4xx_hal_cortex.o
                0x0000000008000654                HAL_NVIC_SetPriority
 .text.HAL_NVIC_EnableIRQ
                0x00000000080006c4       0x1c Drivers/STM32F4xx_HAL_Driver/Src/stm32f4xx_hal_cortex.o
                0x00000000080006c4                HAL_NVIC_EnableIRQ
 .text.HAL_SYSTICK_Config
                0x00000000080006e0       0x34 Drivers/STM32F4xx_HAL_Driver/Src/stm32f4xx_hal_cortex.o
                0x00000000080006e0                HAL_SYSTICK_Config
 .text.DCMI_DMAXferCplt
                0x0000000008000714       0x8c Drivers/STM32F4xx_HAL_Driver/Src/stm32f4xx_hal_dcmi.o
 .text.HAL_DCMI_Start_DMA
                0x00000000080007a0       0xdc Drivers/STM32F4xx_HAL_Driver/Src/stm32f4xx_hal_dcmi.o
                0x00000000080007a0                HAL_DCMI_Start_DMA
 .text.HAL_DCMI_ErrorCallback
                0x000000000800087c        0x4 Drivers/STM32F4xx_HAL_Driver/Src/stm32f4xx_hal_dcmi.o
                0x000000000800087c                HAL_DCMI_ErrorCallback
 .text.DCMI_DMAError
                0x0000000008000880       0x18 Drivers/STM32F4xx_HAL_Driver/Src/stm32f4xx_hal_dcmi.o
 .text.HAL_DCMI_IRQHandler
                0x0000000008000898       0x98 Drivers/STM32F4xx_HAL_Driver/Src/stm32f4xx_hal_dcmi.o
                0x0000000008000898                HAL_DCMI_IRQHandler
 .text.HAL_DCMI_Init
                0x0000000008000930       0x78 Drivers/STM32F4xx_HAL_Driver/Src/stm32f4xx_hal_dcmi_ex.o
                0x0000000008000930                HAL_DCMI_Init
 .text.HAL_DMA_Init
                0x00000000080009a8      0x134 Drivers/STM32F4xx_HAL_Driver/Src/stm32f4xx_hal_dma.o
                0x00000000080009a8                HAL_DMA_Init
 .text.HAL_DMA_Start_IT
                0x0000000008000adc       0x7c Drivers/STM32F4xx_HAL_Driver/Src/stm32f4xx_hal_dma.o
                0x0000000008000adc                HAL_DMA_Start_IT
 .text.HAL_DMA_Abort_IT
                0x0000000008000b58       0x24 Drivers/STM32F4xx_HAL_Driver/Src/stm32f4xx_hal_dma.o
                0x0000000008000b58                HAL_DMA_Abort_IT
 .text.HAL_DMA_IRQHandler
                0x0000000008000b7c      0x1e0 Drivers/STM32F4xx_HAL_Driver/Src/stm32f4xx_hal_dma.o
                0x0000000008000b7c                HAL_DMA_IRQHandler
 .text.HAL_DMAEx_MultiBufferStart_IT
                0x0000000008000d5c      0x47c Drivers/STM32F4xx_HAL_Driver/Src/stm32f4xx_hal_dma_ex.o
                0x0000000008000d5c                HAL_DMAEx_MultiBufferStart_IT
 .text.HAL_DMAEx_ChangeMemory
                0x00000000080011d8       0x10 Drivers/STM32F4xx_HAL_Driver/Src/stm32f4xx_hal_dma_ex.o
                0x00000000080011d8                HAL_DMAEx_ChangeMemory
 .text.HAL_GPIO_Init
                0x00000000080011e8      0x220 Drivers/STM32F4xx_HAL_Driver/Src/stm32f4xx_hal_gpio.o
                0x00000000080011e8                HAL_GPIO_Init
 .text.HAL_GPIO_WritePin
                0x0000000008001408        0x8 Drivers/STM32F4xx_HAL_Driver/Src/stm32f4xx_hal_gpio.o
                0x0000000008001408                HAL_GPIO_WritePin
 .text.I2C_WaitOnMasterAddressFlagUntilTimeout.constprop.1
                0x0000000008001410       0x8c Drivers/STM32F4xx_HAL_Driver/Src/stm32f4xx_hal_i2c.o
 .text.I2C_RequestMemoryWrite
                0x000000000800149c      0x164 Drivers/STM32F4xx_HAL_Driver/Src/stm32f4xx_hal_i2c.o
 .text.I2C_RequestMemoryRead
                0x0000000008001600      0x1d8 Drivers/STM32F4xx_HAL_Driver/Src/stm32f4xx_hal_i2c.o
 .text.HAL_I2C_Init
                0x00000000080017d8      0x188 Drivers/STM32F4xx_HAL_Driver/Src/stm32f4xx_hal_i2c.o
                0x00000000080017d8                HAL_I2C_Init
 .text.HAL_I2C_Mem_Write
                0x0000000008001960      0x1e8 Drivers/STM32F4xx_HAL_Driver/Src/stm32f4xx_hal_i2c.o
                0x0000000008001960                HAL_I2C_Mem_Write
 .text.HAL_I2C_Mem_Read
                0x0000000008001b48      0x308 Drivers/STM32F4xx_HAL_Driver/Src/stm32f4xx_hal_i2c.o
                0x0000000008001b48                HAL_I2C_Mem_Read
 .text.HAL_RCC_OscConfig
                0x0000000008001e50      0x3cc Drivers/STM32F4xx_HAL_Driver/Src/stm32f4xx_hal_rcc.o
                0x0000000008001e50                HAL_RCC_OscConfig
 .text.HAL_RCC_MCOConfig
                0x000000000800221c       0xa4 Drivers/STM32F4xx_HAL_Driver/Src/stm32f4xx_hal_rcc.o
                0x000000000800221c                HAL_RCC_MCOConfig
 .text.HAL_RCC_GetSysClockFreq
                0x00000000080022c0       0x6c Drivers/STM32F4xx_HAL_Driver/Src/stm32f4xx_hal_rcc.o
                0x00000000080022c0                HAL_RCC_GetSysClockFreq
 .text.HAL_RCC_ClockConfig
                0x000000000800232c      0x13c Drivers/STM32F4xx_HAL_Driver/Src/stm32f4xx_hal_rcc.o
                0x000000000800232c                HAL_RCC_ClockConfig
 .text.HAL_RCC_GetPCLK1Freq
                0x0000000008002468       0x20 Drivers/STM32F4xx_HAL_Driver/Src/stm32f4xx_hal_rcc.o
                0x0000000008002468                HAL_RCC_GetPCLK1Freq
 .text.HAL_RCC_GetPCLK2Freq
                0x0000000008002488       0x20 Drivers/STM32F4xx_HAL_Driver/Src/stm32f4xx_hal_rcc.o
                0x0000000008002488                HAL_RCC_GetPCLK2Freq
 .text.HAL_SRAM_Init
                0x00000000080024a8       0x58 Drivers/STM32F4xx_HAL_Driver/Src/stm32f4xx_hal_sram.o
                0x00000000080024a8                HAL_SRAM_Init
 .text.HAL_UART_Init
                0x0000000008002500      0x138 Drivers/STM32F4xx_HAL_Driver/Src/stm32f4xx_hal_uart.o
                0x0000000008002500                HAL_UART_Init
 .text.HAL_UART_Transmit
                0x0000000008002638      0x110 Drivers/STM32F4xx_HAL_Driver/Src/stm32f4xx_hal_uart.o
                0x0000000008002638                HAL_UART_Transmit
 .text.FSMC_NORSRAM_Init
                0x0000000008002748       0x58 Drivers/STM32F4xx_HAL_Driver/Src/stm32f4xx_ll_fsmc.o
                0x0000000008002748                FSMC_NORSRAM_Init
 .text.FSMC_NORSRAM_Timing_Init
                0x00000000080027a0       0x40 Drivers/STM32F4xx_HAL_Driver/Src/stm32f4xx_ll_fsmc.o
                0x00000000080027a0                FSMC_NORSRAM_Timing_Init
 .text.FSMC_NORSRAM_Extended_Timing_Init
                0x00000000080027e0       0x44 Drivers/STM32F4xx_HAL_Driver/Src/stm32f4xx_ll_fsmc.o
                0x00000000080027e0                FSMC_NORSRAM_Extended_Timing_Init
 .text.WIZCHIP_WRITE
                0x0000000008002824        0xc Src/ioLibrary_Driver-master/Ethernet/W5300/w5300.o
                0x0000000008002824                WIZCHIP_WRITE
 .text.WIZCHIP_READ
                0x0000000008002830        0xc Src/ioLibrary_Driver-master/Ethernet/W5300/w5300.o
                0x0000000008002830                WIZCHIP_READ
 .text.getTMSR  0x000000000800283c       0x20 Src/ioLibrary_Driver-master/Ethernet/W5300/w5300.o
                0x000000000800283c                getTMSR
 .text.getRMSR  0x000000000800285c       0x20 Src/ioLibrary_Driver-master/Ethernet/W5300/w5300.o
                0x000000000800285c                getRMSR
 .text.getSn_TX_FSR
                0x000000000800287c       0x28 Src/ioLibrary_Driver-master/Ethernet/W5300/w5300.o
                0x000000000800287c                getSn_TX_FSR
 .text.getSn_RX_RSR
                0x00000000080028a4       0x38 Src/ioLibrary_Driver-master/Ethernet/W5300/w5300.o
                0x00000000080028a4                getSn_RX_RSR
 .text.wiz_send_data
                0x00000000080028dc       0x28 Src/ioLibrary_Driver-master/Ethernet/W5300/w5300.o
                0x00000000080028dc                wiz_send_data
 .text.wiz_recv_data
                0x0000000008002904       0x40 Src/ioLibrary_Driver-master/Ethernet/W5300/w5300.o
                0x0000000008002904                wiz_recv_data
 .text.sendto   0x0000000008002944      0x280 Src/ioLibrary_Driver-master/Ethernet/socket.o
                0x0000000008002944                sendto
 .text.close.part.0
                0x0000000008002bc4       0xf8 Src/ioLibrary_Driver-master/Ethernet/socket.o
 .text.socket   0x0000000008002cbc      0x150 Src/ioLibrary_Driver-master/Ethernet/socket.o
                0x0000000008002cbc                socket
 .text.listen   0x0000000008002e0c       0x70 Src/ioLibrary_Driver-master/Ethernet/socket.o
                0x0000000008002e0c                listen
 .text.disconnect
                0x0000000008002e7c       0x90 Src/ioLibrary_Driver-master/Ethernet/socket.o
                0x0000000008002e7c                disconnect
 .text.send     0x0000000008002f0c      0x150 Src/ioLibrary_Driver-master/Ethernet/socket.o
                0x0000000008002f0c                send
 .text.recv     0x000000000800305c      0x214 Src/ioLibrary_Driver-master/Ethernet/socket.o
                0x000000000800305c                recv
 .text.wizchip_cris_enter
                0x0000000008003270        0x4 Src/ioLibrary_Driver-master/Ethernet/wizchip_conf.o
                0x0000000008003270                wizchip_cris_enter
 .text.wizchip_bus_readdata
                0x0000000008003274        0x8 Src/ioLibrary_Driver-master/Ethernet/wizchip_conf.o
                0x0000000008003274                wizchip_bus_readdata
 .text.wizchip_bus_writedata
                0x000000000800327c        0x4 Src/ioLibrary_Driver-master/Ethernet/wizchip_conf.o
                0x000000000800327c                wizchip_bus_writedata
 .text.wizchip_cris_exit
                0x0000000008003280        0x4 Src/ioLibrary_Driver-master/Ethernet/wizchip_conf.o
                0x0000000008003280                wizchip_cris_exit
 .text.wizchip_cs_select
                0x0000000008003284        0x4 Src/ioLibrary_Driver-master/Ethernet/wizchip_conf.o
                0x0000000008003284                wizchip_cs_select
 .text.wizchip_cs_deselect
                0x0000000008003288        0x4 Src/ioLibrary_Driver-master/Ethernet/wizchip_conf.o
                0x0000000008003288                wizchip_cs_deselect
 .text.reg_wizchip_bus_cbfunc
                0x000000000800328c       0x2c Src/ioLibrary_Driver-master/Ethernet/wizchip_conf.o
                0x000000000800328c                reg_wizchip_bus_cbfunc
 .text.wizchip_sw_reset
                0x00000000080032b8      0x164 Src/ioLibrary_Driver-master/Ethernet/wizchip_conf.o
                0x00000000080032b8                wizchip_sw_reset
 .text.ctlwizchip
                0x000000000800341c      0x154 Src/ioLibrary_Driver-master/Ethernet/wizchip_conf.o
                0x000000000800341c                ctlwizchip
 .text.wizchip_setnetinfo
                0x0000000008003570       0xac Src/ioLibrary_Driver-master/Ethernet/wizchip_conf.o
                0x0000000008003570                wizchip_setnetinfo
 .text.wizchip_getnetinfo
                0x000000000800361c       0xc8 Src/ioLibrary_Driver-master/Ethernet/wizchip_conf.o
                0x000000000800361c                wizchip_getnetinfo
 .text.ctlnetwork
                0x00000000080036e4       0x7c Src/ioLibrary_Driver-master/Ethernet/wizchip_conf.o
                0x00000000080036e4                ctlnetwork
 .text.W5300_write
                0x0000000008003760        0xc Src/main.o
                0x0000000008003760                W5300_write
 .text.W5300_read
                0x000000000800376c        0xc Src/main.o
                0x000000000800376c                W5300_read
 .text.CamImagTransferFrame.constprop.0
                0x0000000008003778       0x44 Src/main.o
 .text.CamImagTransferLine.constprop.0
                0x00000000080037bc       0x48 Src/main.o
 .text._write   0x0000000008003804       0x2c Src/main.o
                0x0000000008003804                _write
 .text.print_network_information
                0x0000000008003830       0x80 Src/main.o
                0x0000000008003830                print_network_information
 .text._InitW5300
                0x00000000080038b0       0x78 Src/main.o
                0x00000000080038b0                _InitW5300
 .text.HAL_DCMI_FrameEventCallback
                0x0000000008003928        0x4 Src/main.o
                0x0000000008003928                HAL_DCMI_FrameEventCallback
 .text.HAL_DCMI_VsyncEventCallback
                0x000000000800392c       0x10 Src/main.o
                0x000000000800392c                HAL_DCMI_VsyncEventCallback
 .text.HAL_DCMI_LineEventCallback
                0x000000000800393c       0x10 Src/main.o
                0x000000000800393c                HAL_DCMI_LineEventCallback
 .text.CAMERA_IO_Write
                0x000000000800394c       0x2c Src/main.o
                0x000000000800394c                CAMERA_IO_Write
 .text.CAMERA_IO_Read
                0x0000000008003978       0x30 Src/main.o
                0x0000000008003978                CAMERA_IO_Read
 .text.CAMERA_Delay
                0x00000000080039a8        0x4 Src/main.o
                0x00000000080039a8                CAMERA_Delay
 .text.CAMERA_IO_Init
                0x00000000080039ac       0x3c Src/main.o
                0x00000000080039ac                CAMERA_IO_Init
 .text._init_cam
                0x00000000080039e8       0x28 Src/main.o
                0x00000000080039e8                _init_cam
 .text.SystemClock_Config
                0x0000000008003a10       0xac Src/main.o
                0x0000000008003a10                SystemClock_Config
 .text.startup.main
                0x0000000008003abc      0x4b0 Src/main.o
                0x0000000008003abc                main
 .text.Error_Handler
                0x0000000008003f6c        0x4 Src/main.o
                0x0000000008003f6c                Error_Handler
 .text.ov2640_Init
                0x0000000008003f70       0xb8 Src/ov2640.o
                0x0000000008003f70                ov2640_Init
 .text.ov2640_ReadID
                0x0000000008004028       0x28 Src/ov2640.o
                0x0000000008004028                ov2640_ReadID
 .text.HAL_MspInit
                0x0000000008004050       0x38 Src/stm32f4xx_hal_msp.o
                0x0000000008004050                HAL_MspInit
 .text.HAL_DCMI_MspInit
                0x0000000008004088      0x170 Src/stm32f4xx_hal_msp.o
                0x0000000008004088                HAL_DCMI_MspInit
 .text.HAL_I2C_MspInit
                0x00000000080041f8       0x74 Src/stm32f4xx_hal_msp.o
                0x00000000080041f8                HAL_I2C_MspInit
 .text.HAL_UART_MspInit
                0x000000000800426c       0x74 Src/stm32f4xx_hal_msp.o
                0x000000000800426c                HAL_UART_MspInit
 .text.HAL_SRAM_MspInit
                0x00000000080042e0       0xa8 Src/stm32f4xx_hal_msp.o
                0x00000000080042e0                HAL_SRAM_MspInit
 .text.NMI_Handler
                0x0000000008004388        0x4 Src/stm32f4xx_it.o
                0x0000000008004388                NMI_Handler
 .text.HardFault_Handler
                0x000000000800438c        0x4 Src/stm32f4xx_it.o
                0x000000000800438c                HardFault_Handler
 .text.MemManage_Handler
                0x0000000008004390        0x4 Src/stm32f4xx_it.o
                0x0000000008004390                MemManage_Handler
 .text.BusFault_Handler
                0x0000000008004394        0x4 Src/stm32f4xx_it.o
                0x0000000008004394                BusFault_Handler
 .text.UsageFault_Handler
                0x0000000008004398        0x4 Src/stm32f4xx_it.o
                0x0000000008004398                UsageFault_Handler
 .text.SVC_Handler
                0x000000000800439c        0x4 Src/stm32f4xx_it.o
                0x000000000800439c                SVC_Handler
 .text.DebugMon_Handler
                0x00000000080043a0        0x4 Src/stm32f4xx_it.o
                0x00000000080043a0                DebugMon_Handler
 .text.PendSV_Handler
                0x00000000080043a4        0x4 Src/stm32f4xx_it.o
                0x00000000080043a4                PendSV_Handler
 .text.SysTick_Handler
                0x00000000080043a8        0x4 Src/stm32f4xx_it.o
                0x00000000080043a8                SysTick_Handler
 .text.DMA2_Stream1_IRQHandler
                0x00000000080043ac        0xc Src/stm32f4xx_it.o
                0x00000000080043ac                DMA2_Stream1_IRQHandler
 .text.DCMI_IRQHandler
                0x00000000080043b8        0xc Src/stm32f4xx_it.o
                0x00000000080043b8                DCMI_IRQHandler
 .text._read    0x00000000080043c4       0x1c Src/syscalls.o
                0x00000000080043c4                _read
 .text._close   0x00000000080043e0        0x8 Src/syscalls.o
                0x00000000080043e0                _close
 .text._fstat   0x00000000080043e8        0xc Src/syscalls.o
                0x00000000080043e8                _fstat
 .text._isatty  0x00000000080043f4        0x4 Src/syscalls.o
                0x00000000080043f4                _isatty
 .text._lseek   0x00000000080043f8        0x4 Src/syscalls.o
                0x00000000080043f8                _lseek
 .text._sbrk    0x00000000080043fc       0x44 Src/sysmem.o
                0x00000000080043fc                _sbrk
 .text.SystemInit
                0x0000000008004440       0x14 Src/system_stm32f4xx.o
                0x0000000008004440                SystemInit
 .text.Reset_Handler
                0x0000000008004454       0x50 Startup/startup_stm32f417zgtx.o
                0x0000000008004454                Reset_Handler
 .text.Default_Handler
                0x00000000080044a4        0x2 Startup/startup_stm32f417zgtx.o
                0x00000000080044a4                RTC_Alarm_IRQHandler
                0x00000000080044a4                HASH_RNG_IRQHandler
                0x00000000080044a4                EXTI2_IRQHandler
                0x00000000080044a4                TIM8_CC_IRQHandler
                0x00000000080044a4                TIM1_CC_IRQHandler
                0x00000000080044a4                DMA2_Stream5_IRQHandler
                0x00000000080044a4                DMA1_Stream5_IRQHandler
                0x00000000080044a4                PVD_IRQHandler
                0x00000000080044a4                SDIO_IRQHandler
                0x00000000080044a4                TAMP_STAMP_IRQHandler
                0x00000000080044a4                CAN2_RX1_IRQHandler
                0x00000000080044a4                EXTI3_IRQHandler
                0x00000000080044a4                TIM8_TRG_COM_TIM14_IRQHandler
                0x00000000080044a4                TIM1_UP_TIM10_IRQHandler
                0x00000000080044a4                TIM8_UP_TIM13_IRQHandler
                0x00000000080044a4                I2C3_ER_IRQHandler
                0x00000000080044a4                EXTI0_IRQHandler
                0x00000000080044a4                I2C2_EV_IRQHandler
                0x00000000080044a4                DMA1_Stream2_IRQHandler
                0x00000000080044a4                CAN1_RX0_IRQHandler
                0x00000000080044a4                FPU_IRQHandler
                0x00000000080044a4                OTG_HS_WKUP_IRQHandler
                0x00000000080044a4                CAN2_SCE_IRQHandler
                0x00000000080044a4                DMA2_Stream2_IRQHandler
                0x00000000080044a4                SPI1_IRQHandler
                0x00000000080044a4                TIM6_DAC_IRQHandler
                0x00000000080044a4                TIM1_BRK_TIM9_IRQHandler
                0x00000000080044a4                CAN2_RX0_IRQHandler
                0x00000000080044a4                DMA2_Stream3_IRQHandler
                0x00000000080044a4                USART6_IRQHandler
                0x00000000080044a4                USART3_IRQHandler
                0x00000000080044a4                CRYP_IRQHandler
                0x00000000080044a4                CAN1_RX1_IRQHandler
                0x00000000080044a4                UART5_IRQHandler
                0x00000000080044a4                DMA2_Stream0_IRQHandler
                0x00000000080044a4                TIM4_IRQHandler
                0x00000000080044a4                I2C1_EV_IRQHandler
                0x00000000080044a4                DMA1_Stream6_IRQHandler
                0x00000000080044a4                DMA1_Stream1_IRQHandler
                0x00000000080044a4                UART4_IRQHandler
                0x00000000080044a4                TIM3_IRQHandler
                0x00000000080044a4                RCC_IRQHandler
                0x00000000080044a4                TIM8_BRK_TIM12_IRQHandler
                0x00000000080044a4                Default_Handler
                0x00000000080044a4                EXTI15_10_IRQHandler
                0x00000000080044a4                ADC_IRQHandler
                0x00000000080044a4                DMA1_Stream7_IRQHandler
                0x00000000080044a4                TIM7_IRQHandler
                0x00000000080044a4                CAN2_TX_IRQHandler
                0x00000000080044a4                TIM5_IRQHandler
                0x00000000080044a4                DMA2_Stream7_IRQHandler
                0x00000000080044a4                I2C3_EV_IRQHandler
                0x00000000080044a4                EXTI9_5_IRQHandler
                0x00000000080044a4                RTC_WKUP_IRQHandler
                0x00000000080044a4                ETH_WKUP_IRQHandler
                0x00000000080044a4                SPI2_IRQHandler
                0x00000000080044a4                OTG_HS_EP1_IN_IRQHandler
                0x00000000080044a4                DMA1_Stream0_IRQHandler
                0x00000000080044a4                CAN1_TX_IRQHandler
                0x00000000080044a4                EXTI4_IRQHandler
                0x00000000080044a4                FSMC_IRQHandler
                0x00000000080044a4                ETH_IRQHandler
                0x00000000080044a4                OTG_HS_EP1_OUT_IRQHandler
                0x00000000080044a4                WWDG_IRQHandler
                0x00000000080044a4                TIM2_IRQHandler
                0x00000000080044a4                OTG_FS_WKUP_IRQHandler
                0x00000000080044a4                TIM1_TRG_COM_TIM11_IRQHandler
                0x00000000080044a4                OTG_HS_IRQHandler
                0x00000000080044a4                EXTI1_IRQHandler
                0x00000000080044a4                USART2_IRQHandler
                0x00000000080044a4                I2C2_ER_IRQHandler
                0x00000000080044a4                CAN1_SCE_IRQHandler
                0x00000000080044a4                FLASH_IRQHandler
                0x00000000080044a4                DMA2_Stream4_IRQHandler
                0x00000000080044a4                USART1_IRQHandler
                0x00000000080044a4                OTG_FS_IRQHandler
                0x00000000080044a4                SPI3_IRQHandler
                0x00000000080044a4                DMA1_Stream4_IRQHandler
                0x00000000080044a4                I2C1_ER_IRQHandler
                0x00000000080044a4                DMA2_Stream6_IRQHandler
                0x00000000080044a4                DMA1_Stream3_IRQHandler
 *fill*         0x00000000080044a6        0x2 
 .text.__errno  0x00000000080044a8        0xc c:/st/stm32cubeide_1.4.0/stm32cubeide/plugins/com.st.stm32cube.ide.mcu.externaltools.gnu-tools-for-stm32.9-2020-q2-update.win32_1.5.0.202011040924/tools/bin/../lib/gcc/arm-none-eabi/9.3.1/../../../../arm-none-eabi/lib/thumb/v7e-m+fp/hard\libc_nano.a(lib_a-errno.o)
                0x00000000080044a8                __errno
 .text.__libc_init_array
                0x00000000080044b4       0x48 c:/st/stm32cubeide_1.4.0/stm32cubeide/plugins/com.st.stm32cube.ide.mcu.externaltools.gnu-tools-for-stm32.9-2020-q2-update.win32_1.5.0.202011040924/tools/bin/../lib/gcc/arm-none-eabi/9.3.1/../../../../arm-none-eabi/lib/thumb/v7e-m+fp/hard\libc_nano.a(lib_a-init.o)
                0x00000000080044b4                __libc_init_array
 .text.memcpy   0x00000000080044fc       0x1c c:/st/stm32cubeide_1.4.0/stm32cubeide/plugins/com.st.stm32cube.ide.mcu.externaltools.gnu-tools-for-stm32.9-2020-q2-update.win32_1.5.0.202011040924/tools/bin/../lib/gcc/arm-none-eabi/9.3.1/../../../../arm-none-eabi/lib/thumb/v7e-m+fp/hard\libc_nano.a(lib_a-memcpy-stub.o)
                0x00000000080044fc                memcpy
 .text.memset   0x0000000008004518       0x10 c:/st/stm32cubeide_1.4.0/stm32cubeide/plugins/com.st.stm32cube.ide.mcu.externaltools.gnu-tools-for-stm32.9-2020-q2-update.win32_1.5.0.202011040924/tools/bin/../lib/gcc/arm-none-eabi/9.3.1/../../../../arm-none-eabi/lib/thumb/v7e-m+fp/hard\libc_nano.a(lib_a-memset.o)
                0x0000000008004518                memset
 .text.printf   0x0000000008004528       0x30 c:/st/stm32cubeide_1.4.0/stm32cubeide/plugins/com.st.stm32cube.ide.mcu.externaltools.gnu-tools-for-stm32.9-2020-q2-update.win32_1.5.0.202011040924/tools/bin/../lib/gcc/arm-none-eabi/9.3.1/../../../../arm-none-eabi/lib/thumb/v7e-m+fp/hard\libc_nano.a(lib_a-printf.o)
                0x0000000008004528                iprintf
                0x0000000008004528                printf
 .text._puts_r  0x0000000008004558       0xdc c:/st/stm32cubeide_1.4.0/stm32cubeide/plugins/com.st.stm32cube.ide.mcu.externaltools.gnu-tools-for-stm32.9-2020-q2-update.win32_1.5.0.202011040924/tools/bin/../lib/gcc/arm-none-eabi/9.3.1/../../../../arm-none-eabi/lib/thumb/v7e-m+fp/hard\libc_nano.a(lib_a-puts.o)
                0x0000000008004558                _puts_r
 .text.puts     0x0000000008004634       0x10 c:/st/stm32cubeide_1.4.0/stm32cubeide/plugins/com.st.stm32cube.ide.mcu.externaltools.gnu-tools-for-stm32.9-2020-q2-update.win32_1.5.0.202011040924/tools/bin/../lib/gcc/arm-none-eabi/9.3.1/../../../../arm-none-eabi/lib/thumb/v7e-m+fp/hard\libc_nano.a(lib_a-puts.o)
                0x0000000008004634                puts
 .text.__swbuf_r
                0x0000000008004644       0xa4 c:/st/stm32cubeide_1.4.0/stm32cubeide/plugins/com.st.stm32cube.ide.mcu.externaltools.gnu-tools-for-stm32.9-2020-q2-update.win32_1.5.0.202011040924/tools/bin/../lib/gcc/arm-none-eabi/9.3.1/../../../../arm-none-eabi/lib/thumb/v7e-m+fp/hard\libc_nano.a(lib_a-wbuf.o)
                0x0000000008004644                __swbuf_r
 .text.__swsetup_r
                0x00000000080046e8       0xdc c:/st/stm32cubeide_1.4.0/stm32cubeide/plugins/com.st.stm32cube.ide.mcu.externaltools.gnu-tools-for-stm32.9-2020-q2-update.win32_1.5.0.202011040924/tools/bin/../lib/gcc/arm-none-eabi/9.3.1/../../../../arm-none-eabi/lib/thumb/v7e-m+fp/hard\libc_nano.a(lib_a-wsetup.o)
                0x00000000080046e8                __swsetup_r
 .text.__sflush_r
                0x00000000080047c4      0x10c c:/st/stm32cubeide_1.4.0/stm32cubeide/plugins/com.st.stm32cube.ide.mcu.externaltools.gnu-tools-for-stm32.9-2020-q2-update.win32_1.5.0.202011040924/tools/bin/../lib/gcc/arm-none-eabi/9.3.1/../../../../arm-none-eabi/lib/thumb/v7e-m+fp/hard\libc_nano.a(lib_a-fflush.o)
                0x00000000080047c4                __sflush_r
 .text._fflush_r
                0x00000000080048d0       0x78 c:/st/stm32cubeide_1.4.0/stm32cubeide/plugins/com.st.stm32cube.ide.mcu.externaltools.gnu-tools-for-stm32.9-2020-q2-update.win32_1.5.0.202011040924/tools/bin/../lib/gcc/arm-none-eabi/9.3.1/../../../../arm-none-eabi/lib/thumb/v7e-m+fp/hard\libc_nano.a(lib_a-fflush.o)
                0x00000000080048d0                _fflush_r
 .text.std      0x0000000008004948       0x48 c:/st/stm32cubeide_1.4.0/stm32cubeide/plugins/com.st.stm32cube.ide.mcu.externaltools.gnu-tools-for-stm32.9-2020-q2-update.win32_1.5.0.202011040924/tools/bin/../lib/gcc/arm-none-eabi/9.3.1/../../../../arm-none-eabi/lib/thumb/v7e-m+fp/hard\libc_nano.a(lib_a-findfp.o)
 .text._cleanup_r
                0x0000000008004990        0xc c:/st/stm32cubeide_1.4.0/stm32cubeide/plugins/com.st.stm32cube.ide.mcu.externaltools.gnu-tools-for-stm32.9-2020-q2-update.win32_1.5.0.202011040924/tools/bin/../lib/gcc/arm-none-eabi/9.3.1/../../../../arm-none-eabi/lib/thumb/v7e-m+fp/hard\libc_nano.a(lib_a-findfp.o)
                0x0000000008004990                _cleanup_r
 .text.__sfmoreglue
                0x000000000800499c       0x2c c:/st/stm32cubeide_1.4.0/stm32cubeide/plugins/com.st.stm32cube.ide.mcu.externaltools.gnu-tools-for-stm32.9-2020-q2-update.win32_1.5.0.202011040924/tools/bin/../lib/gcc/arm-none-eabi/9.3.1/../../../../arm-none-eabi/lib/thumb/v7e-m+fp/hard\libc_nano.a(lib_a-findfp.o)
                0x000000000800499c                __sfmoreglue
 .text.__sfp_lock_acquire
                0x00000000080049c8        0xc c:/st/stm32cubeide_1.4.0/stm32cubeide/plugins/com.st.stm32cube.ide.mcu.externaltools.gnu-tools-for-stm32.9-2020-q2-update.win32_1.5.0.202011040924/tools/bin/../lib/gcc/arm-none-eabi/9.3.1/../../../../arm-none-eabi/lib/thumb/v7e-m+fp/hard\libc_nano.a(lib_a-findfp.o)
                0x00000000080049c8                __sfp_lock_acquire
 .text.__sfp_lock_release
                0x00000000080049d4        0xc c:/st/stm32cubeide_1.4.0/stm32cubeide/plugins/com.st.stm32cube.ide.mcu.externaltools.gnu-tools-for-stm32.9-2020-q2-update.win32_1.5.0.202011040924/tools/bin/../lib/gcc/arm-none-eabi/9.3.1/../../../../arm-none-eabi/lib/thumb/v7e-m+fp/hard\libc_nano.a(lib_a-findfp.o)
                0x00000000080049d4                __sfp_lock_release
 .text.__sinit_lock_acquire
                0x00000000080049e0        0xc c:/st/stm32cubeide_1.4.0/stm32cubeide/plugins/com.st.stm32cube.ide.mcu.externaltools.gnu-tools-for-stm32.9-2020-q2-update.win32_1.5.0.202011040924/tools/bin/../lib/gcc/arm-none-eabi/9.3.1/../../../../arm-none-eabi/lib/thumb/v7e-m+fp/hard\libc_nano.a(lib_a-findfp.o)
                0x00000000080049e0                __sinit_lock_acquire
 .text.__sinit_lock_release
                0x00000000080049ec        0xc c:/st/stm32cubeide_1.4.0/stm32cubeide/plugins/com.st.stm32cube.ide.mcu.externaltools.gnu-tools-for-stm32.9-2020-q2-update.win32_1.5.0.202011040924/tools/bin/../lib/gcc/arm-none-eabi/9.3.1/../../../../arm-none-eabi/lib/thumb/v7e-m+fp/hard\libc_nano.a(lib_a-findfp.o)
                0x00000000080049ec                __sinit_lock_release
 .text.__sinit  0x00000000080049f8       0x70 c:/st/stm32cubeide_1.4.0/stm32cubeide/plugins/com.st.stm32cube.ide.mcu.externaltools.gnu-tools-for-stm32.9-2020-q2-update.win32_1.5.0.202011040924/tools/bin/../lib/gcc/arm-none-eabi/9.3.1/../../../../arm-none-eabi/lib/thumb/v7e-m+fp/hard\libc_nano.a(lib_a-findfp.o)
                0x00000000080049f8                __sinit
 .text.__sfp    0x0000000008004a68       0x8c c:/st/stm32cubeide_1.4.0/stm32cubeide/plugins/com.st.stm32cube.ide.mcu.externaltools.gnu-tools-for-stm32.9-2020-q2-update.win32_1.5.0.202011040924/tools/bin/../lib/gcc/arm-none-eabi/9.3.1/../../../../arm-none-eabi/lib/thumb/v7e-m+fp/hard\libc_nano.a(lib_a-findfp.o)
                0x0000000008004a68                __sfp
 .text._fwalk_reent
                0x0000000008004af4       0x3e c:/st/stm32cubeide_1.4.0/stm32cubeide/plugins/com.st.stm32cube.ide.mcu.externaltools.gnu-tools-for-stm32.9-2020-q2-update.win32_1.5.0.202011040924/tools/bin/../lib/gcc/arm-none-eabi/9.3.1/../../../../arm-none-eabi/lib/thumb/v7e-m+fp/hard\libc_nano.a(lib_a-fwalk.o)
                0x0000000008004af4                _fwalk_reent
 .text.__retarget_lock_init_recursive
                0x0000000008004b32        0x2 c:/st/stm32cubeide_1.4.0/stm32cubeide/plugins/com.st.stm32cube.ide.mcu.externaltools.gnu-tools-for-stm32.9-2020-q2-update.win32_1.5.0.202011040924/tools/bin/../lib/gcc/arm-none-eabi/9.3.1/../../../../arm-none-eabi/lib/thumb/v7e-m+fp/hard\libc_nano.a(lib_a-lock.o)
                0x0000000008004b32                __retarget_lock_init_recursive
 .text.__retarget_lock_acquire_recursive
                0x0000000008004b34        0x2 c:/st/stm32cubeide_1.4.0/stm32cubeide/plugins/com.st.stm32cube.ide.mcu.externaltools.gnu-tools-for-stm32.9-2020-q2-update.win32_1.5.0.202011040924/tools/bin/../lib/gcc/arm-none-eabi/9.3.1/../../../../arm-none-eabi/lib/thumb/v7e-m+fp/hard\libc_nano.a(lib_a-lock.o)
                0x0000000008004b34                __retarget_lock_acquire_recursive
 .text.__retarget_lock_release_recursive
                0x0000000008004b36        0x2 c:/st/stm32cubeide_1.4.0/stm32cubeide/plugins/com.st.stm32cube.ide.mcu.externaltools.gnu-tools-for-stm32.9-2020-q2-update.win32_1.5.0.202011040924/tools/bin/../lib/gcc/arm-none-eabi/9.3.1/../../../../arm-none-eabi/lib/thumb/v7e-m+fp/hard\libc_nano.a(lib_a-lock.o)
                0x0000000008004b36                __retarget_lock_release_recursive
 .text.__swhatbuf_r
                0x0000000008004b38       0x48 c:/st/stm32cubeide_1.4.0/stm32cubeide/plugins/com.st.stm32cube.ide.mcu.externaltools.gnu-tools-for-stm32.9-2020-q2-update.win32_1.5.0.202011040924/tools/bin/../lib/gcc/arm-none-eabi/9.3.1/../../../../arm-none-eabi/lib/thumb/v7e-m+fp/hard\libc_nano.a(lib_a-makebuf.o)
                0x0000000008004b38                __swhatbuf_r
 .text.__smakebuf_r
                0x0000000008004b80       0x80 c:/st/stm32cubeide_1.4.0/stm32cubeide/plugins/com.st.stm32cube.ide.mcu.externaltools.gnu-tools-for-stm32.9-2020-q2-update.win32_1.5.0.202011040924/tools/bin/../lib/gcc/arm-none-eabi/9.3.1/../../../../arm-none-eabi/lib/thumb/v7e-m+fp/hard\libc_nano.a(lib_a-makebuf.o)
                0x0000000008004b80                __smakebuf_r
 .text._free_r  0x0000000008004c00       0xa0 c:/st/stm32cubeide_1.4.0/stm32cubeide/plugins/com.st.stm32cube.ide.mcu.externaltools.gnu-tools-for-stm32.9-2020-q2-update.win32_1.5.0.202011040924/tools/bin/../lib/gcc/arm-none-eabi/9.3.1/../../../../arm-none-eabi/lib/thumb/v7e-m+fp/hard\libc_nano.a(lib_a-nano-freer.o)
                0x0000000008004c00                _free_r
 .text._malloc_r
                0x0000000008004ca0       0xb4 c:/st/stm32cubeide_1.4.0/stm32cubeide/plugins/com.st.stm32cube.ide.mcu.externaltools.gnu-tools-for-stm32.9-2020-q2-update.win32_1.5.0.202011040924/tools/bin/../lib/gcc/arm-none-eabi/9.3.1/../../../../arm-none-eabi/lib/thumb/v7e-m+fp/hard\libc_nano.a(lib_a-nano-mallocr.o)
                0x0000000008004ca0                _malloc_r
 .text.__sfputc_r
                0x0000000008004d54       0x2e c:/st/stm32cubeide_1.4.0/stm32cubeide/plugins/com.st.stm32cube.ide.mcu.externaltools.gnu-tools-for-stm32.9-2020-q2-update.win32_1.5.0.202011040924/tools/bin/../lib/gcc/arm-none-eabi/9.3.1/../../../../arm-none-eabi/lib/thumb/v7e-m+fp/hard\libc_nano.a(lib_a-nano-vfprintf.o)
 .text.__sfputs_r
                0x0000000008004d82       0x24 c:/st/stm32cubeide_1.4.0/stm32cubeide/plugins/com.st.stm32cube.ide.mcu.externaltools.gnu-tools-for-stm32.9-2020-q2-update.win32_1.5.0.202011040924/tools/bin/../lib/gcc/arm-none-eabi/9.3.1/../../../../arm-none-eabi/lib/thumb/v7e-m+fp/hard\libc_nano.a(lib_a-nano-vfprintf.o)
                0x0000000008004d82                __sfputs_r
 *fill*         0x0000000008004da6        0x2 
 .text._vfprintf_r
                0x0000000008004da8      0x260 c:/st/stm32cubeide_1.4.0/stm32cubeide/plugins/com.st.stm32cube.ide.mcu.externaltools.gnu-tools-for-stm32.9-2020-q2-update.win32_1.5.0.202011040924/tools/bin/../lib/gcc/arm-none-eabi/9.3.1/../../../../arm-none-eabi/lib/thumb/v7e-m+fp/hard\libc_nano.a(lib_a-nano-vfprintf.o)
                0x0000000008004da8                _vfprintf_r
                0x0000000008004da8                _vfiprintf_r
 .text._printf_common
                0x0000000008005008       0xda c:/st/stm32cubeide_1.4.0/stm32cubeide/plugins/com.st.stm32cube.ide.mcu.externaltools.gnu-tools-for-stm32.9-2020-q2-update.win32_1.5.0.202011040924/tools/bin/../lib/gcc/arm-none-eabi/9.3.1/../../../../arm-none-eabi/lib/thumb/v7e-m+fp/hard\libc_nano.a(lib_a-nano-vfprintf_i.o)
                0x0000000008005008                _printf_common
 *fill*         0x00000000080050e2        0x2 
 .text._printf_i
                0x00000000080050e4      0x24c c:/st/stm32cubeide_1.4.0/stm32cubeide/plugins/com.st.stm32cube.ide.mcu.externaltools.gnu-tools-for-stm32.9-2020-q2-update.win32_1.5.0.202011040924/tools/bin/../lib/gcc/arm-none-eabi/9.3.1/../../../../arm-none-eabi/lib/thumb/v7e-m+fp/hard\libc_nano.a(lib_a-nano-vfprintf_i.o)
                0x00000000080050e4                _printf_i
 .text._sbrk_r  0x0000000008005330       0x20 c:/st/stm32cubeide_1.4.0/stm32cubeide/plugins/com.st.stm32cube.ide.mcu.externaltools.gnu-tools-for-stm32.9-2020-q2-update.win32_1.5.0.202011040924/tools/bin/../lib/gcc/arm-none-eabi/9.3.1/../../../../arm-none-eabi/lib/thumb/v7e-m+fp/hard\libc_nano.a(lib_a-sbrkr.o)
                0x0000000008005330                _sbrk_r
 .text.__sread  0x0000000008005350       0x22 c:/st/stm32cubeide_1.4.0/stm32cubeide/plugins/com.st.stm32cube.ide.mcu.externaltools.gnu-tools-for-stm32.9-2020-q2-update.win32_1.5.0.202011040924/tools/bin/../lib/gcc/arm-none-eabi/9.3.1/../../../../arm-none-eabi/lib/thumb/v7e-m+fp/hard\libc_nano.a(lib_a-stdio.o)
                0x0000000008005350                __sread
 .text.__swrite
                0x0000000008005372       0x38 c:/st/stm32cubeide_1.4.0/stm32cubeide/plugins/com.st.stm32cube.ide.mcu.externaltools.gnu-tools-for-stm32.9-2020-q2-update.win32_1.5.0.202011040924/tools/bin/../lib/gcc/arm-none-eabi/9.3.1/../../../../arm-none-eabi/lib/thumb/v7e-m+fp/hard\libc_nano.a(lib_a-stdio.o)
                0x0000000008005372                __swrite
 .text.__sseek  0x00000000080053aa       0x24 c:/st/stm32cubeide_1.4.0/stm32cubeide/plugins/com.st.stm32cube.ide.mcu.externaltools.gnu-tools-for-stm32.9-2020-q2-update.win32_1.5.0.202011040924/tools/bin/../lib/gcc/arm-none-eabi/9.3.1/../../../../arm-none-eabi/lib/thumb/v7e-m+fp/hard\libc_nano.a(lib_a-stdio.o)
                0x00000000080053aa                __sseek
 .text.__sclose
                0x00000000080053ce        0x8 c:/st/stm32cubeide_1.4.0/stm32cubeide/plugins/com.st.stm32cube.ide.mcu.externaltools.gnu-tools-for-stm32.9-2020-q2-update.win32_1.5.0.202011040924/tools/bin/../lib/gcc/arm-none-eabi/9.3.1/../../../../arm-none-eabi/lib/thumb/v7e-m+fp/hard\libc_nano.a(lib_a-stdio.o)
                0x00000000080053ce                __sclose
 *fill*         0x00000000080053d6        0x2 
 .text._write_r
                0x00000000080053d8       0x24 c:/st/stm32cubeide_1.4.0/stm32cubeide/plugins/com.st.stm32cube.ide.mcu.externaltools.gnu-tools-for-stm32.9-2020-q2-update.win32_1.5.0.202011040924/tools/bin/../lib/gcc/arm-none-eabi/9.3.1/../../../../arm-none-eabi/lib/thumb/v7e-m+fp/hard\libc_nano.a(lib_a-writer.o)
                0x00000000080053d8                _write_r
 .text._close_r
                0x00000000080053fc       0x20 c:/st/stm32cubeide_1.4.0/stm32cubeide/plugins/com.st.stm32cube.ide.mcu.externaltools.gnu-tools-for-stm32.9-2020-q2-update.win32_1.5.0.202011040924/tools/bin/../lib/gcc/arm-none-eabi/9.3.1/../../../../arm-none-eabi/lib/thumb/v7e-m+fp/hard\libc_nano.a(lib_a-closer.o)
                0x00000000080053fc                _close_r
 .text._fstat_r
                0x000000000800541c       0x24 c:/st/stm32cubeide_1.4.0/stm32cubeide/plugins/com.st.stm32cube.ide.mcu.externaltools.gnu-tools-for-stm32.9-2020-q2-update.win32_1.5.0.202011040924/tools/bin/../lib/gcc/arm-none-eabi/9.3.1/../../../../arm-none-eabi/lib/thumb/v7e-m+fp/hard\libc_nano.a(lib_a-fstatr.o)
                0x000000000800541c                _fstat_r
 .text._isatty_r
                0x0000000008005440       0x20 c:/st/stm32cubeide_1.4.0/stm32cubeide/plugins/com.st.stm32cube.ide.mcu.externaltools.gnu-tools-for-stm32.9-2020-q2-update.win32_1.5.0.202011040924/tools/bin/../lib/gcc/arm-none-eabi/9.3.1/../../../../arm-none-eabi/lib/thumb/v7e-m+fp/hard\libc_nano.a(lib_a-isattyr.o)
                0x0000000008005440                _isatty_r
 .text._lseek_r
                0x0000000008005460       0x24 c:/st/stm32cubeide_1.4.0/stm32cubeide/plugins/com.st.stm32cube.ide.mcu.externaltools.gnu-tools-for-stm32.9-2020-q2-update.win32_1.5.0.202011040924/tools/bin/../lib/gcc/arm-none-eabi/9.3.1/../../../../arm-none-eabi/lib/thumb/v7e-m+fp/hard\libc_nano.a(lib_a-lseekr.o)
                0x0000000008005460                _lseek_r
 .text.__malloc_lock
                0x0000000008005484        0xc c:/st/stm32cubeide_1.4.0/stm32cubeide/plugins/com.st.stm32cube.ide.mcu.externaltools.gnu-tools-for-stm32.9-2020-q2-update.win32_1.5.0.202011040924/tools/bin/../lib/gcc/arm-none-eabi/9.3.1/../../../../arm-none-eabi/lib/thumb/v7e-m+fp/hard\libc_nano.a(lib_a-mlock.o)
                0x0000000008005484                __malloc_lock
 .text.__malloc_unlock
                0x0000000008005490        0xc c:/st/stm32cubeide_1.4.0/stm32cubeide/plugins/com.st.stm32cube.ide.mcu.externaltools.gnu-tools-for-stm32.9-2020-q2-update.win32_1.5.0.202011040924/tools/bin/../lib/gcc/arm-none-eabi/9.3.1/../../../../arm-none-eabi/lib/thumb/v7e-m+fp/hard\libc_nano.a(lib_a-mlock.o)
                0x0000000008005490                __malloc_unlock
 .text._read_r  0x000000000800549c       0x24 c:/st/stm32cubeide_1.4.0/stm32cubeide/plugins/com.st.stm32cube.ide.mcu.externaltools.gnu-tools-for-stm32.9-2020-q2-update.win32_1.5.0.202011040924/tools/bin/../lib/gcc/arm-none-eabi/9.3.1/../../../../arm-none-eabi/lib/thumb/v7e-m+fp/hard\libc_nano.a(lib_a-readr.o)
                0x000000000800549c                _read_r
 *(.glue_7)
 .glue_7        0x00000000080054c0        0x0 linker stubs
 *(.glue_7t)
 .glue_7t       0x00000000080054c0        0x0 linker stubs
 *(.eh_frame)
 .eh_frame      0x00000000080054c0        0x0 c:/st/stm32cubeide_1.4.0/stm32cubeide/plugins/com.st.stm32cube.ide.mcu.externaltools.gnu-tools-for-stm32.9-2020-q2-update.win32_1.5.0.202011040924/tools/bin/../lib/gcc/arm-none-eabi/9.3.1/thumb/v7e-m+fp/hard/crtbegin.o
 *(.init)
 .init          0x00000000080054c0        0x4 c:/st/stm32cubeide_1.4.0/stm32cubeide/plugins/com.st.stm32cube.ide.mcu.externaltools.gnu-tools-for-stm32.9-2020-q2-update.win32_1.5.0.202011040924/tools/bin/../lib/gcc/arm-none-eabi/9.3.1/thumb/v7e-m+fp/hard/crti.o
                0x00000000080054c0                _init
 .init          0x00000000080054c4        0x8 c:/st/stm32cubeide_1.4.0/stm32cubeide/plugins/com.st.stm32cube.ide.mcu.externaltools.gnu-tools-for-stm32.9-2020-q2-update.win32_1.5.0.202011040924/tools/bin/../lib/gcc/arm-none-eabi/9.3.1/thumb/v7e-m+fp/hard/crtn.o
 *(.fini)
 .fini          0x00000000080054cc        0x4 c:/st/stm32cubeide_1.4.0/stm32cubeide/plugins/com.st.stm32cube.ide.mcu.externaltools.gnu-tools-for-stm32.9-2020-q2-update.win32_1.5.0.202011040924/tools/bin/../lib/gcc/arm-none-eabi/9.3.1/thumb/v7e-m+fp/hard/crti.o
                0x00000000080054cc                _fini
 .fini          0x00000000080054d0        0x8 c:/st/stm32cubeide_1.4.0/stm32cubeide/plugins/com.st.stm32cube.ide.mcu.externaltools.gnu-tools-for-stm32.9-2020-q2-update.win32_1.5.0.202011040924/tools/bin/../lib/gcc/arm-none-eabi/9.3.1/thumb/v7e-m+fp/hard/crtn.o
                0x00000000080054d8                . = ALIGN (0x4)
                0x00000000080054d8                _etext = .

.vfp11_veneer   0x00000000080054d8        0x0
 .vfp11_veneer  0x00000000080054d8        0x0 linker stubs

.v4_bx          0x00000000080054d8        0x0
 .v4_bx         0x00000000080054d8        0x0 linker stubs

.iplt           0x00000000080054d8        0x0
 .iplt          0x00000000080054d8        0x0 c:/st/stm32cubeide_1.4.0/stm32cubeide/plugins/com.st.stm32cube.ide.mcu.externaltools.gnu-tools-for-stm32.9-2020-q2-update.win32_1.5.0.202011040924/tools/bin/../lib/gcc/arm-none-eabi/9.3.1/thumb/v7e-m+fp/hard/crtbegin.o

.rodata         0x00000000080054d8      0x924
                0x00000000080054d8                . = ALIGN (0x4)
 *(.rodata)
 *(.rodata*)
 .rodata.flagBitshiftOffset.8356
                0x00000000080054d8        0x8 Drivers/STM32F4xx_HAL_Driver/Src/stm32f4xx_hal_dma.o
 .rodata.print_network_information.str1.4
                0x00000000080054e0       0x9f Src/main.o
 *fill*         0x000000000800557f        0x1 
 .rodata._InitW5300.str1.4
                0x0000000008005580       0x38 Src/main.o
 .rodata._init_cam.str1.4
                0x00000000080055b8       0x11 Src/main.o
 *fill*         0x00000000080055c9        0x3 
 .rodata.ProcessCamTcps.str1.4
                0x00000000080055cc       0x36 Src/main.o
 *fill*         0x0000000008005602        0x2 
 .rodata.main.str1.4
                0x0000000008005604       0x1e Src/main.o
 *fill*         0x0000000008005622        0x2 
 .rodata.OV2640_480x272
                0x0000000008005624      0x1da Src/ov2640.o
                0x0000000008005624                OV2640_480x272
 *fill*         0x00000000080057fe        0x2 
 .rodata.OV2640_QQVGA
                0x0000000008005800      0x1b8 Src/ov2640.o
                0x0000000008005800                OV2640_QQVGA
 .rodata.OV2640_QVGA
                0x00000000080059b8      0x1b8 Src/ov2640.o
                0x00000000080059b8                OV2640_QVGA
 .rodata.OV2640_VGA
                0x0000000008005b70      0x1da Src/ov2640.o
                0x0000000008005b70                OV2640_VGA
 *fill*         0x0000000008005d4a        0x2 
 .rodata.AHBPrescTable
                0x0000000008005d4c       0x10 Src/system_stm32f4xx.o
                0x0000000008005d4c                AHBPrescTable
 .rodata.APBPrescTable
                0x0000000008005d5c        0x8 Src/system_stm32f4xx.o
                0x0000000008005d5c                APBPrescTable
 .rodata._global_impure_ptr
                0x0000000008005d64        0x4 c:/st/stm32cubeide_1.4.0/stm32cubeide/plugins/com.st.stm32cube.ide.mcu.externaltools.gnu-tools-for-stm32.9-2020-q2-update.win32_1.5.0.202011040924/tools/bin/../lib/gcc/arm-none-eabi/9.3.1/../../../../arm-none-eabi/lib/thumb/v7e-m+fp/hard\libc_nano.a(lib_a-impure.o)
                0x0000000008005d64                _global_impure_ptr
 .rodata.__sf_fake_stderr
                0x0000000008005d68       0x20 c:/st/stm32cubeide_1.4.0/stm32cubeide/plugins/com.st.stm32cube.ide.mcu.externaltools.gnu-tools-for-stm32.9-2020-q2-update.win32_1.5.0.202011040924/tools/bin/../lib/gcc/arm-none-eabi/9.3.1/../../../../arm-none-eabi/lib/thumb/v7e-m+fp/hard\libc_nano.a(lib_a-findfp.o)
                0x0000000008005d68                __sf_fake_stderr
 .rodata.__sf_fake_stdin
                0x0000000008005d88       0x20 c:/st/stm32cubeide_1.4.0/stm32cubeide/plugins/com.st.stm32cube.ide.mcu.externaltools.gnu-tools-for-stm32.9-2020-q2-update.win32_1.5.0.202011040924/tools/bin/../lib/gcc/arm-none-eabi/9.3.1/../../../../arm-none-eabi/lib/thumb/v7e-m+fp/hard\libc_nano.a(lib_a-findfp.o)
                0x0000000008005d88                __sf_fake_stdin
 .rodata.__sf_fake_stdout
                0x0000000008005da8       0x20 c:/st/stm32cubeide_1.4.0/stm32cubeide/plugins/com.st.stm32cube.ide.mcu.externaltools.gnu-tools-for-stm32.9-2020-q2-update.win32_1.5.0.202011040924/tools/bin/../lib/gcc/arm-none-eabi/9.3.1/../../../../arm-none-eabi/lib/thumb/v7e-m+fp/hard\libc_nano.a(lib_a-findfp.o)
                0x0000000008005da8                __sf_fake_stdout
 .rodata._vfprintf_r.str1.1
                0x0000000008005dc8       0x11 c:/st/stm32cubeide_1.4.0/stm32cubeide/plugins/com.st.stm32cube.ide.mcu.externaltools.gnu-tools-for-stm32.9-2020-q2-update.win32_1.5.0.202011040924/tools/bin/../lib/gcc/arm-none-eabi/9.3.1/../../../../arm-none-eabi/lib/thumb/v7e-m+fp/hard\libc_nano.a(lib_a-nano-vfprintf.o)
 .rodata._printf_i.str1.1
                0x0000000008005dd9       0x22 c:/st/stm32cubeide_1.4.0/stm32cubeide/plugins/com.st.stm32cube.ide.mcu.externaltools.gnu-tools-for-stm32.9-2020-q2-update.win32_1.5.0.202011040924/tools/bin/../lib/gcc/arm-none-eabi/9.3.1/../../../../arm-none-eabi/lib/thumb/v7e-m+fp/hard\libc_nano.a(lib_a-nano-vfprintf_i.o)
                0x0000000008005dfc                . = ALIGN (0x4)
 *fill*         0x0000000008005dfb        0x1 

.ARM.extab      0x0000000008005dfc        0x0
                0x0000000008005dfc                . = ALIGN (0x4)
 *(.ARM.extab* .gnu.linkonce.armextab.*)
                0x0000000008005dfc                . = ALIGN (0x4)

.ARM            0x0000000008005dfc        0x8
                0x0000000008005dfc                . = ALIGN (0x4)
                0x0000000008005dfc                __exidx_start = .
 *(.ARM.exidx*)
 .ARM.exidx     0x0000000008005dfc        0x8 c:/st/stm32cubeide_1.4.0/stm32cubeide/plugins/com.st.stm32cube.ide.mcu.externaltools.gnu-tools-for-stm32.9-2020-q2-update.win32_1.5.0.202011040924/tools/bin/../lib/gcc/arm-none-eabi/9.3.1/thumb/v7e-m+fp/hard\libgcc.a(_udivmoddi4.o)
                0x0000000008005e04                __exidx_end = .
                0x0000000008005e04                . = ALIGN (0x4)

.rel.dyn        0x0000000008005e04        0x0
 .rel.iplt      0x0000000008005e04        0x0 c:/st/stm32cubeide_1.4.0/stm32cubeide/plugins/com.st.stm32cube.ide.mcu.externaltools.gnu-tools-for-stm32.9-2020-q2-update.win32_1.5.0.202011040924/tools/bin/../lib/gcc/arm-none-eabi/9.3.1/thumb/v7e-m+fp/hard/crtbegin.o

.preinit_array  0x0000000008005e04        0x0
                0x0000000008005e04                . = ALIGN (0x4)
                0x0000000008005e04                PROVIDE (__preinit_array_start = .)
 *(.preinit_array*)
                0x0000000008005e04                PROVIDE (__preinit_array_end = .)
                0x0000000008005e04                . = ALIGN (0x4)

.init_array     0x0000000008005e04        0x4
                0x0000000008005e04                . = ALIGN (0x4)
                0x0000000008005e04                PROVIDE (__init_array_start = .)
 *(SORT_BY_NAME(.init_array.*))
 *(.init_array*)
 .init_array    0x0000000008005e04        0x4 c:/st/stm32cubeide_1.4.0/stm32cubeide/plugins/com.st.stm32cube.ide.mcu.externaltools.gnu-tools-for-stm32.9-2020-q2-update.win32_1.5.0.202011040924/tools/bin/../lib/gcc/arm-none-eabi/9.3.1/thumb/v7e-m+fp/hard/crtbegin.o
                0x0000000008005e08                PROVIDE (__init_array_end = .)
                0x0000000008005e08                . = ALIGN (0x4)

.fini_array     0x0000000008005e08        0x4
                0x0000000008005e08                . = ALIGN (0x4)
                [!provide]                        PROVIDE (__fini_array_start = .)
 *(SORT_BY_NAME(.fini_array.*))
 *(.fini_array*)
 .fini_array    0x0000000008005e08        0x4 c:/st/stm32cubeide_1.4.0/stm32cubeide/plugins/com.st.stm32cube.ide.mcu.externaltools.gnu-tools-for-stm32.9-2020-q2-update.win32_1.5.0.202011040924/tools/bin/../lib/gcc/arm-none-eabi/9.3.1/thumb/v7e-m+fp/hard/crtbegin.o
                [!provide]                        PROVIDE (__fini_array_end = .)
                0x0000000008005e0c                . = ALIGN (0x4)
                0x0000000008005e0c                _sidata = LOADADDR (.data)

.data           0x0000000020000000       0xd0 load address 0x0000000008005e0c
                0x0000000020000000                . = ALIGN (0x4)
                0x0000000020000000                _sdata = .
 *(.data)
 *(.data*)
 .data.uwTickFreq
                0x0000000020000000        0x1 Drivers/STM32F4xx_HAL_Driver/Src/stm32f4xx_hal.o
                0x0000000020000000                uwTickFreq
 *fill*         0x0000000020000001        0x3 
 .data.uwTickPrio
                0x0000000020000004        0x4 Drivers/STM32F4xx_HAL_Driver/Src/stm32f4xx_hal.o
                0x0000000020000004                uwTickPrio
 .data.sock_any_port
                0x0000000020000008        0x2 Src/ioLibrary_Driver-master/Ethernet/socket.o
 *fill*         0x000000002000000a        0x2 
 .data.WIZCHIP  0x000000002000000c       0x2c Src/ioLibrary_Driver-master/Ethernet/wizchip_conf.o
                0x000000002000000c                WIZCHIP
 .data.dDestport
                0x0000000020000038        0x4 Src/main.o
                0x0000000020000038                dDestport
 .data.gImgTransferFlag
                0x000000002000003c        0x4 Src/main.o
                0x000000002000003c                gImgTransferFlag
 .data.gWIZNETINFO
                0x0000000020000040       0x17 Src/main.o
                0x0000000020000040                gWIZNETINFO
 *fill*         0x0000000020000057        0x1 
 .data.wiznet_memsize
                0x0000000020000058       0x10 Src/main.o
                0x0000000020000058                wiznet_memsize
 .data.SystemCoreClock
                0x0000000020000068        0x4 Src/system_stm32f4xx.o
                0x0000000020000068                SystemCoreClock
 .data._impure_ptr
                0x000000002000006c        0x4 c:/st/stm32cubeide_1.4.0/stm32cubeide/plugins/com.st.stm32cube.ide.mcu.externaltools.gnu-tools-for-stm32.9-2020-q2-update.win32_1.5.0.202011040924/tools/bin/../lib/gcc/arm-none-eabi/9.3.1/../../../../arm-none-eabi/lib/thumb/v7e-m+fp/hard\libc_nano.a(lib_a-impure.o)
                0x000000002000006c                _impure_ptr
 .data.impure_data
                0x0000000020000070       0x60 c:/st/stm32cubeide_1.4.0/stm32cubeide/plugins/com.st.stm32cube.ide.mcu.externaltools.gnu-tools-for-stm32.9-2020-q2-update.win32_1.5.0.202011040924/tools/bin/../lib/gcc/arm-none-eabi/9.3.1/../../../../arm-none-eabi/lib/thumb/v7e-m+fp/hard\libc_nano.a(lib_a-impure.o)
 *(.RamFunc)
 *(.RamFunc*)
                0x00000000200000d0                . = ALIGN (0x4)
                0x00000000200000d0                _edata = .

.igot.plt       0x00000000200000d0        0x0 load address 0x0000000008005edc
 .igot.plt      0x00000000200000d0        0x0 c:/st/stm32cubeide_1.4.0/stm32cubeide/plugins/com.st.stm32cube.ide.mcu.externaltools.gnu-tools-for-stm32.9-2020-q2-update.win32_1.5.0.202011040924/tools/bin/../lib/gcc/arm-none-eabi/9.3.1/thumb/v7e-m+fp/hard/crtbegin.o
                0x00000000200000d0                . = ALIGN (0x4)

.bss            0x00000000200000d0     0x1404 load address 0x0000000008005edc
                0x00000000200000d0                _sbss = .
                0x00000000200000d0                __bss_start__ = _sbss
 *(.bss)
 .bss           0x00000000200000d0       0x1c c:/st/stm32cubeide_1.4.0/stm32cubeide/plugins/com.st.stm32cube.ide.mcu.externaltools.gnu-tools-for-stm32.9-2020-q2-update.win32_1.5.0.202011040924/tools/bin/../lib/gcc/arm-none-eabi/9.3.1/thumb/v7e-m+fp/hard/crtbegin.o
 *(.bss*)
 .bss.sock_io_mode
                0x00000000200000ec        0x2 Src/ioLibrary_Driver-master/Ethernet/socket.o
 .bss.sock_is_sending
                0x00000000200000ee        0x2 Src/ioLibrary_Driver-master/Ethernet/socket.o
 .bss.sock_pack_info
                0x00000000200000f0        0x8 Src/ioLibrary_Driver-master/Ethernet/socket.o
                0x00000000200000f0                sock_pack_info
 .bss.sock_remained_byte
                0x00000000200000f8        0x8 Src/ioLibrary_Driver-master/Ethernet/socket.o
                0x00000000200000f8                sock_remained_byte
 .bss.sock_remained_size
                0x0000000020000100       0x10 Src/ioLibrary_Driver-master/Ethernet/socket.o
 .bss._DHCP_    0x0000000020000110        0x1 Src/ioLibrary_Driver-master/Ethernet/wizchip_conf.o
 *fill*         0x0000000020000111        0x3 
 .bss._DNS_     0x0000000020000114        0x4 Src/ioLibrary_Driver-master/Ethernet/wizchip_conf.o
 .bss.gCameraFrameFlag
                0x0000000020000118        0x4 Src/main.o
                0x0000000020000118                gCameraFrameFlag
 .bss.gCameraLineFlag
                0x000000002000011c        0x4 Src/main.o
                0x000000002000011c                gCameraLineFlag
 .bss.gFrameCnt
                0x0000000020000120        0x4 Src/main.o
                0x0000000020000120                gFrameCnt
 .bss.gLineCnt  0x0000000020000124        0x4 Src/main.o
                0x0000000020000124                gLineCnt
 .bss.FSMC_Initialized
                0x0000000020000128        0x4 Src/stm32f4xx_hal_msp.o
 .bss.__sbrk_heap_end
                0x000000002000012c        0x4 Src/sysmem.o
 .bss.__malloc_free_list
                0x0000000020000130        0x4 c:/st/stm32cubeide_1.4.0/stm32cubeide/plugins/com.st.stm32cube.ide.mcu.externaltools.gnu-tools-for-stm32.9-2020-q2-update.win32_1.5.0.202011040924/tools/bin/../lib/gcc/arm-none-eabi/9.3.1/../../../../arm-none-eabi/lib/thumb/v7e-m+fp/hard\libc_nano.a(lib_a-nano-mallocr.o)
                0x0000000020000130                __malloc_free_list
 .bss.__malloc_sbrk_start
                0x0000000020000134        0x4 c:/st/stm32cubeide_1.4.0/stm32cubeide/plugins/com.st.stm32cube.ide.mcu.externaltools.gnu-tools-for-stm32.9-2020-q2-update.win32_1.5.0.202011040924/tools/bin/../lib/gcc/arm-none-eabi/9.3.1/../../../../arm-none-eabi/lib/thumb/v7e-m+fp/hard\libc_nano.a(lib_a-nano-mallocr.o)
                0x0000000020000134                __malloc_sbrk_start
 *(COMMON)
 COMMON         0x0000000020000138        0x4 Drivers/STM32F4xx_HAL_Driver/Src/stm32f4xx_hal.o
                0x0000000020000138                uwTick
 COMMON         0x000000002000013c     0x1388 Src/main.o
                0x000000002000013c                hi2c2
                0x0000000020000190                hdma_dcmi
                0x00000000200001f0                FrameBuffer
                0x0000000020000bf0                hsram1
                0x0000000020000c40                hdcmi
                0x0000000020000c80                huart1
                0x0000000020000cc4                ethBuf0
 COMMON         0x00000000200014c4        0x9 c:/st/stm32cubeide_1.4.0/stm32cubeide/plugins/com.st.stm32cube.ide.mcu.externaltools.gnu-tools-for-stm32.9-2020-q2-update.win32_1.5.0.202011040924/tools/bin/../lib/gcc/arm-none-eabi/9.3.1/../../../../arm-none-eabi/lib/thumb/v7e-m+fp/hard\libc_nano.a(lib_a-lock.o)
                0x00000000200014c4                __lock___atexit_recursive_mutex
                0x00000000200014c5                __lock___arc4random_mutex
                0x00000000200014c6                __lock___env_recursive_mutex
                0x00000000200014c7                __lock___sinit_recursive_mutex
                0x00000000200014c8                __lock___malloc_recursive_mutex
                0x00000000200014c9                __lock___at_quick_exit_mutex
                0x00000000200014ca                __lock___dd_hash_mutex
                0x00000000200014cb                __lock___tz_mutex
                0x00000000200014cc                __lock___sfp_recursive_mutex
 *fill*         0x00000000200014cd        0x3 
 COMMON         0x00000000200014d0        0x4 c:/st/stm32cubeide_1.4.0/stm32cubeide/plugins/com.st.stm32cube.ide.mcu.externaltools.gnu-tools-for-stm32.9-2020-q2-update.win32_1.5.0.202011040924/tools/bin/../lib/gcc/arm-none-eabi/9.3.1/../../../../arm-none-eabi/lib/thumb/v7e-m+fp/hard\libc_nano.a(lib_a-reent.o)
                0x00000000200014d0                errno
                0x00000000200014d4                . = ALIGN (0x4)
                0x00000000200014d4                _ebss = .
                0x00000000200014d4                __bss_end__ = _ebss

._user_heap_stack
                0x00000000200014d4      0x604 load address 0x0000000008005edc
                0x00000000200014d8                . = ALIGN (0x8)
 *fill*         0x00000000200014d4        0x4 
                [!provide]                        PROVIDE (end = .)
                0x00000000200014d8                PROVIDE (_end = .)
                0x00000000200016d8                . = (. + _Min_Heap_Size)
 *fill*         0x00000000200014d8      0x200 
                0x0000000020001ad8                . = (. + _Min_Stack_Size)
 *fill*         0x00000000200016d8      0x400 
                0x0000000020001ad8                . = ALIGN (0x8)

/DISCARD/
 libc.a(*)
 libm.a(*)
 libgcc.a(*)

.ARM.attributes
                0x0000000000000000       0x30
 *(.ARM.attributes)
 .ARM.attributes
                0x0000000000000000       0x1e c:/st/stm32cubeide_1.4.0/stm32cubeide/plugins/com.st.stm32cube.ide.mcu.externaltools.gnu-tools-for-stm32.9-2020-q2-update.win32_1.5.0.202011040924/tools/bin/../lib/gcc/arm-none-eabi/9.3.1/thumb/v7e-m+fp/hard/crti.o
 .ARM.attributes
                0x000000000000001e       0x34 c:/st/stm32cubeide_1.4.0/stm32cubeide/plugins/com.st.stm32cube.ide.mcu.externaltools.gnu-tools-for-stm32.9-2020-q2-update.win32_1.5.0.202011040924/tools/bin/../lib/gcc/arm-none-eabi/9.3.1/thumb/v7e-m+fp/hard/crtbegin.o
 .ARM.attributes
                0x0000000000000052       0x30 Drivers/STM32F4xx_HAL_Driver/Src/stm32f4xx_hal.o
 .ARM.attributes
                0x0000000000000082       0x30 Drivers/STM32F4xx_HAL_Driver/Src/stm32f4xx_hal_cortex.o
 .ARM.attributes
                0x00000000000000b2       0x30 Drivers/STM32F4xx_HAL_Driver/Src/stm32f4xx_hal_dcmi.o
 .ARM.attributes
                0x00000000000000e2       0x30 Drivers/STM32F4xx_HAL_Driver/Src/stm32f4xx_hal_dcmi_ex.o
 .ARM.attributes
                0x0000000000000112       0x30 Drivers/STM32F4xx_HAL_Driver/Src/stm32f4xx_hal_dma.o
 .ARM.attributes
                0x0000000000000142       0x30 Drivers/STM32F4xx_HAL_Driver/Src/stm32f4xx_hal_dma_ex.o
 .ARM.attributes
                0x0000000000000172       0x30 Drivers/STM32F4xx_HAL_Driver/Src/stm32f4xx_hal_gpio.o
 .ARM.attributes
                0x00000000000001a2       0x30 Drivers/STM32F4xx_HAL_Driver/Src/stm32f4xx_hal_i2c.o
 .ARM.attributes
                0x00000000000001d2       0x30 Drivers/STM32F4xx_HAL_Driver/Src/stm32f4xx_hal_rcc.o
 .ARM.attributes
                0x0000000000000202       0x30 Drivers/STM32F4xx_HAL_Driver/Src/stm32f4xx_hal_sram.o
 .ARM.attributes
                0x0000000000000232       0x30 Drivers/STM32F4xx_HAL_Driver/Src/stm32f4xx_hal_uart.o
 .ARM.attributes
                0x0000000000000262       0x30 Drivers/STM32F4xx_HAL_Driver/Src/stm32f4xx_ll_fsmc.o
 .ARM.attributes
                0x0000000000000292       0x30 Src/ioLibrary_Driver-master/Ethernet/W5300/w5300.o
 .ARM.attributes
                0x00000000000002c2       0x30 Src/ioLibrary_Driver-master/Ethernet/socket.o
 .ARM.attributes
                0x00000000000002f2       0x30 Src/ioLibrary_Driver-master/Ethernet/wizchip_conf.o
 .ARM.attributes
                0x0000000000000322       0x30 Src/main.o
 .ARM.attributes
                0x0000000000000352       0x30 Src/ov2640.o
 .ARM.attributes
                0x0000000000000382       0x30 Src/stm32f4xx_hal_msp.o
 .ARM.attributes
                0x00000000000003b2       0x30 Src/stm32f4xx_it.o
 .ARM.attributes
                0x00000000000003e2       0x30 Src/syscalls.o
 .ARM.attributes
                0x0000000000000412       0x30 Src/sysmem.o
 .ARM.attributes
                0x0000000000000442       0x30 Src/system_stm32f4xx.o
 .ARM.attributes
                0x0000000000000472       0x21 Startup/startup_stm32f417zgtx.o
 .ARM.attributes
                0x0000000000000493       0x34 c:/st/stm32cubeide_1.4.0/stm32cubeide/plugins/com.st.stm32cube.ide.mcu.externaltools.gnu-tools-for-stm32.9-2020-q2-update.win32_1.5.0.202011040924/tools/bin/../lib/gcc/arm-none-eabi/9.3.1/../../../../arm-none-eabi/lib/thumb/v7e-m+fp/hard\libc_nano.a(lib_a-errno.o)
 .ARM.attributes
                0x00000000000004c7       0x32 c:/st/stm32cubeide_1.4.0/stm32cubeide/plugins/com.st.stm32cube.ide.mcu.externaltools.gnu-tools-for-stm32.9-2020-q2-update.win32_1.5.0.202011040924/tools/bin/../lib/gcc/arm-none-eabi/9.3.1/../../../../arm-none-eabi/lib/thumb/v7e-m+fp/hard\libc_nano.a(lib_a-impure.o)
 .ARM.attributes
                0x00000000000004f9       0x34 c:/st/stm32cubeide_1.4.0/stm32cubeide/plugins/com.st.stm32cube.ide.mcu.externaltools.gnu-tools-for-stm32.9-2020-q2-update.win32_1.5.0.202011040924/tools/bin/../lib/gcc/arm-none-eabi/9.3.1/../../../../arm-none-eabi/lib/thumb/v7e-m+fp/hard\libc_nano.a(lib_a-init.o)
 .ARM.attributes
                0x000000000000052d       0x34 c:/st/stm32cubeide_1.4.0/stm32cubeide/plugins/com.st.stm32cube.ide.mcu.externaltools.gnu-tools-for-stm32.9-2020-q2-update.win32_1.5.0.202011040924/tools/bin/../lib/gcc/arm-none-eabi/9.3.1/../../../../arm-none-eabi/lib/thumb/v7e-m+fp/hard\libc_nano.a(lib_a-memcpy-stub.o)
 .ARM.attributes
                0x0000000000000561       0x34 c:/st/stm32cubeide_1.4.0/stm32cubeide/plugins/com.st.stm32cube.ide.mcu.externaltools.gnu-tools-for-stm32.9-2020-q2-update.win32_1.5.0.202011040924/tools/bin/../lib/gcc/arm-none-eabi/9.3.1/../../../../arm-none-eabi/lib/thumb/v7e-m+fp/hard\libc_nano.a(lib_a-memset.o)
 .ARM.attributes
                0x0000000000000595       0x34 c:/st/stm32cubeide_1.4.0/stm32cubeide/plugins/com.st.stm32cube.ide.mcu.externaltools.gnu-tools-for-stm32.9-2020-q2-update.win32_1.5.0.202011040924/tools/bin/../lib/gcc/arm-none-eabi/9.3.1/../../../../arm-none-eabi/lib/thumb/v7e-m+fp/hard\libc_nano.a(lib_a-printf.o)
 .ARM.attributes
                0x00000000000005c9       0x34 c:/st/stm32cubeide_1.4.0/stm32cubeide/plugins/com.st.stm32cube.ide.mcu.externaltools.gnu-tools-for-stm32.9-2020-q2-update.win32_1.5.0.202011040924/tools/bin/../lib/gcc/arm-none-eabi/9.3.1/../../../../arm-none-eabi/lib/thumb/v7e-m+fp/hard\libc_nano.a(lib_a-puts.o)
 .ARM.attributes
                0x00000000000005fd       0x34 c:/st/stm32cubeide_1.4.0/stm32cubeide/plugins/com.st.stm32cube.ide.mcu.externaltools.gnu-tools-for-stm32.9-2020-q2-update.win32_1.5.0.202011040924/tools/bin/../lib/gcc/arm-none-eabi/9.3.1/../../../../arm-none-eabi/lib/thumb/v7e-m+fp/hard\libc_nano.a(lib_a-wbuf.o)
 .ARM.attributes
                0x0000000000000631       0x34 c:/st/stm32cubeide_1.4.0/stm32cubeide/plugins/com.st.stm32cube.ide.mcu.externaltools.gnu-tools-for-stm32.9-2020-q2-update.win32_1.5.0.202011040924/tools/bin/../lib/gcc/arm-none-eabi/9.3.1/../../../../arm-none-eabi/lib/thumb/v7e-m+fp/hard\libc_nano.a(lib_a-wsetup.o)
 .ARM.attributes
                0x0000000000000665       0x34 c:/st/stm32cubeide_1.4.0/stm32cubeide/plugins/com.st.stm32cube.ide.mcu.externaltools.gnu-tools-for-stm32.9-2020-q2-update.win32_1.5.0.202011040924/tools/bin/../lib/gcc/arm-none-eabi/9.3.1/../../../../arm-none-eabi/lib/thumb/v7e-m+fp/hard\libc_nano.a(lib_a-fflush.o)
 .ARM.attributes
                0x0000000000000699       0x34 c:/st/stm32cubeide_1.4.0/stm32cubeide/plugins/com.st.stm32cube.ide.mcu.externaltools.gnu-tools-for-stm32.9-2020-q2-update.win32_1.5.0.202011040924/tools/bin/../lib/gcc/arm-none-eabi/9.3.1/../../../../arm-none-eabi/lib/thumb/v7e-m+fp/hard\libc_nano.a(lib_a-findfp.o)
 .ARM.attributes
                0x00000000000006cd       0x34 c:/st/stm32cubeide_1.4.0/stm32cubeide/plugins/com.st.stm32cube.ide.mcu.externaltools.gnu-tools-for-stm32.9-2020-q2-update.win32_1.5.0.202011040924/tools/bin/../lib/gcc/arm-none-eabi/9.3.1/../../../../arm-none-eabi/lib/thumb/v7e-m+fp/hard\libc_nano.a(lib_a-fwalk.o)
 .ARM.attributes
                0x0000000000000701       0x34 c:/st/stm32cubeide_1.4.0/stm32cubeide/plugins/com.st.stm32cube.ide.mcu.externaltools.gnu-tools-for-stm32.9-2020-q2-update.win32_1.5.0.202011040924/tools/bin/../lib/gcc/arm-none-eabi/9.3.1/../../../../arm-none-eabi/lib/thumb/v7e-m+fp/hard\libc_nano.a(lib_a-lock.o)
 .ARM.attributes
                0x0000000000000735       0x34 c:/st/stm32cubeide_1.4.0/stm32cubeide/plugins/com.st.stm32cube.ide.mcu.externaltools.gnu-tools-for-stm32.9-2020-q2-update.win32_1.5.0.202011040924/tools/bin/../lib/gcc/arm-none-eabi/9.3.1/../../../../arm-none-eabi/lib/thumb/v7e-m+fp/hard\libc_nano.a(lib_a-makebuf.o)
 .ARM.attributes
                0x0000000000000769       0x34 c:/st/stm32cubeide_1.4.0/stm32cubeide/plugins/com.st.stm32cube.ide.mcu.externaltools.gnu-tools-for-stm32.9-2020-q2-update.win32_1.5.0.202011040924/tools/bin/../lib/gcc/arm-none-eabi/9.3.1/../../../../arm-none-eabi/lib/thumb/v7e-m+fp/hard\libc_nano.a(lib_a-nano-freer.o)
 .ARM.attributes
                0x000000000000079d       0x34 c:/st/stm32cubeide_1.4.0/stm32cubeide/plugins/com.st.stm32cube.ide.mcu.externaltools.gnu-tools-for-stm32.9-2020-q2-update.win32_1.5.0.202011040924/tools/bin/../lib/gcc/arm-none-eabi/9.3.1/../../../../arm-none-eabi/lib/thumb/v7e-m+fp/hard\libc_nano.a(lib_a-nano-mallocr.o)
 .ARM.attributes
                0x00000000000007d1       0x34 c:/st/stm32cubeide_1.4.0/stm32cubeide/plugins/com.st.stm32cube.ide.mcu.externaltools.gnu-tools-for-stm32.9-2020-q2-update.win32_1.5.0.202011040924/tools/bin/../lib/gcc/arm-none-eabi/9.3.1/../../../../arm-none-eabi/lib/thumb/v7e-m+fp/hard\libc_nano.a(lib_a-nano-vfprintf.o)
 .ARM.attributes
                0x0000000000000805       0x34 c:/st/stm32cubeide_1.4.0/stm32cubeide/plugins/com.st.stm32cube.ide.mcu.externaltools.gnu-tools-for-stm32.9-2020-q2-update.win32_1.5.0.202011040924/tools/bin/../lib/gcc/arm-none-eabi/9.3.1/../../../../arm-none-eabi/lib/thumb/v7e-m+fp/hard\libc_nano.a(lib_a-nano-vfprintf_i.o)
 .ARM.attributes
                0x0000000000000839       0x34 c:/st/stm32cubeide_1.4.0/stm32cubeide/plugins/com.st.stm32cube.ide.mcu.externaltools.gnu-tools-for-stm32.9-2020-q2-update.win32_1.5.0.202011040924/tools/bin/../lib/gcc/arm-none-eabi/9.3.1/../../../../arm-none-eabi/lib/thumb/v7e-m+fp/hard\libc_nano.a(lib_a-sbrkr.o)
 .ARM.attributes
                0x000000000000086d       0x34 c:/st/stm32cubeide_1.4.0/stm32cubeide/plugins/com.st.stm32cube.ide.mcu.externaltools.gnu-tools-for-stm32.9-2020-q2-update.win32_1.5.0.202011040924/tools/bin/../lib/gcc/arm-none-eabi/9.3.1/../../../../arm-none-eabi/lib/thumb/v7e-m+fp/hard\libc_nano.a(lib_a-stdio.o)
 .ARM.attributes
                0x00000000000008a1       0x34 c:/st/stm32cubeide_1.4.0/stm32cubeide/plugins/com.st.stm32cube.ide.mcu.externaltools.gnu-tools-for-stm32.9-2020-q2-update.win32_1.5.0.202011040924/tools/bin/../lib/gcc/arm-none-eabi/9.3.1/../../../../arm-none-eabi/lib/thumb/v7e-m+fp/hard\libc_nano.a(lib_a-writer.o)
 .ARM.attributes
                0x00000000000008d5       0x34 c:/st/stm32cubeide_1.4.0/stm32cubeide/plugins/com.st.stm32cube.ide.mcu.externaltools.gnu-tools-for-stm32.9-2020-q2-update.win32_1.5.0.202011040924/tools/bin/../lib/gcc/arm-none-eabi/9.3.1/../../../../arm-none-eabi/lib/thumb/v7e-m+fp/hard\libc_nano.a(lib_a-closer.o)
 .ARM.attributes
                0x0000000000000909       0x34 c:/st/stm32cubeide_1.4.0/stm32cubeide/plugins/com.st.stm32cube.ide.mcu.externaltools.gnu-tools-for-stm32.9-2020-q2-update.win32_1.5.0.202011040924/tools/bin/../lib/gcc/arm-none-eabi/9.3.1/../../../../arm-none-eabi/lib/thumb/v7e-m+fp/hard\libc_nano.a(lib_a-fstatr.o)
 .ARM.attributes
                0x000000000000093d       0x34 c:/st/stm32cubeide_1.4.0/stm32cubeide/plugins/com.st.stm32cube.ide.mcu.externaltools.gnu-tools-for-stm32.9-2020-q2-update.win32_1.5.0.202011040924/tools/bin/../lib/gcc/arm-none-eabi/9.3.1/../../../../arm-none-eabi/lib/thumb/v7e-m+fp/hard\libc_nano.a(lib_a-isattyr.o)
 .ARM.attributes
                0x0000000000000971       0x34 c:/st/stm32cubeide_1.4.0/stm32cubeide/plugins/com.st.stm32cube.ide.mcu.externaltools.gnu-tools-for-stm32.9-2020-q2-update.win32_1.5.0.202011040924/tools/bin/../lib/gcc/arm-none-eabi/9.3.1/../../../../arm-none-eabi/lib/thumb/v7e-m+fp/hard\libc_nano.a(lib_a-lseekr.o)
 .ARM.attributes
                0x00000000000009a5       0x1c c:/st/stm32cubeide_1.4.0/stm32cubeide/plugins/com.st.stm32cube.ide.mcu.externaltools.gnu-tools-for-stm32.9-2020-q2-update.win32_1.5.0.202011040924/tools/bin/../lib/gcc/arm-none-eabi/9.3.1/../../../../arm-none-eabi/lib/thumb/v7e-m+fp/hard\libc_nano.a(lib_a-memchr.o)
 .ARM.attributes
                0x00000000000009c1       0x34 c:/st/stm32cubeide_1.4.0/stm32cubeide/plugins/com.st.stm32cube.ide.mcu.externaltools.gnu-tools-for-stm32.9-2020-q2-update.win32_1.5.0.202011040924/tools/bin/../lib/gcc/arm-none-eabi/9.3.1/../../../../arm-none-eabi/lib/thumb/v7e-m+fp/hard\libc_nano.a(lib_a-mlock.o)
 .ARM.attributes
                0x00000000000009f5       0x34 c:/st/stm32cubeide_1.4.0/stm32cubeide/plugins/com.st.stm32cube.ide.mcu.externaltools.gnu-tools-for-stm32.9-2020-q2-update.win32_1.5.0.202011040924/tools/bin/../lib/gcc/arm-none-eabi/9.3.1/../../../../arm-none-eabi/lib/thumb/v7e-m+fp/hard\libc_nano.a(lib_a-readr.o)
 .ARM.attributes
                0x0000000000000a29       0x34 c:/st/stm32cubeide_1.4.0/stm32cubeide/plugins/com.st.stm32cube.ide.mcu.externaltools.gnu-tools-for-stm32.9-2020-q2-update.win32_1.5.0.202011040924/tools/bin/../lib/gcc/arm-none-eabi/9.3.1/../../../../arm-none-eabi/lib/thumb/v7e-m+fp/hard\libc_nano.a(lib_a-reent.o)
 .ARM.attributes
                0x0000000000000a5d       0x1e c:/st/stm32cubeide_1.4.0/stm32cubeide/plugins/com.st.stm32cube.ide.mcu.externaltools.gnu-tools-for-stm32.9-2020-q2-update.win32_1.5.0.202011040924/tools/bin/../lib/gcc/arm-none-eabi/9.3.1/thumb/v7e-m+fp/hard\libgcc.a(_aeabi_uldivmod.o)
 .ARM.attributes
                0x0000000000000a7b       0x34 c:/st/stm32cubeide_1.4.0/stm32cubeide/plugins/com.st.stm32cube.ide.mcu.externaltools.gnu-tools-for-stm32.9-2020-q2-update.win32_1.5.0.202011040924/tools/bin/../lib/gcc/arm-none-eabi/9.3.1/thumb/v7e-m+fp/hard\libgcc.a(_udivmoddi4.o)
 .ARM.attributes
                0x0000000000000aaf       0x1e c:/st/stm32cubeide_1.4.0/stm32cubeide/plugins/com.st.stm32cube.ide.mcu.externaltools.gnu-tools-for-stm32.9-2020-q2-update.win32_1.5.0.202011040924/tools/bin/../lib/gcc/arm-none-eabi/9.3.1/thumb/v7e-m+fp/hard\libgcc.a(_dvmd_tls.o)
 .ARM.attributes
                0x0000000000000acd       0x1e c:/st/stm32cubeide_1.4.0/stm32cubeide/plugins/com.st.stm32cube.ide.mcu.externaltools.gnu-tools-for-stm32.9-2020-q2-update.win32_1.5.0.202011040924/tools/bin/../lib/gcc/arm-none-eabi/9.3.1/thumb/v7e-m+fp/hard/crtn.o
OUTPUT(ex12_w5300_netcam.elf elf32-littlearm)
LOAD linker stubs
LOAD c:/st/stm32cubeide_1.4.0/stm32cubeide/plugins/com.st.stm32cube.ide.mcu.externaltools.gnu-tools-for-stm32.9-2020-q2-update.win32_1.5.0.202011040924/tools/bin/../lib/gcc/arm-none-eabi/9.3.1/../../../../arm-none-eabi/lib/thumb/v7e-m+fp/hard\libc.a
LOAD c:/st/stm32cubeide_1.4.0/stm32cubeide/plugins/com.st.stm32cube.ide.mcu.externaltools.gnu-tools-for-stm32.9-2020-q2-update.win32_1.5.0.202011040924/tools/bin/../lib/gcc/arm-none-eabi/9.3.1/../../../../arm-none-eabi/lib/thumb/v7e-m+fp/hard\libm.a
LOAD c:/st/stm32cubeide_1.4.0/stm32cubeide/plugins/com.st.stm32cube.ide.mcu.externaltools.gnu-tools-for-stm32.9-2020-q2-update.win32_1.5.0.202011040924/tools/bin/../lib/gcc/arm-none-eabi/9.3.1/thumb/v7e-m+fp/hard\libgcc.a

.debug_info     0x0000000000000000    0x18a94
 .debug_info    0x0000000000000000      0xab7 Drivers/STM32F4xx_HAL_Driver/Src/stm32f4xx_hal.o
 .debug_info    0x0000000000000ab7     0x1156 Drivers/STM32F4xx_HAL_Driver/Src/stm32f4xx_hal_cortex.o
 .debug_info    0x0000000000001c0d      0xced Drivers/STM32F4xx_HAL_Driver/Src/stm32f4xx_hal_dcmi.o
 .debug_info    0x00000000000028fa      0x6f3 Drivers/STM32F4xx_HAL_Driver/Src/stm32f4xx_hal_dcmi_ex.o
 .debug_info    0x0000000000002fed      0xc3e Drivers/STM32F4xx_HAL_Driver/Src/stm32f4xx_hal_dma.o
 .debug_info    0x0000000000003c2b      0x6d9 Drivers/STM32F4xx_HAL_Driver/Src/stm32f4xx_hal_dma_ex.o
 .debug_info    0x0000000000004304      0x88a Drivers/STM32F4xx_HAL_Driver/Src/stm32f4xx_hal_gpio.o
 .debug_info    0x0000000000004b8e     0x4633 Drivers/STM32F4xx_HAL_Driver/Src/stm32f4xx_hal_i2c.o
 .debug_info    0x00000000000091c1      0xbcb Drivers/STM32F4xx_HAL_Driver/Src/stm32f4xx_hal_rcc.o
 .debug_info    0x0000000000009d8c      0xd7d Drivers/STM32F4xx_HAL_Driver/Src/stm32f4xx_hal_sram.o
 .debug_info    0x000000000000ab09     0x208d Drivers/STM32F4xx_HAL_Driver/Src/stm32f4xx_hal_uart.o
 .debug_info    0x000000000000cb96      0xc43 Drivers/STM32F4xx_HAL_Driver/Src/stm32f4xx_ll_fsmc.o
 .debug_info    0x000000000000d7d9      0x9c4 Src/ioLibrary_Driver-master/Ethernet/W5300/w5300.o
 .debug_info    0x000000000000e19d     0x18e9 Src/ioLibrary_Driver-master/Ethernet/socket.o
 .debug_info    0x000000000000fa86     0x15c8 Src/ioLibrary_Driver-master/Ethernet/wizchip_conf.o
 .debug_info    0x000000000001104e     0x3092 Src/main.o
 .debug_info    0x00000000000140e0      0x80d Src/ov2640.o
 .debug_info    0x00000000000148ed     0x1932 Src/stm32f4xx_hal_msp.o
 .debug_info    0x000000000001621f      0x77a Src/stm32f4xx_it.o
 .debug_info    0x0000000000016999     0x10ce Src/syscalls.o
 .debug_info    0x0000000000017a67      0xa4e Src/sysmem.o
 .debug_info    0x00000000000184b5      0x5bd Src/system_stm32f4xx.o
 .debug_info    0x0000000000018a72       0x22 Startup/startup_stm32f417zgtx.o

.debug_abbrev   0x0000000000000000     0x3e59
 .debug_abbrev  0x0000000000000000      0x27e Drivers/STM32F4xx_HAL_Driver/Src/stm32f4xx_hal.o
 .debug_abbrev  0x000000000000027e      0x389 Drivers/STM32F4xx_HAL_Driver/Src/stm32f4xx_hal_cortex.o
 .debug_abbrev  0x0000000000000607      0x2ce Drivers/STM32F4xx_HAL_Driver/Src/stm32f4xx_hal_dcmi.o
 .debug_abbrev  0x00000000000008d5      0x198 Drivers/STM32F4xx_HAL_Driver/Src/stm32f4xx_hal_dcmi_ex.o
 .debug_abbrev  0x0000000000000a6d      0x330 Drivers/STM32F4xx_HAL_Driver/Src/stm32f4xx_hal_dma.o
 .debug_abbrev  0x0000000000000d9d      0x1e4 Drivers/STM32F4xx_HAL_Driver/Src/stm32f4xx_hal_dma_ex.o
 .debug_abbrev  0x0000000000000f81      0x231 Drivers/STM32F4xx_HAL_Driver/Src/stm32f4xx_hal_gpio.o
 .debug_abbrev  0x00000000000011b2      0x421 Drivers/STM32F4xx_HAL_Driver/Src/stm32f4xx_hal_i2c.o
 .debug_abbrev  0x00000000000015d3      0x318 Drivers/STM32F4xx_HAL_Driver/Src/stm32f4xx_hal_rcc.o
 .debug_abbrev  0x00000000000018eb      0x24a Drivers/STM32F4xx_HAL_Driver/Src/stm32f4xx_hal_sram.o
 .debug_abbrev  0x0000000000001b35      0x3f6 Drivers/STM32F4xx_HAL_Driver/Src/stm32f4xx_hal_uart.o
 .debug_abbrev  0x0000000000001f2b      0x1dc Drivers/STM32F4xx_HAL_Driver/Src/stm32f4xx_ll_fsmc.o
 .debug_abbrev  0x0000000000002107      0x32b Src/ioLibrary_Driver-master/Ethernet/W5300/w5300.o
 .debug_abbrev  0x0000000000002432      0x347 Src/ioLibrary_Driver-master/Ethernet/socket.o
 .debug_abbrev  0x0000000000002779      0x48c Src/ioLibrary_Driver-master/Ethernet/wizchip_conf.o
 .debug_abbrev  0x0000000000002c05      0x56a Src/main.o
 .debug_abbrev  0x000000000000316f      0x230 Src/ov2640.o
 .debug_abbrev  0x000000000000339f      0x2b2 Src/stm32f4xx_hal_msp.o
 .debug_abbrev  0x0000000000003651      0x1cd Src/stm32f4xx_it.o
 .debug_abbrev  0x000000000000381e      0x2ea Src/syscalls.o
 .debug_abbrev  0x0000000000003b08      0x1f4 Src/sysmem.o
 .debug_abbrev  0x0000000000003cfc      0x14b Src/system_stm32f4xx.o
 .debug_abbrev  0x0000000000003e47       0x12 Startup/startup_stm32f417zgtx.o

.debug_loc      0x0000000000000000    0x102dc
 .debug_loc     0x0000000000000000      0x168 Drivers/STM32F4xx_HAL_Driver/Src/stm32f4xx_hal.o
 .debug_loc     0x0000000000000168      0x7a7 Drivers/STM32F4xx_HAL_Driver/Src/stm32f4xx_hal_cortex.o
 .debug_loc     0x000000000000090f      0x6c6 Drivers/STM32F4xx_HAL_Driver/Src/stm32f4xx_hal_dcmi.o
 .debug_loc     0x0000000000000fd5       0x59 Drivers/STM32F4xx_HAL_Driver/Src/stm32f4xx_hal_dcmi_ex.o
 .debug_loc     0x000000000000102e      0xabf Drivers/STM32F4xx_HAL_Driver/Src/stm32f4xx_hal_dma.o
 .debug_loc     0x0000000000001aed      0x8a5 Drivers/STM32F4xx_HAL_Driver/Src/stm32f4xx_hal_dma_ex.o
 .debug_loc     0x0000000000002392      0x563 Drivers/STM32F4xx_HAL_Driver/Src/stm32f4xx_hal_gpio.o
 .debug_loc     0x00000000000028f5     0x523e Drivers/STM32F4xx_HAL_Driver/Src/stm32f4xx_hal_i2c.o
 .debug_loc     0x0000000000007b33      0x516 Drivers/STM32F4xx_HAL_Driver/Src/stm32f4xx_hal_rcc.o
 .debug_loc     0x0000000000008049      0xa0e Drivers/STM32F4xx_HAL_Driver/Src/stm32f4xx_hal_sram.o
 .debug_loc     0x0000000000008a57     0x216f Drivers/STM32F4xx_HAL_Driver/Src/stm32f4xx_hal_uart.o
 .debug_loc     0x000000000000abc6      0x88d Drivers/STM32F4xx_HAL_Driver/Src/stm32f4xx_ll_fsmc.o
 .debug_loc     0x000000000000b453      0x6d2 Src/ioLibrary_Driver-master/Ethernet/W5300/w5300.o
 .debug_loc     0x000000000000bb25     0x1b14 Src/ioLibrary_Driver-master/Ethernet/socket.o
 .debug_loc     0x000000000000d639     0x193b Src/ioLibrary_Driver-master/Ethernet/wizchip_conf.o
 .debug_loc     0x000000000000ef74      0x772 Src/main.o
 .debug_loc     0x000000000000f6e6      0x56a Src/ov2640.o
 .debug_loc     0x000000000000fc50      0x132 Src/stm32f4xx_hal_msp.o
 .debug_loc     0x000000000000fd82      0x3bb Src/syscalls.o
 .debug_loc     0x000000000001013d       0x70 Src/sysmem.o
 .debug_loc     0x00000000000101ad      0x12f Src/system_stm32f4xx.o

.debug_aranges  0x0000000000000000      0xcd8
 .debug_aranges
                0x0000000000000000       0xe8 Drivers/STM32F4xx_HAL_Driver/Src/stm32f4xx_hal.o
 .debug_aranges
                0x00000000000000e8       0xa8 Drivers/STM32F4xx_HAL_Driver/Src/stm32f4xx_hal_cortex.o
 .debug_aranges
                0x0000000000000190       0x98 Drivers/STM32F4xx_HAL_Driver/Src/stm32f4xx_hal_dcmi.o
 .debug_aranges
                0x0000000000000228       0x20 Drivers/STM32F4xx_HAL_Driver/Src/stm32f4xx_hal_dcmi_ex.o
 .debug_aranges
                0x0000000000000248       0x78 Drivers/STM32F4xx_HAL_Driver/Src/stm32f4xx_hal_dma.o
 .debug_aranges
                0x00000000000002c0       0x30 Drivers/STM32F4xx_HAL_Driver/Src/stm32f4xx_hal_dma_ex.o
 .debug_aranges
                0x00000000000002f0       0x58 Drivers/STM32F4xx_HAL_Driver/Src/stm32f4xx_hal_gpio.o
 .debug_aranges
                0x0000000000000348      0x198 Drivers/STM32F4xx_HAL_Driver/Src/stm32f4xx_hal_i2c.o
 .debug_aranges
                0x00000000000004e0       0x88 Drivers/STM32F4xx_HAL_Driver/Src/stm32f4xx_hal_rcc.o
 .debug_aranges
                0x0000000000000568       0x88 Drivers/STM32F4xx_HAL_Driver/Src/stm32f4xx_hal_sram.o
 .debug_aranges
                0x00000000000005f0      0x188 Drivers/STM32F4xx_HAL_Driver/Src/stm32f4xx_hal_uart.o
 .debug_aranges
                0x0000000000000778       0xa8 Drivers/STM32F4xx_HAL_Driver/Src/stm32f4xx_ll_fsmc.o
 .debug_aranges
                0x0000000000000820       0x70 Src/ioLibrary_Driver-master/Ethernet/W5300/w5300.o
 .debug_aranges
                0x0000000000000890       0x80 Src/ioLibrary_Driver-master/Ethernet/socket.o
 .debug_aranges
                0x0000000000000910       0xe8 Src/ioLibrary_Driver-master/Ethernet/wizchip_conf.o
 .debug_aranges
                0x00000000000009f8       0xd8 Src/main.o
 .debug_aranges
                0x0000000000000ad0       0x30 Src/ov2640.o
 .debug_aranges
                0x0000000000000b00       0x60 Src/stm32f4xx_hal_msp.o
 .debug_aranges
                0x0000000000000b60       0x60 Src/stm32f4xx_it.o
 .debug_aranges
                0x0000000000000bc0       0xa8 Src/syscalls.o
 .debug_aranges
                0x0000000000000c68       0x20 Src/sysmem.o
 .debug_aranges
                0x0000000000000c88       0x28 Src/system_stm32f4xx.o
 .debug_aranges
                0x0000000000000cb0       0x28 Startup/startup_stm32f417zgtx.o

.debug_ranges   0x0000000000000000     0x2258
 .debug_ranges  0x0000000000000000       0xd8 Drivers/STM32F4xx_HAL_Driver/Src/stm32f4xx_hal.o
 .debug_ranges  0x00000000000000d8      0x1c0 Drivers/STM32F4xx_HAL_Driver/Src/stm32f4xx_hal_cortex.o
 .debug_ranges  0x0000000000000298       0x88 Drivers/STM32F4xx_HAL_Driver/Src/stm32f4xx_hal_dcmi.o
 .debug_ranges  0x0000000000000320       0x10 Drivers/STM32F4xx_HAL_Driver/Src/stm32f4xx_hal_dcmi_ex.o
 .debug_ranges  0x0000000000000330      0x108 Drivers/STM32F4xx_HAL_Driver/Src/stm32f4xx_hal_dma.o
 .debug_ranges  0x0000000000000438       0x50 Drivers/STM32F4xx_HAL_Driver/Src/stm32f4xx_hal_dma_ex.o
 .debug_ranges  0x0000000000000488       0x68 Drivers/STM32F4xx_HAL_Driver/Src/stm32f4xx_hal_gpio.o
 .debug_ranges  0x00000000000004f0      0xdb8 Drivers/STM32F4xx_HAL_Driver/Src/stm32f4xx_hal_i2c.o
 .debug_ranges  0x00000000000012a8      0x138 Drivers/STM32F4xx_HAL_Driver/Src/stm32f4xx_hal_rcc.o
 .debug_ranges  0x00000000000013e0       0x78 Drivers/STM32F4xx_HAL_Driver/Src/stm32f4xx_hal_sram.o
 .debug_ranges  0x0000000000001458      0x3a8 Drivers/STM32F4xx_HAL_Driver/Src/stm32f4xx_hal_uart.o
 .debug_ranges  0x0000000000001800       0x98 Drivers/STM32F4xx_HAL_Driver/Src/stm32f4xx_ll_fsmc.o
 .debug_ranges  0x0000000000001898      0x1f0 Src/ioLibrary_Driver-master/Ethernet/W5300/w5300.o
 .debug_ranges  0x0000000000001a88       0x88 Src/ioLibrary_Driver-master/Ethernet/socket.o
 .debug_ranges  0x0000000000001b10      0x120 Src/ioLibrary_Driver-master/Ethernet/wizchip_conf.o
 .debug_ranges  0x0000000000001c30      0x2e8 Src/main.o
 .debug_ranges  0x0000000000001f18       0x98 Src/ov2640.o
 .debug_ranges  0x0000000000001fb0      0x160 Src/stm32f4xx_hal_msp.o
 .debug_ranges  0x0000000000002110       0x50 Src/stm32f4xx_it.o
 .debug_ranges  0x0000000000002160       0xb0 Src/syscalls.o
 .debug_ranges  0x0000000000002210       0x10 Src/sysmem.o
 .debug_ranges  0x0000000000002220       0x18 Src/system_stm32f4xx.o
 .debug_ranges  0x0000000000002238       0x20 Startup/startup_stm32f417zgtx.o

.debug_macro    0x0000000000000000    0x23c3f
 .debug_macro   0x0000000000000000      0x268 Drivers/STM32F4xx_HAL_Driver/Src/stm32f4xx_hal.o
 .debug_macro   0x0000000000000268      0xab4 Drivers/STM32F4xx_HAL_Driver/Src/stm32f4xx_hal.o
 .debug_macro   0x0000000000000d1c      0x2a7 Drivers/STM32F4xx_HAL_Driver/Src/stm32f4xx_hal.o
 .debug_macro   0x0000000000000fc3       0x2e Drivers/STM32F4xx_HAL_Driver/Src/stm32f4xx_hal.o
 .debug_macro   0x0000000000000ff1       0x28 Drivers/STM32F4xx_HAL_Driver/Src/stm32f4xx_hal.o
 .debug_macro   0x0000000000001019       0x22 Drivers/STM32F4xx_HAL_Driver/Src/stm32f4xx_hal.o
 .debug_macro   0x000000000000103b       0x8e Drivers/STM32F4xx_HAL_Driver/Src/stm32f4xx_hal.o
 .debug_macro   0x00000000000010c9       0x51 Drivers/STM32F4xx_HAL_Driver/Src/stm32f4xx_hal.o
 .debug_macro   0x000000000000111a      0x103 Drivers/STM32F4xx_HAL_Driver/Src/stm32f4xx_hal.o