20:10:43 **** Incremental Build of configuration Debug for project ex10_w5300_cam ****
make -j8 all 
arm-none-eabi-gcc "../Src/ioLibrary_Driver-master/Ethernet/W5300/w5300.c" -mcpu=cortex-m4 -std=gnu11 -g3 -DDEBUG -DUSE_HAL_DRIVER -DSTM32F417xx -c -I../Inc -I../Src -I../Src/ioLibrary_Driver-master/Ethernet -I../Src/ioLibrary_Driver-master/Ethernet/w5300 -I../Drivers/STM32F4xx_HAL_Driver/Inc -I../Drivers/STM32F4xx_HAL_Driver/Inc/Legacy -I../Drivers/CMSIS/Device/ST/STM32F4xx/Include -I../Drivers/CMSIS/Include -Ofast -ffunction-sections -fdata-sections -Wall -fstack-usage -MMD -MP -MF"Src/ioLibrary_Driver-master/Ethernet/W5300/w5300.d" -MT"Src/ioLibrary_Driver-master/Ethernet/W5300/w5300.o" --specs=nano.specs -mfpu=fpv4-sp-d16 -mfloat-abi=hard -mthumb -o "Src/ioLibrary_Driver-master/Ethernet/W5300/w5300.o"
arm-none-eabi-gcc "../Src/main.c" -mcpu=cortex-m4 -std=gnu11 -g3 -DDEBUG -DUSE_HAL_DRIVER -DSTM32F417xx -c -I../Inc -I../Src -I../Src/ioLibrary_Driver-master/Ethernet -I../Src/ioLibrary_Driver-master/Ethernet/w5300 -I../Drivers/STM32F4xx_HAL_Driver/Inc -I../Drivers/STM32F4xx_HAL_Driver/Inc/Legacy -I../Drivers/CMSIS/Device/ST/STM32F4xx/Include -I../Drivers/CMSIS/Include -Ofast -ffunction-sections -fdata-sections -Wall -fstack-usage -MMD -MP -MF"Src/main.d" -MT"Src/main.o" --specs=nano.specs -mfpu=fpv4-sp-d16 -mfloat-abi=hard -mthumb -o "Src/main.o"
arm-none-eabi-gcc "../Src/stm32f4xx_hal_msp.c" -mcpu=cortex-m4 -std=gnu11 -g3 -DDEBUG -DUSE_HAL_DRIVER -DSTM32F417xx -c -I../Inc -I../Src -I../Src/ioLibrary_Driver-master/Ethernet -I../Src/ioLibrary_Driver-master/Ethernet/w5300 -I../Drivers/STM32F4xx_HAL_Driver/Inc -I../Drivers/STM32F4xx_HAL_Driver/Inc/Legacy -I../Drivers/CMSIS/Device/ST/STM32F4xx/Include -I../Drivers/CMSIS/Include -Ofast -ffunction-sections -fdata-sections -Wall -fstack-usage -MMD -MP -MF"Src/stm32f4xx_hal_msp.d" -MT"Src/stm32f4xx_hal_msp.o" --specs=nano.specs -mfpu=fpv4-sp-d16 -mfloat-abi=hard -mthumb -o "Src/stm32f4xx_hal_msp.o"
arm-none-eabi-gcc "../Src/stm32f4xx_it.c" -mcpu=cortex-m4 -std=gnu11 -g3 -DDEBUG -DUSE_HAL_DRIVER -DSTM32F417xx -c -I../Inc -I../Src -I../Src/ioLibrary_Driver-master/Ethernet -I../Src/ioLibrary_Driver-master/Ethernet/w5300 -I../Drivers/STM32F4xx_HAL_Driver/Inc -I../Drivers/STM32F4xx_HAL_Driver/Inc/Legacy -I../Drivers/CMSIS/Device/ST/STM32F4xx/Include -I../Drivers/CMSIS/Include -Ofast -ffunction-sections -fdata-sections -Wall -fstack-usage -MMD -MP -MF"Src/stm32f4xx_it.d" -MT"Src/stm32f4xx_it.o" --specs=nano.specs -mfpu=fpv4-sp-d16 -mfloat-abi=hard -mthumb -o "Src/stm32f4xx_it.o"
In file included from ../Src/main.c:83:
../Src/_user_code_intit.h: In function 'init_project':
../Src/_user_code_intit.h:15:2: warning: implicit declaration of function '_InitW5300' [-Wimplicit-function-declaration]
   15 |  _InitW5300();
      |  ^~~~~~~~~~
In file included from ../Src/main.c:84:
../Src/_user_code_w5300.h: In function 'print_network_information':
../Src/_user_code_w5300.h:57:5: warning: implicit declaration of function 'printf' [-Wimplicit-function-declaration]
   57 |     printf("Mac address: %02x:%02x:%02x:%02x:%02x:%02x\n\r",gWIZNETINFO.mac[0],gWIZNETINFO.mac[1],gWIZNETINFO.mac[2],gWIZNETINFO.mac[3],gWIZNETINFO.mac[4],gWIZNETINFO.mac[5]);
      |     ^~~~~~
../Src/_user_code_w5300.h:57:5: warning: incompatible implicit declaration of built-in function 'printf'
../Src/_user_code_w5300.h:2:1: note: include '<stdio.h>' or provide a declaration of 'printf'
    1 | #include "socket.h"
  +++ |+#include <stdio.h>
    2 | #include "wizchip_conf.h"
In file included from ../Src/main.c:84:
../Src/_user_code_w5300.h: At top level:
../Src/_user_code_w5300.h:64:6: warning: conflicting types for '_InitW5300'
   64 | void _InitW5300(void);
      |      ^~~~~~~~~~
In file included from ../Src/main.c:83:
../Src/_user_code_intit.h:15:2: note: previous implicit declaration of '_InitW5300' was here
   15 |  _InitW5300();
      |  ^~~~~~~~~~
In file included from ../Src/main.c:84:
../Src/_user_code_w5300.h: In function '_InitW5300':
../Src/_user_code_w5300.h:73:2: warning: incompatible implicit declaration of built-in function 'printf'
   73 |  printf("getMR() = %04X\r\n", getMR());
      |  ^~~~~~
../Src/_user_code_w5300.h:73:2: note: include '<stdio.h>' or provide a declaration of 'printf'
../Src/_user_code_w5300.h:68:15: warning: unused variable 'tmpaddr' [-Wunused-variable]
   68 |  unsigned int tmpaddr[4];
      |               ^~~~~~~
In file included from ../Src/main.c:85:
../Src/_user_code_cam.h: In function '_init_cam':
../Src/_user_code_cam.h:190:20: warning: unused variable 'idc' [-Wunused-variable]
  190 |  volatile uint32_t idc = ov2640_ReadID(CAMERA_I2C_ADDRESS);
      |                    ^~~
../Src/main.c: In function 'main':
../Src/main.c:240:3: warning: incompatible implicit declaration of built-in function 'printf'
  240 |   printf("W5300 TCP Loopback Test\r\n");
      |   ^~~~~~
../Src/main.c:86:1: note: include '<stdio.h>' or provide a declaration of 'printf'
   85 | #include "_user_code_cam.h"
  +++ |+#include <stdio.h>
   86 | 
../Src/main.c:256:16: warning: format '%d' expects argument of type 'int', but argument 2 has type 'uint32_t' {aka 'long unsigned int'} [-Wformat=]
  256 |      printf(">%d\r\n", gFrameCnt);
      |               ~^       ~~~~~~~~~
      |                |       |
      |                int     uint32_t {aka long unsigned int}
      |               %ld
arm-none-eabi-gcc -o "ex10_w5300_cam.elf" @"objects.list"   -mcpu=cortex-m4 -T"D:\WORK\ARM\stm32f4\STM32f4RP_IDE\ex12__w5300_cam\STM32F417ZGTX_FLASH.ld" --specs=nosys.specs -Wl,-Map="ex10_w5300_cam.map" -Wl,--gc-sections -static --specs=nano.specs -mfpu=fpv4-sp-d16 -mfloat-abi=hard -mthumb -Wl,--start-group -lc -lm -Wl,--end-group
Finished building target: ex10_w5300_cam.elf
 
arm-none-eabi-objdump -h -S  ex10_w5300_cam.elf  > "ex10_w5300_cam.list"
arm-none-eabi-objcopy  -O binary  ex10_w5300_cam.elf  "ex10_w5300_cam.bin"
arm-none-eabi-size   ex10_w5300_cam.elf 
   text	   data	    bss	    dec	    hex	filename
  19244	    204	   9188	  28636	   6fdc	ex10_w5300_cam.elf
Finished building: default.size.stdout
 
Finished building: ex10_w5300_cam.bin
Finished building: ex10_w5300_cam.list
 
 

20:10:45 Build Finished. 0 errors, 9 warnings. (took 2s.415ms)

