01:36:44 **** Incremental Build of configuration Debug for project ex12_w5300_netcam ****
make -j8 all 
arm-none-eabi-gcc "../Src/main.c" -mcpu=cortex-m4 -std=gnu11 -g3 -DDEBUG -DUSE_HAL_DRIVER -DSTM32F417xx -c -I../Inc -I../Src -I../Src/ioLibrary_Driver-master/Ethernet -I../Src/ioLibrary_Driver-master/Ethernet/w5300 -I../Drivers/STM32F4xx_HAL_Driver/Inc -I../Drivers/STM32F4xx_HAL_Driver/Inc/Legacy -I../Drivers/CMSIS/Device/ST/STM32F4xx/Include -I../Drivers/CMSIS/Include -Ofast -ffunction-sections -fdata-sections -Wall -fstack-usage -MMD -MP -MF"Src/main.d" -MT"Src/main.o" --specs=nano.specs -mfpu=fpv4-sp-d16 -mfloat-abi=hard -mthumb -o "Src/main.o"
In file included from ../Src/main.c:86:
../Src/_user_code_intit.h: In function 'init_project':
../Src/_user_code_intit.h:15:2: warning: implicit declaration of function '_InitW5300' [-Wimplicit-function-declaration]
   15 |  _InitW5300();
      |  ^~~~~~~~~~
In file included from ../Src/main.c:87:
../Src/_user_code_w5300.h: In function 'print_network_information':
../Src/_user_code_w5300.h:57:5: warning: implicit declaration of function 'printf' [-Wimplicit-function-declaration]
   57 |     printf("Mac address: %02x:%02x:%02x:%02x:%02x:%02x\n\r",gWIZNETINFO.mac[0],gWIZNETINFO.mac[1],gWIZNETINFO.mac[2],gWIZNETINFO.mac[3],gWIZNETINFO.mac[4],gWIZNETINFO.mac[5]);
      |     ^~~~~~
../Src/_user_code_w5300.h:57:5: warning: incompatible implicit declaration of built-in function 'printf'
../Src/_user_code_w5300.h:2:1: note: include '<stdio.h>' or provide a declaration of 'printf'
    1 | #include "socket.h"
  +++ |+#include <stdio.h>
    2 | #include "wizchip_conf.h"
In file included from ../Src/main.c:87:
../Src/_user_code_w5300.h: At top level:
../Src/_user_code_w5300.h:64:6: warning: conflicting types for '_InitW5300'
   64 | void _InitW5300(void);
      |      ^~~~~~~~~~
In file included from ../Src/main.c:86:
../Src/_user_code_intit.h:15:2: note: previous implicit declaration of '_InitW5300' was here
   15 |  _InitW5300();
      |  ^~~~~~~~~~
In file included from ../Src/main.c:87:
../Src/_user_code_w5300.h: In function '_InitW5300':
../Src/_user_code_w5300.h:73:2: warning: incompatible implicit declaration of built-in function 'printf'
   73 |  printf("getMR() = %04X\r\n", getMR());
      |  ^~~~~~
../Src/_user_code_w5300.h:73:2: note: include '<stdio.h>' or provide a declaration of 'printf'
../Src/_user_code_w5300.h:68:15: warning: unused variable 'tmpaddr' [-Wunused-variable]
   68 |  unsigned int tmpaddr[4];
      |               ^~~~~~~
In file included from ../Src/main.c:88:
../Src/_user_code_cam.h: In function '_init_cam':
../Src/_user_code_cam.h:115:2: warning: incompatible implicit declaration of built-in function 'printf'
  115 |  printf("camera id = %x\r\n", idc);
      |  ^~~~~~
../Src/_user_code_cam.h:2:1: note: include '<stdio.h>' or provide a declaration of 'printf'
    1 | #include "ov2640.h"
  +++ |+#include <stdio.h>
    2 | 
../Src/_user_code_cam.h:115:23: warning: format '%x' expects argument of type 'unsigned int', but argument 2 has type 'uint32_t' {aka 'volatile long unsigned int'} [-Wformat=]
  115 |  printf("camera id = %x\r\n", idc);
      |                      ~^       ~~~
      |                       |       |
      |                       |       uint32_t {aka volatile long unsigned int}
      |                       unsigned int
      |                      %lx
../Src/main.c: In function 'ProcessCamTcps':
../Src/main.c:140:14: warning: incompatible implicit declaration of built-in function 'printf'
  140 |              printf("Cam Stream Start\r\n");
      |              ^~~~~~
../Src/main.c:89:1: note: include '<stdio.h>' or provide a declaration of 'printf'
   88 | #include "_user_code_cam.h"
  +++ |+#include <stdio.h>
   89 | 
../Src/main.c:145:14: warning: incompatible implicit declaration of built-in function 'printf'
  145 |              printf("Cam Stream Stop\r\n");
      |              ^~~~~~
../Src/main.c:145:14: note: include '<stdio.h>' or provide a declaration of 'printf'
../Src/main.c:151:4: warning: incompatible implicit declaration of built-in function 'printf'
  151 |    printf("rx size=%d \r\n", size);
      |    ^~~~~~
../Src/main.c:151:4: note: include '<stdio.h>' or provide a declaration of 'printf'
../Src/main.c:95:23: warning: unused variable 'sentsize' [-Wunused-variable]
   95 |    uint16_t size = 0, sentsize=0;
      |                       ^~~~~~~~
../Src/main.c: In function 'CamImagTransferLine':
../Src/main.c:201:4: warning: implicit declaration of function 'memcpy' [-Wimplicit-function-declaration]
  201 |    memcpy((uint8_t *)&data_buf[4], (uint8_t *)&FrameBuffer, size);
      |    ^~~~~~
../Src/main.c:201:4: warning: incompatible implicit declaration of built-in function 'memcpy'
../Src/main.c:89:1: note: include '<string.h>' or provide a declaration of 'memcpy'
   88 | #include "_user_code_cam.h"
  +++ |+#include <string.h>
   89 | 
../Src/main.c:191:8: warning: variable 'ret' set but not used [-Wunused-but-set-variable]
  191 |    int ret ;
      |        ^~~
../Src/main.c: In function 'CamImagTransferFrame':
../Src/main.c:211:6: warning: variable 'ret' set but not used [-Wunused-but-set-variable]
  211 |  int ret ;
      |      ^~~
../Src/main.c: In function 'main':
../Src/main.c:291:6: warning: incompatible implicit declaration of built-in function 'printf'
  291 |      printf(">%d, %d\r\n", gFrameCnt, gLineCnt);
      |      ^~~~~~
../Src/main.c:291:6: note: include '<stdio.h>' or provide a declaration of 'printf'
../Src/main.c:291:16: warning: format '%d' expects argument of type 'int', but argument 2 has type 'uint32_t' {aka 'long unsigned int'} [-Wformat=]
  291 |      printf(">%d, %d\r\n", gFrameCnt, gLineCnt);
      |               ~^           ~~~~~~~~~
      |                |           |
      |                int         uint32_t {aka long unsigned int}
      |               %ld
../Src/main.c:291:20: warning: format '%d' expects argument of type 'int', but argument 3 has type 'uint32_t' {aka 'long unsigned int'} [-Wformat=]
  291 |      printf(">%d, %d\r\n", gFrameCnt, gLineCnt);
      |                   ~^                  ~~~~~~~~
      |                    |                  |
      |                    int                uint32_t {aka long unsigned int}
      |                   %ld
../Src/main.c:240:9: warning: unused variable 'page' [-Wunused-variable]
  240 |     int page;
      |         ^~~~
../Src/main.c:239:10: warning: unused variable 'i' [-Wunused-variable]
  239 |     int  i;
      |          ^
arm-none-eabi-gcc -o "ex12_w5300_netcam.elf" @"objects.list"   -mcpu=cortex-m4 -T"D:\WORK\ARM\stm32f4\STM32f4RP_IDE\ex12_w5300_netcam\STM32F417ZGTX_FLASH.ld" --specs=nosys.specs -Wl,-Map="ex12_w5300_netcam.map" -Wl,--gc-sections -static --specs=nano.specs -mfpu=fpv4-sp-d16 -mfloat-abi=hard -mthumb -Wl,--start-group -lc -lm -Wl,--end-group
Finished building target: ex12_w5300_netcam.elf
 
arm-none-eabi-objdump -h -S  ex12_w5300_netcam.elf  > "ex12_w5300_netcam.list"
arm-none-eabi-objcopy  -O binary  ex12_w5300_netcam.elf  "ex12_w5300_netcam.bin"
arm-none-eabi-size   ex12_w5300_netcam.elf 
   text	   data	    bss	    dec	    hex	filename
  24032	    212	   6668	  30912	   78c0	ex12_w5300_netcam.elf
Finished building: default.size.stdout
 
Finished building: ex12_w5300_netcam.bin
 
Finished building: ex12_w5300_netcam.list
 
01:37:30 **** Incremental Build of configuration Debug for project ex12_w5300_netcam ****
make -j8 all 
arm-none-eabi-gcc "../Src/main.c" -mcpu=cortex-m4 -std=gnu11 -g3 -DDEBUG -DUSE_HAL_DRIVER -DSTM32F417xx -c -I../Inc -I../Src -I../Src/ioLibrary_Driver-master/Ethernet -I../Src/ioLibrary_Driver-master/Ethernet/w5300 -I../Drivers/STM32F4xx_HAL_Driver/Inc -I../Drivers/STM32F4xx_HAL_Driver/Inc/Legacy -I../Drivers/CMSIS/Device/ST/STM32F4xx/Include -I../Drivers/CMSIS/Include -Ofast -ffunction-sections -fdata-sections -Wall -fstack-usage -MMD -MP -MF"Src/main.d" -MT"Src/main.o" --specs=nano.specs -mfpu=fpv4-sp-d16 -mfloat-abi=hard -mthumb -o "Src/main.o"
In file included from ../Src/main.c:86:
../Src/_user_code_intit.h: In function 'init_project':
../Src/_user_code_intit.h:15:2: warning: implicit declaration of function '_InitW5300' [-Wimplicit-function-declaration]
   15 |  _InitW5300();
      |  ^~~~~~~~~~
In file included from ../Src/main.c:87:
../Src/_user_code_w5300.h: In function 'print_network_information':
../Src/_user_code_w5300.h:57:5: warning: implicit declaration of function 'printf' [-Wimplicit-function-declaration]
   57 |     printf("Mac address: %02x:%02x:%02x:%02x:%02x:%02x\n\r",gWIZNETINFO.mac[0],gWIZNETINFO.mac[1],gWIZNETINFO.mac[2],gWIZNETINFO.mac[3],gWIZNETINFO.mac[4],gWIZNETINFO.mac[5]);
      |     ^~~~~~
../Src/_user_code_w5300.h:57:5: warning: incompatible implicit declaration of built-in function 'printf'
../Src/_user_code_w5300.h:2:1: note: include '<stdio.h>' or provide a declaration of 'printf'
    1 | #include "socket.h"
  +++ |+#include <stdio.h>
    2 | #include "wizchip_conf.h"
In file included from ../Src/main.c:87:
../Src/_user_code_w5300.h: At top level:
../Src/_user_code_w5300.h:64:6: warning: conflicting types for '_InitW5300'
   64 | void _InitW5300(void);
      |      ^~~~~~~~~~
In file included from ../Src/main.c:86:
../Src/_user_code_intit.h:15:2: note: previous implicit declaration of '_InitW5300' was here
   15 |  _InitW5300();
      |  ^~~~~~~~~~
In file included from ../Src/main.c:87:
../Src/_user_code_w5300.h: In function '_InitW5300':
../Src/_user_code_w5300.h:73:2: warning: incompatible implicit declaration of built-in function 'printf'
   73 |  printf("getMR() = %04X\r\n", getMR());
      |  ^~~~~~
../Src/_user_code_w5300.h:73:2: note: include '<stdio.h>' or provide a declaration of 'printf'
../Src/_user_code_w5300.h:68:15: warning: unused variable 'tmpaddr' [-Wunused-variable]
   68 |  unsigned int tmpaddr[4];
      |               ^~~~~~~
In file included from ../Src/main.c:88:
../Src/_user_code_cam.h: In function '_init_cam':
../Src/_user_code_cam.h:115:2: warning: incompatible implicit declaration of built-in function 'printf'
  115 |  printf("camera id = %x\r\n", idc);
      |  ^~~~~~
../Src/_user_code_cam.h:2:1: note: include '<stdio.h>' or provide a declaration of 'printf'
    1 | #include "ov2640.h"
  +++ |+#include <stdio.h>
    2 | 
../Src/_user_code_cam.h:115:23: warning: format '%x' expects argument of type 'unsigned int', but argument 2 has type 'uint32_t' {aka 'volatile long unsigned int'} [-Wformat=]
  115 |  printf("camera id = %x\r\n", idc);
      |                      ~^       ~~~
      |                       |       |
      |                       |       uint32_t {aka volatile long unsigned int}
      |                       unsigned int
      |                      %lx
../Src/main.c: In function 'ProcessCamTcps':
../Src/main.c:140:14: warning: incompatible implicit declaration of built-in function 'printf'
  140 |              printf("Cam Stream Start\r\n");
      |              ^~~~~~
../Src/main.c:89:1: note: include '<stdio.h>' or provide a declaration of 'printf'
   88 | #include "_user_code_cam.h"
  +++ |+#include <stdio.h>
   89 | 
../Src/main.c:145:14: warning: incompatible implicit declaration of built-in function 'printf'
  145 |              printf("Cam Stream Stop\r\n");
      |              ^~~~~~
../Src/main.c:145:14: note: include '<stdio.h>' or provide a declaration of 'printf'
../Src/main.c:151:4: warning: incompatible implicit declaration of built-in function 'printf'
  151 |    printf("rx size=%d \r\n", size);
      |    ^~~~~~
../Src/main.c:151:4: note: include '<stdio.h>' or provide a declaration of 'printf'
../Src/main.c:95:23: warning: unused variable 'sentsize' [-Wunused-variable]
   95 |    uint16_t size = 0, sentsize=0;
      |                       ^~~~~~~~
../Src/main.c: In function 'CamImagTransferLine':
../Src/main.c:201:4: warning: implicit declaration of function 'memcpy' [-Wimplicit-function-declaration]
  201 |    memcpy((uint8_t *)&data_buf[4], (uint8_t *)&FrameBuffer, size);
      |    ^~~~~~
../Src/main.c:201:4: warning: incompatible implicit declaration of built-in function 'memcpy'
../Src/main.c:89:1: note: include '<string.h>' or provide a declaration of 'memcpy'
   88 | #include "_user_code_cam.h"
  +++ |+#include <string.h>
   89 | 
../Src/main.c:191:8: warning: variable 'ret' set but not used [-Wunused-but-set-variable]
  191 |    int ret ;
      |        ^~~
../Src/main.c: In function 'CamImagTransferFrame':
../Src/main.c:211:6: warning: variable 'ret' set but not used [-Wunused-but-set-variable]
  211 |  int ret ;
      |      ^~~
../Src/main.c: In function 'main':
../Src/main.c:291:6: warning: incompatible implicit declaration of built-in function 'printf'
  291 |      printf(">%d, %d\r\n", gFrameCnt, gLineCnt);
      |      ^~~~~~
../Src/main.c:291:6: note: include '<stdio.h>' or provide a declaration of 'printf'
../Src/main.c:291:16: warning: format '%d' expects argument of type 'int', but argument 2 has type 'uint32_t' {aka 'long unsigned int'} [-Wformat=]
  291 |      printf(">%d, %d\r\n", gFrameCnt, gLineCnt);
      |               ~^           ~~~~~~~~~
      |                |           |
      |                int         uint32_t {aka long unsigned int}
      |               %ld
../Src/main.c:291:20: warning: format '%d' expects argument of type 'int', but argument 3 has type 'uint32_t' {aka 'long unsigned int'} [-Wformat=]
  291 |      printf(">%d, %d\r\n", gFrameCnt, gLineCnt);
      |                   ~^                  ~~~~~~~~
      |                    |                  |
      |                    int                uint32_t {aka long unsigned int}
      |                   %ld
../Src/main.c:240:9: warning: unused variable 'page' [-Wunused-variable]
  240 |     int page;
      |         ^~~~
../Src/main.c:239:10: warning: unused variable 'i' [-Wunused-variable]
  239 |     int  i;
      |          ^
arm-none-eabi-gcc -o "ex12_w5300_netcam.elf" @"objects.list"   -mcpu=cortex-m4 -T"D:\WORK\ARM\stm32f4\STM32f4RP_IDE\ex12_w5300_netcam\STM32F417ZGTX_FLASH.ld" --specs=nosys.specs -Wl,-Map="ex12_w5300_netcam.map" -Wl,--gc-sections -static --specs=nano.specs -mfpu=fpv4-sp-d16 -mfloat-abi=hard -mthumb -Wl,--start-group -lc -lm -Wl,--end-group
Finished building target: ex12_w5300_netcam.elf
 
arm-none-eabi-objdump -h -S  ex12_w5300_netcam.elf  > "ex12_w5300_netcam.list"
arm-none-eabi-objcopy  -O binary  ex12_w5300_netcam.elf  "ex12_w5300_netcam.bin"
arm-none-eabi-size   ex12_w5300_netcam.elf 
   text	   data	    bss	    dec	    hex	filename
  24032	    212	   6668	  30912	   78c0	ex12_w5300_netcam.elf
Finished building: default.size.stdout
 
Finished building: ex12_w5300_netcam.bin
 
Finished building: ex12_w5300_netcam.list
 
01:39:30 **** Incremental Build of configuration Debug for project ex12_w5300_netcam ****
make -j8 all 
arm-none-eabi-gcc "../Src/main.c" -mcpu=cortex-m4 -std=gnu11 -g3 -DDEBUG -DUSE_HAL_DRIVER -DSTM32F417xx -c -I../Inc -I../Src -I../Src/ioLibrary_Driver-master/Ethernet -I../Src/ioLibrary_Driver-master/Ethernet/w5300 -I../Drivers/STM32F4xx_HAL_Driver/Inc -I../Drivers/STM32F4xx_HAL_Driver/Inc/Legacy -I../Drivers/CMSIS/Device/ST/STM32F4xx/Include -I../Drivers/CMSIS/Include -Ofast -ffunction-sections -fdata-sections -Wall -fstack-usage -MMD -MP -MF"Src/main.d" -MT"Src/main.o" --specs=nano.specs -mfpu=fpv4-sp-d16 -mfloat-abi=hard -mthumb -o "Src/main.o"
In file included from ../Src/main.c:86:
../Src/_user_code_intit.h: In function 'init_project':
../Src/_user_code_intit.h:15:2: warning: implicit declaration of function '_InitW5300' [-Wimplicit-function-declaration]
   15 |  _InitW5300();
      |  ^~~~~~~~~~
In file included from ../Src/main.c:87:
../Src/_user_code_w5300.h: In function 'print_network_information':
../Src/_user_code_w5300.h:57:5: warning: implicit declaration of function 'printf' [-Wimplicit-function-declaration]
   57 |     printf("Mac address: %02x:%02x:%02x:%02x:%02x:%02x\n\r",gWIZNETINFO.mac[0],gWIZNETINFO.mac[1],gWIZNETINFO.mac[2],gWIZNETINFO.mac[3],gWIZNETINFO.mac[4],gWIZNETINFO.mac[5]);
      |     ^~~~~~
../Src/_user_code_w5300.h:57:5: warning: incompatible implicit declaration of built-in function 'printf'
../Src/_user_code_w5300.h:2:1: note: include '<stdio.h>' or provide a declaration of 'printf'
    1 | #include "socket.h"
  +++ |+#include <stdio.h>
    2 | #include "wizchip_conf.h"
In file included from ../Src/main.c:87:
../Src/_user_code_w5300.h: At top level:
../Src/_user_code_w5300.h:64:6: warning: conflicting types for '_InitW5300'
   64 | void _InitW5300(void);
      |      ^~~~~~~~~~
In file included from ../Src/main.c:86:
../Src/_user_code_intit.h:15:2: note: previous implicit declaration of '_InitW5300' was here
   15 |  _InitW5300();
      |  ^~~~~~~~~~
In file included from ../Src/main.c:87:
../Src/_user_code_w5300.h: In function '_InitW5300':
../Src/_user_code_w5300.h:73:2: warning: incompatible implicit declaration of built-in function 'printf'
   73 |  printf("getMR() = %04X\r\n", getMR());
      |  ^~~~~~
../Src/_user_code_w5300.h:73:2: note: include '<stdio.h>' or provide a declaration of 'printf'
../Src/_user_code_w5300.h:68:15: warning: unused variable 'tmpaddr' [-Wunused-variable]
   68 |  unsigned int tmpaddr[4];
      |               ^~~~~~~
In file included from ../Src/main.c:88:
../Src/_user_code_cam.h: In function '_init_cam':
../Src/_user_code_cam.h:115:2: warning: incompatible implicit declaration of built-in function 'printf'
  115 |  printf("camera id = %x\r\n", idc);
      |  ^~~~~~
../Src/_user_code_cam.h:2:1: note: include '<stdio.h>' or provide a declaration of 'printf'
    1 | #include "ov2640.h"
  +++ |+#include <stdio.h>
    2 | 
../Src/_user_code_cam.h:115:23: warning: format '%x' expects argument of type 'unsigned int', but argument 2 has type 'uint32_t' {aka 'volatile long unsigned int'} [-Wformat=]
  115 |  printf("camera id = %x\r\n", idc);
      |                      ~^       ~~~
      |                       |       |
      |                       |       uint32_t {aka volatile long unsigned int}
      |                       unsigned int
      |                      %lx
../Src/main.c: In function 'ProcessCamTcps':
../Src/main.c:140:14: warning: incompatible implicit declaration of built-in function 'printf'
  140 |              printf("Cam Stream Start\r\n");
      |              ^~~~~~
../Src/main.c:89:1: note: include '<stdio.h>' or provide a declaration of 'printf'
   88 | #include "_user_code_cam.h"
  +++ |+#include <stdio.h>
   89 | 
../Src/main.c:145:14: warning: incompatible implicit declaration of built-in function 'printf'
  145 |              printf("Cam Stream Stop\r\n");
      |              ^~~~~~
../Src/main.c:145:14: note: include '<stdio.h>' or provide a declaration of 'printf'
../Src/main.c:151:4: warning: incompatible implicit declaration of built-in function 'printf'
  151 |    printf("rx size=%d \r\n", size);
      |    ^~~~~~
../Src/main.c:151:4: note: include '<stdio.h>' or provide a declaration of 'printf'
../Src/main.c:95:23: warning: unused variable 'sentsize' [-Wunused-variable]
   95 |    uint16_t size = 0, sentsize=0;
      |                       ^~~~~~~~
../Src/main.c: In function 'CamImagTransferLine':
../Src/main.c:201:4: warning: implicit declaration of function 'memcpy' [-Wimplicit-function-declaration]
  201 |    memcpy((uint8_t *)&data_buf[4], (uint8_t *)&FrameBuffer, size);
      |    ^~~~~~
../Src/main.c:201:4: warning: incompatible implicit declaration of built-in function 'memcpy'
../Src/main.c:89:1: note: include '<string.h>' or provide a declaration of 'memcpy'
   88 | #include "_user_code_cam.h"
  +++ |+#include <string.h>
   89 | 
../Src/main.c:191:8: warning: variable 'ret' set but not used [-Wunused-but-set-variable]
  191 |    int ret ;
      |        ^~~
../Src/main.c: In function 'CamImagTransferFrame':
../Src/main.c:211:6: warning: variable 'ret' set but not used [-Wunused-but-set-variable]
  211 |  int ret ;
      |      ^~~
../Src/main.c: In function 'main':
../Src/main.c:289:6: warning: incompatible implicit declaration of built-in function 'printf'
  289 |      printf(">%d, %d\r\n", gFrameCnt, gLineCnt);
      |      ^~~~~~
../Src/main.c:289:6: note: include '<stdio.h>' or provide a declaration of 'printf'
../Src/main.c:289:16: warning: format '%d' expects argument of type 'int', but argument 2 has type 'uint32_t' {aka 'long unsigned int'} [-Wformat=]
  289 |      printf(">%d, %d\r\n", gFrameCnt, gLineCnt);
      |               ~^           ~~~~~~~~~
      |                |           |
      |                int         uint32_t {aka long unsigned int}
      |               %ld
../Src/main.c:289:20: warning: format '%d' expects argument of type 'int', but argument 3 has type 'uint32_t' {aka 'long unsigned int'} [-Wformat=]
  289 |      printf(">%d, %d\r\n", gFrameCnt, gLineCnt);
      |                   ~^                  ~~~~~~~~
      |                    |                  |
      |                    int                uint32_t {aka long unsigned int}
      |                   %ld
arm-none-eabi-gcc -o "ex12_w5300_netcam.elf" @"objects.list"   -mcpu=cortex-m4 -T"D:\WORK\ARM\stm32f4\STM32f4RP_IDE\ex12_w5300_netcam\STM32F417ZGTX_FLASH.ld" --specs=nosys.specs -Wl,-Map="ex12_w5300_netcam.map" -Wl,--gc-sections -static --specs=nano.specs -mfpu=fpv4-sp-d16 -mfloat-abi=hard -mthumb -Wl,--start-group -lc -lm -Wl,--end-group
Finished building target: ex12_w5300_netcam.elf
 
arm-none-eabi-objdump -h -S  ex12_w5300_netcam.elf  > "ex12_w5300_netcam.list"
arm-none-eabi-objcopy  -O binary  ex12_w5300_netcam.elf  "ex12_w5300_netcam.bin"
arm-none-eabi-size   ex12_w5300_netcam.elf 
   text	   data	    bss	    dec	    hex	filename
  24032	    216	   6664	  30912	   78c0	ex12_w5300_netcam.elf
Finished building: default.size.stdout
 
Finished building: ex12_w5300_netcam.bin
 
Finished building: ex12_w5300_netcam.list
 
09:43:24 **** Incremental Build of configuration Debug for project ex12_w5300_netcam ****
make -j8 all 
arm-none-eabi-gcc "../Src/main.c" -mcpu=cortex-m4 -std=gnu11 -g3 -DDEBUG -DUSE_HAL_DRIVER -DSTM32F417xx -c -I../Inc -I../Src -I../Src/ioLibrary_Driver-master/Ethernet -I../Src/ioLibrary_Driver-master/Ethernet/w5300 -I../Drivers/STM32F4xx_HAL_Driver/Inc -I../Drivers/STM32F4xx_HAL_Driver/Inc/Legacy -I../Drivers/CMSIS/Device/ST/STM32F4xx/Include -I../Drivers/CMSIS/Include -Ofast -ffunction-sections -fdata-sections -Wall -fstack-usage -MMD -MP -MF"Src/main.d" -MT"Src/main.o" --specs=nano.specs -mfpu=fpv4-sp-d16 -mfloat-abi=hard -mthumb -o "Src/main.o"
In file included from ../Src/main.c:86:
../Src/_user_code_intit.h: In function 'init_project':
../Src/_user_code_intit.h:15:2: warning: implicit declaration of function '_InitW5300' [-Wimplicit-function-declaration]
   15 |  _InitW5300();
      |  ^~~~~~~~~~
In file included from ../Src/main.c:87:
../Src/_user_code_w5300.h: In function 'print_network_information':
../Src/_user_code_w5300.h:57:5: warning: implicit declaration of function 'printf' [-Wimplicit-function-declaration]
   57 |     printf("Mac address: %02x:%02x:%02x:%02x:%02x:%02x\n\r",gWIZNETINFO.mac[0],gWIZNETINFO.mac[1],gWIZNETINFO.mac[2],gWIZNETINFO.mac[3],gWIZNETINFO.mac[4],gWIZNETINFO.mac[5]);
      |     ^~~~~~
../Src/_user_code_w5300.h:57:5: warning: incompatible implicit declaration of built-in function 'printf'
../Src/_user_code_w5300.h:2:1: note: include '<stdio.h>' or provide a declaration of 'printf'
    1 | #include "socket.h"
  +++ |+#include <stdio.h>
    2 | #include "wizchip_conf.h"
In file included from ../Src/main.c:87:
../Src/_user_code_w5300.h: At top level:
../Src/_user_code_w5300.h:64:6: warning: conflicting types for '_InitW5300'
   64 | void _InitW5300(void);
      |      ^~~~~~~~~~
In file included from ../Src/main.c:86:
../Src/_user_code_intit.h:15:2: note: previous implicit declaration of '_InitW5300' was here
   15 |  _InitW5300();
      |  ^~~~~~~~~~
In file included from ../Src/main.c:87:
../Src/_user_code_w5300.h: In function '_InitW5300':
../Src/_user_code_w5300.h:73:2: warning: incompatible implicit declaration of built-in function 'printf'
   73 |  printf("getMR() = %04X\r\n", getMR());
      |  ^~~~~~
../Src/_user_code_w5300.h:73:2: note: include '<stdio.h>' or provide a declaration of 'printf'
../Src/_user_code_w5300.h:68:15: warning: unused variable 'tmpaddr' [-Wunused-variable]
   68 |  unsigned int tmpaddr[4];
      |               ^~~~~~~
In file included from ../Src/main.c:88:
../Src/_user_code_cam.h: In function '_init_cam':
../Src/_user_code_cam.h:115:2: warning: incompatible implicit declaration of built-in function 'printf'
  115 |  printf("camera id = %x\r\n", idc);
      |  ^~~~~~
../Src/_user_code_cam.h:2:1: note: include '<stdio.h>' or provide a declaration of 'printf'
    1 | #include "ov2640.h"
  +++ |+#include <stdio.h>
    2 | 
../Src/_user_code_cam.h:115:23: warning: format '%x' expects argument of type 'unsigned int', but argument 2 has type 'uint32_t' {aka 'volatile long unsigned int'} [-Wformat=]
  115 |  printf("camera id = %x\r\n", idc);
      |                      ~^       ~~~
      |                       |       |
      |                       |       uint32_t {aka volatile long unsigned int}
      |                       unsigned int
      |                      %lx
../Src/main.c: In function 'ProcessCamTcps':
../Src/main.c:140:14: warning: incompatible implicit declaration of built-in function 'printf'
  140 |              printf("Cam Stream Start\r\n");
      |              ^~~~~~
../Src/main.c:89:1: note: include '<stdio.h>' or provide a declaration of 'printf'
   88 | #include "_user_code_cam.h"
  +++ |+#include <stdio.h>
   89 | 
../Src/main.c:145:14: warning: incompatible implicit declaration of built-in function 'printf'
  145 |              printf("Cam Stream Stop\r\n");
      |              ^~~~~~
../Src/main.c:145:14: note: include '<stdio.h>' or provide a declaration of 'printf'
../Src/main.c:151:4: warning: incompatible implicit declaration of built-in function 'printf'
  151 |    printf("rx size=%d \r\n", size);
      |    ^~~~~~
../Src/main.c:151:4: note: include '<stdio.h>' or provide a declaration of 'printf'
../Src/main.c:95:23: warning: unused variable 'sentsize' [-Wunused-variable]
   95 |    uint16_t size = 0, sentsize=0;
      |                       ^~~~~~~~
../Src/main.c: In function 'CamImagTransferLine':
../Src/main.c:201:4: warning: implicit declaration of function 'memcpy' [-Wimplicit-function-declaration]
  201 |    memcpy((uint8_t *)&data_buf[4], (uint8_t *)&FrameBuffer, size);
      |    ^~~~~~
../Src/main.c:201:4: warning: incompatible implicit declaration of built-in function 'memcpy'
../Src/main.c:89:1: note: include '<string.h>' or provide a declaration of 'memcpy'
   88 | #include "_user_code_cam.h"
  +++ |+#include <string.h>
   89 | 
../Src/main.c:191:8: warning: variable 'ret' set but not used [-Wunused-but-set-variable]
  191 |    int ret ;
      |        ^~~
../Src/main.c: In function 'CamImagTransferFrame':
../Src/main.c:211:6: warning: variable 'ret' set but not used [-Wunused-but-set-variable]
  211 |  int ret ;
      |      ^~~
../Src/main.c: In function 'main':
../Src/main.c:266:2: warning: incompatible implicit declaration of built-in function 'printf'
  266 |  printf("W5300 Camera Test\r\n");
      |  ^~~~~~
../Src/main.c:266:2: note: include '<stdio.h>' or provide a declaration of 'printf'
../Src/main.c:290:16: warning: format '%d' expects argument of type 'int', but argument 2 has type 'uint32_t' {aka 'long unsigned int'} [-Wformat=]
  290 |      printf(">%d, %d\r\n", gFrameCnt, gLineCnt);
      |               ~^           ~~~~~~~~~
      |                |           |
      |                int         uint32_t {aka long unsigned int}
      |               %ld
../Src/main.c:290:20: warning: format '%d' expects argument of type 'int', but argument 3 has type 'uint32_t' {aka 'long unsigned int'} [-Wformat=]
  290 |      printf(">%d, %d\r\n", gFrameCnt, gLineCnt);
      |                   ~^                  ~~~~~~~~
      |                    |                  |
      |                    int                uint32_t {aka long unsigned int}
      |                   %ld
arm-none-eabi-gcc -o "ex12_w5300_netcam.elf" @"objects.list"   -mcpu=cortex-m4 -T"D:\WORK\ARM\stm32f4\STM32f4RP_IDE\ex12_w5300_netcam\STM32F417ZGTX_FLASH.ld" --specs=nosys.specs -Wl,-Map="ex12_w5300_netcam.map" -Wl,--gc-sections -static --specs=nano.specs -mfpu=fpv4-sp-d16 -mfloat-abi=hard -mthumb -Wl,--start-group -lc -lm -Wl,--end-group
Finished building target: ex12_w5300_netcam.elf
 
arm-none-eabi-objdump -h -S  ex12_w5300_netcam.elf  > "ex12_w5300_netcam.list"
arm-none-eabi-objcopy  -O binary  ex12_w5300_netcam.elf  "ex12_w5300_netcam.bin"
arm-none-eabi-size   ex12_w5300_netcam.elf 
   text	   data	    bss	    dec	    hex	filename
  22304	    132	   6652	  29088	   71a0	ex12_w5300_netcam.elf
Finished building: default.size.stdout
 
Finished building: ex12_w5300_netcam.bin
 
Finished building: ex12_w5300_netcam.list
 
09:44:40 **** Incremental Build of configuration Debug for project ex12_w5300_netcam ****
make -j8 all 
arm-none-eabi-gcc "../Src/main.c" -mcpu=cortex-m4 -std=gnu11 -g3 -DDEBUG -DUSE_HAL_DRIVER -DSTM32F417xx -c -I../Inc -I../Src -I../Src/ioLibrary_Driver-master/Ethernet -I../Src/ioLibrary_Driver-master/Ethernet/w5300 -I../Drivers/STM32F4xx_HAL_Driver/Inc -I../Drivers/STM32F4xx_HAL_Driver/Inc/Legacy -I../Drivers/CMSIS/Device/ST/STM32F4xx/Include -I../Drivers/CMSIS/Include -Ofast -ffunction-sections -fdata-sections -Wall -fstack-usage -MMD -MP -MF"Src/main.d" -MT"Src/main.o" --specs=nano.specs -mfpu=fpv4-sp-d16 -mfloat-abi=hard -mthumb -o "Src/main.o"
In file included from ../Src/main.c:86:
../Src/_user_code_intit.h: In function 'init_project':
../Src/_user_code_intit.h:15:2: warning: implicit declaration of function '_InitW5300' [-Wimplicit-function-declaration]
   15 |  _InitW5300();
      |  ^~~~~~~~~~
In file included from ../Src/main.c:87:
../Src/_user_code_w5300.h: In function 'print_network_information':
../Src/_user_code_w5300.h:57:5: warning: implicit declaration of function 'printf' [-Wimplicit-function-declaration]
   57 |     printf("Mac address: %02x:%02x:%02x:%02x:%02x:%02x\n\r",gWIZNETINFO.mac[0],gWIZNETINFO.mac[1],gWIZNETINFO.mac[2],gWIZNETINFO.mac[3],gWIZNETINFO.mac[4],gWIZNETINFO.mac[5]);
      |     ^~~~~~
../Src/_user_code_w5300.h:57:5: warning: incompatible implicit declaration of built-in function 'printf'
../Src/_user_code_w5300.h:2:1: note: include '<stdio.h>' or provide a declaration of 'printf'
    1 | #include "socket.h"
  +++ |+#include <stdio.h>
    2 | #include "wizchip_conf.h"
In file included from ../Src/main.c:87:
../Src/_user_code_w5300.h: At top level:
../Src/_user_code_w5300.h:64:6: warning: conflicting types for '_InitW5300'
   64 | void _InitW5300(void);
      |      ^~~~~~~~~~
In file included from ../Src/main.c:86:
../Src/_user_code_intit.h:15:2: note: previous implicit declaration of '_InitW5300' was here
   15 |  _InitW5300();
      |  ^~~~~~~~~~
In file included from ../Src/main.c:87:
../Src/_user_code_w5300.h: In function '_InitW5300':
../Src/_user_code_w5300.h:73:2: warning: incompatible implicit declaration of built-in function 'printf'
   73 |  printf("getMR() = %04X\r\n", getMR());
      |  ^~~~~~
../Src/_user_code_w5300.h:73:2: note: include '<stdio.h>' or provide a declaration of 'printf'
../Src/_user_code_w5300.h:68:15: warning: unused variable 'tmpaddr' [-Wunused-variable]
   68 |  unsigned int tmpaddr[4];
      |               ^~~~~~~
In file included from ../Src/main.c:88:
../Src/_user_code_cam.h: In function '_init_cam':
../Src/_user_code_cam.h:115:2: warning: incompatible implicit declaration of built-in function 'printf'
  115 |  printf("camera id = %x\r\n", idc);
      |  ^~~~~~
../Src/_user_code_cam.h:2:1: note: include '<stdio.h>' or provide a declaration of 'printf'
    1 | #include "ov2640.h"
  +++ |+#include <stdio.h>
    2 | 
../Src/_user_code_cam.h:115:23: warning: format '%x' expects argument of type 'unsigned int', but argument 2 has type 'uint32_t' {aka 'volatile long unsigned int'} [-Wformat=]
  115 |  printf("camera id = %x\r\n", idc);
      |                      ~^       ~~~
      |                       |       |
      |                       |       uint32_t {aka volatile long unsigned int}
      |                       unsigned int
      |                      %lx
../Src/main.c: In function 'ProcessCamTcps':
../Src/main.c:140:14: warning: incompatible implicit declaration of built-in function 'printf'
  140 |              printf("Cam Stream Start\r\n");
      |              ^~~~~~
../Src/main.c:89:1: note: include '<stdio.h>' or provide a declaration of 'printf'
   88 | #include "_user_code_cam.h"
  +++ |+#include <stdio.h>
   89 | 
../Src/main.c:145:14: warning: incompatible implicit declaration of built-in function 'printf'
  145 |              printf("Cam Stream Stop\r\n");
      |              ^~~~~~
../Src/main.c:145:14: note: include '<stdio.h>' or provide a declaration of 'printf'
../Src/main.c:151:4: warning: incompatible implicit declaration of built-in function 'printf'
  151 |    printf("rx size=%d \r\n", size);
      |    ^~~~~~
../Src/main.c:151:4: note: include '<stdio.h>' or provide a declaration of 'printf'
../Src/main.c:95:23: warning: unused variable 'sentsize' [-Wunused-variable]
   95 |    uint16_t size = 0, sentsize=0;
      |                       ^~~~~~~~
../Src/main.c: In function 'CamImagTransferLine':
../Src/main.c:201:4: warning: implicit declaration of function 'memcpy' [-Wimplicit-function-declaration]
  201 |    memcpy((uint8_t *)&data_buf[4], (uint8_t *)&FrameBuffer, size);
      |    ^~~~~~
../Src/main.c:201:4: warning: incompatible implicit declaration of built-in function 'memcpy'
../Src/main.c:89:1: note: include '<string.h>' or provide a declaration of 'memcpy'
   88 | #include "_user_code_cam.h"
  +++ |+#include <string.h>
   89 | 
../Src/main.c:191:8: warning: variable 'ret' set but not used [-Wunused-but-set-variable]
  191 |    int ret ;
      |        ^~~
../Src/main.c: In function 'CamImagTransferFrame':
../Src/main.c:211:6: warning: variable 'ret' set but not used [-Wunused-but-set-variable]
  211 |  int ret ;
      |      ^~~
../Src/main.c: In function 'main':
../Src/main.c:266:2: warning: incompatible implicit declaration of built-in function 'printf'
  266 |  printf("W5300 Camera Test\r\n");
      |  ^~~~~~
../Src/main.c:266:2: note: include '<stdio.h>' or provide a declaration of 'printf'
../Src/main.c:290:16: warning: format '%d' expects argument of type 'int', but argument 2 has type 'uint32_t' {aka 'long unsigned int'} [-Wformat=]
  290 |      printf(">%d, %d\r\n", gFrameCnt, gLineCnt);
      |               ~^           ~~~~~~~~~
      |                |           |
      |                int         uint32_t {aka long unsigned int}
      |               %ld
../Src/main.c:290:20: warning: format '%d' expects argument of type 'int', but argument 3 has type 'uint32_t' {aka 'long unsigned int'} [-Wformat=]
  290 |      printf(">%d, %d\r\n", gFrameCnt, gLineCnt);
      |                   ~^                  ~~~~~~~~
      |                    |                  |
      |                    int                uint32_t {aka long unsigned int}
      |                   %ld
arm-none-eabi-gcc -o "ex12_w5300_netcam.elf" @"objects.list"   -mcpu=cortex-m4 -T"D:\WORK\ARM\stm32f4\STM32f4RP_IDE\ex12_w5300_netcam\STM32F417ZGTX_FLASH.ld" --specs=nosys.specs -Wl,-Map="ex12_w5300_netcam.map" -Wl,--gc-sections -static --specs=nano.specs -mfpu=fpv4-sp-d16 -mfloat-abi=hard -mthumb -Wl,--start-group -lc -lm -Wl,--end-group
Finished building target: ex12_w5300_netcam.elf
 
arm-none-eabi-objdump -h -S  ex12_w5300_netcam.elf  > "ex12_w5300_netcam.list"
arm-none-eabi-objcopy  -O binary  ex12_w5300_netcam.elf  "ex12_w5300_netcam.bin"
arm-none-eabi-size   ex12_w5300_netcam.elf 
   text	   data	    bss	    dec	    hex	filename
  24060	    216	   6664	  30940	   78dc	ex12_w5300_netcam.elf
Finished building: default.size.stdout
 
Finished building: ex12_w5300_netcam.bin
 
Finished building: ex12_w5300_netcam.list
 
11:14:12 **** Incremental Build of configuration Debug for project ex12_w5300_netcam ****
make -j8 all 
arm-none-eabi-size   ex12_w5300_netcam.elf 
   text	   data	    bss	    dec	    hex	filename
  24060	    216	   6664	  30940	   78dc	ex12_w5300_netcam.elf
Finished building: default.size.stdout
 
21:05:31 **** Incremental Build of configuration Debug for project ex12_w5300_netcam ****
make -j8 all 
arm-none-eabi-size   ex12_w5300_netcam.elf 
   text	   data	    bss	    dec	    hex	filename
  24060	    216	   6664	  30940	   78dc	ex12_w5300_netcam.elf
Finished building: default.size.stdout
 
